[0.960s] Invoking command in '/home/echedey/Desktop/TFG/TFGwebots_ws/src/tb4_sim': PYTHONPATH=/home/echedey/Desktop/TFG/TFGwebots_ws/build/tb4_sim/prefix_override:/usr/lib/python3/dist-packages/colcon_core/task/python/colcon_distutils_commands:/home/echedey/Desktop/TFG/TFGwebots_ws/install/tb4_sim/lib/python3.10/site-packages:${PYTHONPATH} /usr/bin/python3 -W ignore:setup.py install is deprecated -W ignore:easy_install command is deprecated setup.py egg_info --egg-base ../../build/tb4_sim build --build-base /home/echedey/Desktop/TFG/TFGwebots_ws/build/tb4_sim/build install --record /home/echedey/Desktop/TFG/TFGwebots_ws/build/tb4_sim/install.log --single-version-externally-managed install_data
[1.191s] running egg_info
[1.192s] creating ../../build/tb4_sim/tb4_sim.egg-info
[1.192s] writing ../../build/tb4_sim/tb4_sim.egg-info/PKG-INFO
[1.192s] writing dependency_links to ../../build/tb4_sim/tb4_sim.egg-info/dependency_links.txt
[1.193s] writing entry points to ../../build/tb4_sim/tb4_sim.egg-info/entry_points.txt
[1.193s] writing requirements to ../../build/tb4_sim/tb4_sim.egg-info/requires.txt
[1.193s] writing top-level names to ../../build/tb4_sim/tb4_sim.egg-info/top_level.txt
[1.193s] writing manifest file '../../build/tb4_sim/tb4_sim.egg-info/SOURCES.txt'
[1.196s] reading manifest file '../../build/tb4_sim/tb4_sim.egg-info/SOURCES.txt'
[1.196s] writing manifest file '../../build/tb4_sim/tb4_sim.egg-info/SOURCES.txt'
[1.197s] running build
[1.197s] running build_py
[1.197s] creating /home/echedey/Desktop/TFG/TFGwebots_ws/build/tb4_sim/build
[1.197s] creating /home/echedey/Desktop/TFG/TFGwebots_ws/build/tb4_sim/build/lib
[1.197s] creating /home/echedey/Desktop/TFG/TFGwebots_ws/build/tb4_sim/build/lib/tb4_sim
[1.197s] copying tb4_sim/__init__.py -> /home/echedey/Desktop/TFG/TFGwebots_ws/build/tb4_sim/build/lib/tb4_sim
[1.197s] running install
[1.197s] running install_lib
[1.198s] creating /home/echedey/Desktop/TFG/TFGwebots_ws/install/tb4_sim/lib/python3.10/site-packages/tb4_sim
[1.198s] copying /home/echedey/Desktop/TFG/TFGwebots_ws/build/tb4_sim/build/lib/tb4_sim/__init__.py -> /home/echedey/Desktop/TFG/TFGwebots_ws/install/tb4_sim/lib/python3.10/site-packages/tb4_sim
[1.199s] byte-compiling /home/echedey/Desktop/TFG/TFGwebots_ws/install/tb4_sim/lib/python3.10/site-packages/tb4_sim/__init__.py to __init__.cpython-310.pyc
[1.199s] running install_data
[1.199s] creating /home/echedey/Desktop/TFG/TFGwebots_ws/install/tb4_sim/share/ament_index
[1.199s] creating /home/echedey/Desktop/TFG/TFGwebots_ws/install/tb4_sim/share/ament_index/resource_index
[1.199s] creating /home/echedey/Desktop/TFG/TFGwebots_ws/install/tb4_sim/share/ament_index/resource_index/packages
[1.199s] copying resource/tb4_sim -> /home/echedey/Desktop/TFG/TFGwebots_ws/install/tb4_sim/share/ament_index/resource_index/packages
[1.200s] creating /home/echedey/Desktop/TFG/TFGwebots_ws/install/tb4_sim/share/tb4_sim/launch
[1.200s] copying launch/tb4_launcher.py -> /home/echedey/Desktop/TFG/TFGwebots_ws/install/tb4_sim/share/tb4_sim/launch
[1.200s] creating /home/echedey/Desktop/TFG/TFGwebots_ws/install/tb4_sim/share/tb4_sim/resource
[1.200s] copying resource/tb4_raw.urdf -> /home/echedey/Desktop/TFG/TFGwebots_ws/install/tb4_sim/share/tb4_sim/resource
[1.200s] copying resource/tb4_webots.xacro -> /home/echedey/Desktop/TFG/TFGwebots_ws/install/tb4_sim/share/tb4_sim/resource
[1.200s] copying resource/tb4_control.yaml -> /home/echedey/Desktop/TFG/TFGwebots_ws/install/tb4_sim/share/tb4_sim/resource
[1.200s] copying resource/helper.xacro -> /home/echedey/Desktop/TFG/TFGwebots_ws/install/tb4_sim/share/tb4_sim/resource
[1.200s] creating /home/echedey/Desktop/TFG/TFGwebots_ws/install/tb4_sim/share/tb4_sim/worlds
[1.200s] copying worlds/house.wbt -> /home/echedey/Desktop/TFG/TFGwebots_ws/install/tb4_sim/share/tb4_sim/worlds
[1.200s] copying package.xml -> /home/echedey/Desktop/TFG/TFGwebots_ws/install/tb4_sim/share/tb4_sim
[1.200s] running install_egg_info
[1.202s] Copying ../../build/tb4_sim/tb4_sim.egg-info to /home/echedey/Desktop/TFG/TFGwebots_ws/install/tb4_sim/lib/python3.10/site-packages/tb4_sim-0.1.0-py3.10.egg-info
[1.203s] running install_scripts
[1.224s] writing list of installed files to '/home/echedey/Desktop/TFG/TFGwebots_ws/build/tb4_sim/install.log'
[1.274s] Invoked command in '/home/echedey/Desktop/TFG/TFGwebots_ws/src/tb4_sim' returned '0': PYTHONPATH=/home/echedey/Desktop/TFG/TFGwebots_ws/build/tb4_sim/prefix_override:/usr/lib/python3/dist-packages/colcon_core/task/python/colcon_distutils_commands:/home/echedey/Desktop/TFG/TFGwebots_ws/install/tb4_sim/lib/python3.10/site-packages:${PYTHONPATH} /usr/bin/python3 -W ignore:setup.py install is deprecated -W ignore:easy_install command is deprecated setup.py egg_info --egg-base ../../build/tb4_sim build --build-base /home/echedey/Desktop/TFG/TFGwebots_ws/build/tb4_sim/build install --record /home/echedey/Desktop/TFG/TFGwebots_ws/build/tb4_sim/install.log --single-version-externally-managed install_data
