[0.922s] Invoking command in '/home/echedey/Desktop/TFG/TFGwebots_ws/build/formas': PYTHONPATH=/home/echedey/Desktop/TFG/TFGwebots_ws/build/formas/prefix_override:/usr/lib/python3/dist-packages/colcon_core/task/python/colcon_distutils_commands:/home/echedey/Desktop/TFG/TFGwebots_ws/install/formas/lib/python3.10/site-packages:${PYTHONPATH} /usr/bin/python3 -W ignore:setup.py install is deprecated -W ignore:easy_install command is deprecated setup.py develop --uninstall --editable --build-directory /home/echedey/Desktop/TFG/TFGwebots_ws/build/formas/build
[1.147s] running develop
[1.319s] Removing /home/echedey/Desktop/TFG/TFGwebots_ws/install/formas/lib/python3.10/site-packages/formas.egg-link (link to .)
[1.390s] Invoked command in '/home/echedey/Desktop/TFG/TFGwebots_ws/build/formas' returned '0': PYTHONPATH=/home/echedey/Desktop/TFG/TFGwebots_ws/build/formas/prefix_override:/usr/lib/python3/dist-packages/colcon_core/task/python/colcon_distutils_commands:/home/echedey/Desktop/TFG/TFGwebots_ws/install/formas/lib/python3.10/site-packages:${PYTHONPATH} /usr/bin/python3 -W ignore:setup.py install is deprecated -W ignore:easy_install command is deprecated setup.py develop --uninstall --editable --build-directory /home/echedey/Desktop/TFG/TFGwebots_ws/build/formas/build
[1.394s] Invoking command in '/home/echedey/Desktop/TFG/TFGwebots_ws/src/formas': PYTHONPATH=/home/echedey/Desktop/TFG/TFGwebots_ws/build/formas/prefix_override:/usr/lib/python3/dist-packages/colcon_core/task/python/colcon_distutils_commands:/home/echedey/Desktop/TFG/TFGwebots_ws/install/formas/lib/python3.10/site-packages:${PYTHONPATH} /usr/bin/python3 -W ignore:setup.py install is deprecated -W ignore:easy_install command is deprecated setup.py egg_info --egg-base ../../build/formas build --build-base /home/echedey/Desktop/TFG/TFGwebots_ws/build/formas/build install --record /home/echedey/Desktop/TFG/TFGwebots_ws/build/formas/install.log --single-version-externally-managed install_data --force
[1.604s] running egg_info
[1.605s] writing ../../build/formas/formas.egg-info/PKG-INFO
[1.605s] writing dependency_links to ../../build/formas/formas.egg-info/dependency_links.txt
[1.605s] writing entry points to ../../build/formas/formas.egg-info/entry_points.txt
[1.606s] writing requirements to ../../build/formas/formas.egg-info/requires.txt
[1.606s] writing top-level names to ../../build/formas/formas.egg-info/top_level.txt
[1.608s] reading manifest file '../../build/formas/formas.egg-info/SOURCES.txt'
[1.609s] writing manifest file '../../build/formas/formas.egg-info/SOURCES.txt'
[1.609s] running build
[1.609s] running build_py
[1.609s] copying formas/linea_recta.py -> /home/echedey/Desktop/TFG/TFGwebots_ws/build/formas/build/lib/formas
[1.610s] running install
[1.610s] running install_lib
[1.611s] creating /home/echedey/Desktop/TFG/TFGwebots_ws/install/formas/lib/python3.10/site-packages/formas
[1.611s] copying /home/echedey/Desktop/TFG/TFGwebots_ws/build/formas/build/lib/formas/__init__.py -> /home/echedey/Desktop/TFG/TFGwebots_ws/install/formas/lib/python3.10/site-packages/formas
[1.611s] copying /home/echedey/Desktop/TFG/TFGwebots_ws/build/formas/build/lib/formas/linea_recta.py -> /home/echedey/Desktop/TFG/TFGwebots_ws/install/formas/lib/python3.10/site-packages/formas
[1.611s] copying /home/echedey/Desktop/TFG/TFGwebots_ws/build/formas/build/lib/formas/sala_completa.py -> /home/echedey/Desktop/TFG/TFGwebots_ws/install/formas/lib/python3.10/site-packages/formas
[1.611s] copying /home/echedey/Desktop/TFG/TFGwebots_ws/build/formas/build/lib/formas/cuadrado.py -> /home/echedey/Desktop/TFG/TFGwebots_ws/install/formas/lib/python3.10/site-packages/formas
[1.612s] byte-compiling /home/echedey/Desktop/TFG/TFGwebots_ws/install/formas/lib/python3.10/site-packages/formas/__init__.py to __init__.cpython-310.pyc
[1.612s] byte-compiling /home/echedey/Desktop/TFG/TFGwebots_ws/install/formas/lib/python3.10/site-packages/formas/linea_recta.py to linea_recta.cpython-310.pyc
[1.613s] byte-compiling /home/echedey/Desktop/TFG/TFGwebots_ws/install/formas/lib/python3.10/site-packages/formas/sala_completa.py to sala_completa.cpython-310.pyc
[1.613s] byte-compiling /home/echedey/Desktop/TFG/TFGwebots_ws/install/formas/lib/python3.10/site-packages/formas/cuadrado.py to cuadrado.cpython-310.pyc
[1.614s] running install_data
[1.614s] copying resource/formas -> /home/echedey/Desktop/TFG/TFGwebots_ws/install/formas/share/ament_index/resource_index/packages
[1.615s] copying package.xml -> /home/echedey/Desktop/TFG/TFGwebots_ws/install/formas/share/formas
[1.615s] running install_egg_info
[1.617s] Copying ../../build/formas/formas.egg-info to /home/echedey/Desktop/TFG/TFGwebots_ws/install/formas/lib/python3.10/site-packages/formas-0.0.0-py3.10.egg-info
[1.618s] running install_scripts
[1.639s] Installing cuadrado script to /home/echedey/Desktop/TFG/TFGwebots_ws/install/formas/lib/formas
[1.639s] Installing linea_recta script to /home/echedey/Desktop/TFG/TFGwebots_ws/install/formas/lib/formas
[1.640s] Installing sala script to /home/echedey/Desktop/TFG/TFGwebots_ws/install/formas/lib/formas
[1.640s] writing list of installed files to '/home/echedey/Desktop/TFG/TFGwebots_ws/build/formas/install.log'
[1.696s] Invoked command in '/home/echedey/Desktop/TFG/TFGwebots_ws/src/formas' returned '0': PYTHONPATH=/home/echedey/Desktop/TFG/TFGwebots_ws/build/formas/prefix_override:/usr/lib/python3/dist-packages/colcon_core/task/python/colcon_distutils_commands:/home/echedey/Desktop/TFG/TFGwebots_ws/install/formas/lib/python3.10/site-packages:${PYTHONPATH} /usr/bin/python3 -W ignore:setup.py install is deprecated -W ignore:easy_install command is deprecated setup.py egg_info --egg-base ../../build/formas build --build-base /home/echedey/Desktop/TFG/TFGwebots_ws/build/formas/build install --record /home/echedey/Desktop/TFG/TFGwebots_ws/build/formas/install.log --single-version-externally-managed install_data --force
