[0.099s] DEBUG:colcon:Command line arguments: ['/usr/bin/colcon', 'build']
[0.099s] DEBUG:colcon:Parsed command line arguments: Namespace(log_base=None, log_level=None, verb_name='build', build_base='build', install_base='install', merge_install=False, symlink_install=False, test_result_base=None, continue_on_error=False, executor='parallel', parallel_workers=16, event_handlers=None, ignore_user_meta=False, metas=['./colcon.meta'], base_paths=['.'], packages_ignore=None, packages_ignore_regex=None, paths=None, packages_up_to=None, packages_up_to_regex=None, packages_above=None, packages_above_and_dependencies=None, packages_above_depth=None, packages_select_by_dep=None, packages_skip_by_dep=None, packages_skip_up_to=None, packages_select_build_failed=False, packages_skip_build_finished=False, packages_select_test_failures=False, packages_skip_test_passed=False, packages_select=None, packages_skip=None, packages_select_regex=None, packages_skip_regex=None, packages_start=None, packages_end=None, allow_overriding=[], cmake_args=None, cmake_target=None, cmake_target_skip_unavailable=False, cmake_clean_cache=False, cmake_clean_first=False, cmake_force_configure=False, ament_cmake_args=None, catkin_cmake_args=None, catkin_skip_building_tests=False, mixin_files=None, mixin=None, verb_parser=<colcon_mixin.mixin.mixin_argument.MixinArgumentDecorator object at 0x71e499912d70>, verb_extension=<colcon_core.verb.build.BuildVerb object at 0x71e4998d02b0>, main=<bound method BuildVerb.main of <colcon_core.verb.build.BuildVerb object at 0x71e4998d02b0>>, mixin_verb=('build',))
[0.257s] Level 1:colcon.colcon_core.package_discovery:discover_packages(colcon_meta) check parameters
[0.257s] Level 1:colcon.colcon_core.package_discovery:discover_packages(recursive) check parameters
[0.258s] Level 1:colcon.colcon_core.package_discovery:discover_packages(ignore) check parameters
[0.258s] Level 1:colcon.colcon_core.package_discovery:discover_packages(path) check parameters
[0.258s] Level 1:colcon.colcon_core.package_discovery:discover_packages(colcon_meta) discover
[0.258s] Level 1:colcon.colcon_core.package_discovery:discover_packages(recursive) discover
[0.258s] INFO:colcon.colcon_core.package_discovery:Crawling recursively for packages in '/home/echedey/Desktop/TFG/TFGwebots_ws'
[0.258s] Level 1:colcon.colcon_core.package_identification:_identify(.) by extensions ['ignore', 'ignore_ament_install']
[0.258s] Level 1:colcon.colcon_core.package_identification:_identify(.) by extension 'ignore'
[0.258s] Level 1:colcon.colcon_core.package_identification:_identify(.) by extension 'ignore_ament_install'
[0.258s] Level 1:colcon.colcon_core.package_identification:_identify(.) by extensions ['colcon_pkg']
[0.258s] Level 1:colcon.colcon_core.package_identification:_identify(.) by extension 'colcon_pkg'
[0.258s] Level 1:colcon.colcon_core.package_identification:_identify(.) by extensions ['colcon_meta']
[0.258s] Level 1:colcon.colcon_core.package_identification:_identify(.) by extension 'colcon_meta'
[0.258s] Level 1:colcon.colcon_core.package_identification:_identify(.) by extensions ['ros']
[0.258s] Level 1:colcon.colcon_core.package_identification:_identify(.) by extension 'ros'
[0.267s] Level 1:colcon.colcon_core.package_identification:_identify(.) by extensions ['cmake', 'python']
[0.268s] Level 1:colcon.colcon_core.package_identification:_identify(.) by extension 'cmake'
[0.268s] Level 1:colcon.colcon_core.package_identification:_identify(.) by extension 'python'
[0.268s] Level 1:colcon.colcon_core.package_identification:_identify(.) by extensions ['python_setup_py']
[0.268s] Level 1:colcon.colcon_core.package_identification:_identify(.) by extension 'python_setup_py'
[0.268s] Level 1:colcon.colcon_core.package_identification:_identify(View_frames) by extensions ['ignore', 'ignore_ament_install']
[0.268s] Level 1:colcon.colcon_core.package_identification:_identify(View_frames) by extension 'ignore'
[0.268s] Level 1:colcon.colcon_core.package_identification:_identify(View_frames) by extension 'ignore_ament_install'
[0.268s] Level 1:colcon.colcon_core.package_identification:_identify(View_frames) by extensions ['colcon_pkg']
[0.268s] Level 1:colcon.colcon_core.package_identification:_identify(View_frames) by extension 'colcon_pkg'
[0.268s] Level 1:colcon.colcon_core.package_identification:_identify(View_frames) by extensions ['colcon_meta']
[0.268s] Level 1:colcon.colcon_core.package_identification:_identify(View_frames) by extension 'colcon_meta'
[0.268s] Level 1:colcon.colcon_core.package_identification:_identify(View_frames) by extensions ['ros']
[0.268s] Level 1:colcon.colcon_core.package_identification:_identify(View_frames) by extension 'ros'
[0.268s] Level 1:colcon.colcon_core.package_identification:_identify(View_frames) by extensions ['cmake', 'python']
[0.268s] Level 1:colcon.colcon_core.package_identification:_identify(View_frames) by extension 'cmake'
[0.268s] Level 1:colcon.colcon_core.package_identification:_identify(View_frames) by extension 'python'
[0.268s] Level 1:colcon.colcon_core.package_identification:_identify(View_frames) by extensions ['python_setup_py']
[0.268s] Level 1:colcon.colcon_core.package_identification:_identify(View_frames) by extension 'python_setup_py'
[0.268s] Level 1:colcon.colcon_core.package_identification:_identify(build) by extensions ['ignore', 'ignore_ament_install']
[0.268s] Level 1:colcon.colcon_core.package_identification:_identify(build) by extension 'ignore'
[0.268s] Level 1:colcon.colcon_core.package_identification:_identify(build) ignored
[0.268s] Level 1:colcon.colcon_core.package_identification:_identify(install) by extensions ['ignore', 'ignore_ament_install']
[0.268s] Level 1:colcon.colcon_core.package_identification:_identify(install) by extension 'ignore'
[0.268s] Level 1:colcon.colcon_core.package_identification:_identify(install) ignored
[0.269s] Level 1:colcon.colcon_core.package_identification:_identify(log) by extensions ['ignore', 'ignore_ament_install']
[0.269s] Level 1:colcon.colcon_core.package_identification:_identify(log) by extension 'ignore'
[0.269s] Level 1:colcon.colcon_core.package_identification:_identify(log) ignored
[0.269s] Level 1:colcon.colcon_core.package_identification:_identify(simulaciones) by extensions ['ignore', 'ignore_ament_install']
[0.269s] Level 1:colcon.colcon_core.package_identification:_identify(simulaciones) by extension 'ignore'
[0.269s] Level 1:colcon.colcon_core.package_identification:_identify(simulaciones) by extension 'ignore_ament_install'
[0.269s] Level 1:colcon.colcon_core.package_identification:_identify(simulaciones) by extensions ['colcon_pkg']
[0.269s] Level 1:colcon.colcon_core.package_identification:_identify(simulaciones) by extension 'colcon_pkg'
[0.269s] Level 1:colcon.colcon_core.package_identification:_identify(simulaciones) by extensions ['colcon_meta']
[0.269s] Level 1:colcon.colcon_core.package_identification:_identify(simulaciones) by extension 'colcon_meta'
[0.269s] Level 1:colcon.colcon_core.package_identification:_identify(simulaciones) by extensions ['ros']
[0.269s] Level 1:colcon.colcon_core.package_identification:_identify(simulaciones) by extension 'ros'
[0.269s] Level 1:colcon.colcon_core.package_identification:_identify(simulaciones) by extensions ['cmake', 'python']
[0.269s] Level 1:colcon.colcon_core.package_identification:_identify(simulaciones) by extension 'cmake'
[0.269s] Level 1:colcon.colcon_core.package_identification:_identify(simulaciones) by extension 'python'
[0.269s] Level 1:colcon.colcon_core.package_identification:_identify(simulaciones) by extensions ['python_setup_py']
[0.269s] Level 1:colcon.colcon_core.package_identification:_identify(simulaciones) by extension 'python_setup_py'
[0.269s] Level 1:colcon.colcon_core.package_identification:_identify(simulaciones/2025-06-08_22-55-51 ideal) by extensions ['ignore', 'ignore_ament_install']
[0.269s] Level 1:colcon.colcon_core.package_identification:_identify(simulaciones/2025-06-08_22-55-51 ideal) by extension 'ignore'
[0.269s] Level 1:colcon.colcon_core.package_identification:_identify(simulaciones/2025-06-08_22-55-51 ideal) by extension 'ignore_ament_install'
[0.269s] Level 1:colcon.colcon_core.package_identification:_identify(simulaciones/2025-06-08_22-55-51 ideal) by extensions ['colcon_pkg']
[0.269s] Level 1:colcon.colcon_core.package_identification:_identify(simulaciones/2025-06-08_22-55-51 ideal) by extension 'colcon_pkg'
[0.269s] Level 1:colcon.colcon_core.package_identification:_identify(simulaciones/2025-06-08_22-55-51 ideal) by extensions ['colcon_meta']
[0.269s] Level 1:colcon.colcon_core.package_identification:_identify(simulaciones/2025-06-08_22-55-51 ideal) by extension 'colcon_meta'
[0.269s] Level 1:colcon.colcon_core.package_identification:_identify(simulaciones/2025-06-08_22-55-51 ideal) by extensions ['ros']
[0.269s] Level 1:colcon.colcon_core.package_identification:_identify(simulaciones/2025-06-08_22-55-51 ideal) by extension 'ros'
[0.270s] Level 1:colcon.colcon_core.package_identification:_identify(simulaciones/2025-06-08_22-55-51 ideal) by extensions ['cmake', 'python']
[0.270s] Level 1:colcon.colcon_core.package_identification:_identify(simulaciones/2025-06-08_22-55-51 ideal) by extension 'cmake'
[0.270s] Level 1:colcon.colcon_core.package_identification:_identify(simulaciones/2025-06-08_22-55-51 ideal) by extension 'python'
[0.270s] Level 1:colcon.colcon_core.package_identification:_identify(simulaciones/2025-06-08_22-55-51 ideal) by extensions ['python_setup_py']
[0.270s] Level 1:colcon.colcon_core.package_identification:_identify(simulaciones/2025-06-08_22-55-51 ideal) by extension 'python_setup_py'
[0.270s] Level 1:colcon.colcon_core.package_identification:_identify(simulaciones/2025-06-08_23-08-58 ideal) by extensions ['ignore', 'ignore_ament_install']
[0.270s] Level 1:colcon.colcon_core.package_identification:_identify(simulaciones/2025-06-08_23-08-58 ideal) by extension 'ignore'
[0.270s] Level 1:colcon.colcon_core.package_identification:_identify(simulaciones/2025-06-08_23-08-58 ideal) by extension 'ignore_ament_install'
[0.270s] Level 1:colcon.colcon_core.package_identification:_identify(simulaciones/2025-06-08_23-08-58 ideal) by extensions ['colcon_pkg']
[0.270s] Level 1:colcon.colcon_core.package_identification:_identify(simulaciones/2025-06-08_23-08-58 ideal) by extension 'colcon_pkg'
[0.270s] Level 1:colcon.colcon_core.package_identification:_identify(simulaciones/2025-06-08_23-08-58 ideal) by extensions ['colcon_meta']
[0.270s] Level 1:colcon.colcon_core.package_identification:_identify(simulaciones/2025-06-08_23-08-58 ideal) by extension 'colcon_meta'
[0.270s] Level 1:colcon.colcon_core.package_identification:_identify(simulaciones/2025-06-08_23-08-58 ideal) by extensions ['ros']
[0.270s] Level 1:colcon.colcon_core.package_identification:_identify(simulaciones/2025-06-08_23-08-58 ideal) by extension 'ros'
[0.270s] Level 1:colcon.colcon_core.package_identification:_identify(simulaciones/2025-06-08_23-08-58 ideal) by extensions ['cmake', 'python']
[0.270s] Level 1:colcon.colcon_core.package_identification:_identify(simulaciones/2025-06-08_23-08-58 ideal) by extension 'cmake'
[0.270s] Level 1:colcon.colcon_core.package_identification:_identify(simulaciones/2025-06-08_23-08-58 ideal) by extension 'python'
[0.270s] Level 1:colcon.colcon_core.package_identification:_identify(simulaciones/2025-06-08_23-08-58 ideal) by extensions ['python_setup_py']
[0.270s] Level 1:colcon.colcon_core.package_identification:_identify(simulaciones/2025-06-08_23-08-58 ideal) by extension 'python_setup_py'
[0.270s] Level 1:colcon.colcon_core.package_identification:_identify(simulaciones/2025-06-08_23-09-58 ideal) by extensions ['ignore', 'ignore_ament_install']
[0.270s] Level 1:colcon.colcon_core.package_identification:_identify(simulaciones/2025-06-08_23-09-58 ideal) by extension 'ignore'
[0.270s] Level 1:colcon.colcon_core.package_identification:_identify(simulaciones/2025-06-08_23-09-58 ideal) by extension 'ignore_ament_install'
[0.270s] Level 1:colcon.colcon_core.package_identification:_identify(simulaciones/2025-06-08_23-09-58 ideal) by extensions ['colcon_pkg']
[0.270s] Level 1:colcon.colcon_core.package_identification:_identify(simulaciones/2025-06-08_23-09-58 ideal) by extension 'colcon_pkg'
[0.270s] Level 1:colcon.colcon_core.package_identification:_identify(simulaciones/2025-06-08_23-09-58 ideal) by extensions ['colcon_meta']
[0.270s] Level 1:colcon.colcon_core.package_identification:_identify(simulaciones/2025-06-08_23-09-58 ideal) by extension 'colcon_meta'
[0.270s] Level 1:colcon.colcon_core.package_identification:_identify(simulaciones/2025-06-08_23-09-58 ideal) by extensions ['ros']
[0.270s] Level 1:colcon.colcon_core.package_identification:_identify(simulaciones/2025-06-08_23-09-58 ideal) by extension 'ros'
[0.270s] Level 1:colcon.colcon_core.package_identification:_identify(simulaciones/2025-06-08_23-09-58 ideal) by extensions ['cmake', 'python']
[0.271s] Level 1:colcon.colcon_core.package_identification:_identify(simulaciones/2025-06-08_23-09-58 ideal) by extension 'cmake'
[0.271s] Level 1:colcon.colcon_core.package_identification:_identify(simulaciones/2025-06-08_23-09-58 ideal) by extension 'python'
[0.271s] Level 1:colcon.colcon_core.package_identification:_identify(simulaciones/2025-06-08_23-09-58 ideal) by extensions ['python_setup_py']
[0.271s] Level 1:colcon.colcon_core.package_identification:_identify(simulaciones/2025-06-08_23-09-58 ideal) by extension 'python_setup_py'
[0.271s] Level 1:colcon.colcon_core.package_identification:_identify(simulaciones/2025-06-08_23-13-32) by extensions ['ignore', 'ignore_ament_install']
[0.271s] Level 1:colcon.colcon_core.package_identification:_identify(simulaciones/2025-06-08_23-13-32) by extension 'ignore'
[0.271s] Level 1:colcon.colcon_core.package_identification:_identify(simulaciones/2025-06-08_23-13-32) by extension 'ignore_ament_install'
[0.271s] Level 1:colcon.colcon_core.package_identification:_identify(simulaciones/2025-06-08_23-13-32) by extensions ['colcon_pkg']
[0.271s] Level 1:colcon.colcon_core.package_identification:_identify(simulaciones/2025-06-08_23-13-32) by extension 'colcon_pkg'
[0.271s] Level 1:colcon.colcon_core.package_identification:_identify(simulaciones/2025-06-08_23-13-32) by extensions ['colcon_meta']
[0.271s] Level 1:colcon.colcon_core.package_identification:_identify(simulaciones/2025-06-08_23-13-32) by extension 'colcon_meta'
[0.271s] Level 1:colcon.colcon_core.package_identification:_identify(simulaciones/2025-06-08_23-13-32) by extensions ['ros']
[0.271s] Level 1:colcon.colcon_core.package_identification:_identify(simulaciones/2025-06-08_23-13-32) by extension 'ros'
[0.271s] Level 1:colcon.colcon_core.package_identification:_identify(simulaciones/2025-06-08_23-13-32) by extensions ['cmake', 'python']
[0.271s] Level 1:colcon.colcon_core.package_identification:_identify(simulaciones/2025-06-08_23-13-32) by extension 'cmake'
[0.271s] Level 1:colcon.colcon_core.package_identification:_identify(simulaciones/2025-06-08_23-13-32) by extension 'python'
[0.271s] Level 1:colcon.colcon_core.package_identification:_identify(simulaciones/2025-06-08_23-13-32) by extensions ['python_setup_py']
[0.271s] Level 1:colcon.colcon_core.package_identification:_identify(simulaciones/2025-06-08_23-13-32) by extension 'python_setup_py'
[0.271s] Level 1:colcon.colcon_core.package_identification:_identify(simulaciones/2025-06-08_23-18-47) by extensions ['ignore', 'ignore_ament_install']
[0.271s] Level 1:colcon.colcon_core.package_identification:_identify(simulaciones/2025-06-08_23-18-47) by extension 'ignore'
[0.271s] Level 1:colcon.colcon_core.package_identification:_identify(simulaciones/2025-06-08_23-18-47) by extension 'ignore_ament_install'
[0.271s] Level 1:colcon.colcon_core.package_identification:_identify(simulaciones/2025-06-08_23-18-47) by extensions ['colcon_pkg']
[0.271s] Level 1:colcon.colcon_core.package_identification:_identify(simulaciones/2025-06-08_23-18-47) by extension 'colcon_pkg'
[0.271s] Level 1:colcon.colcon_core.package_identification:_identify(simulaciones/2025-06-08_23-18-47) by extensions ['colcon_meta']
[0.271s] Level 1:colcon.colcon_core.package_identification:_identify(simulaciones/2025-06-08_23-18-47) by extension 'colcon_meta'
[0.271s] Level 1:colcon.colcon_core.package_identification:_identify(simulaciones/2025-06-08_23-18-47) by extensions ['ros']
[0.271s] Level 1:colcon.colcon_core.package_identification:_identify(simulaciones/2025-06-08_23-18-47) by extension 'ros'
[0.271s] Level 1:colcon.colcon_core.package_identification:_identify(simulaciones/2025-06-08_23-18-47) by extensions ['cmake', 'python']
[0.271s] Level 1:colcon.colcon_core.package_identification:_identify(simulaciones/2025-06-08_23-18-47) by extension 'cmake'
[0.271s] Level 1:colcon.colcon_core.package_identification:_identify(simulaciones/2025-06-08_23-18-47) by extension 'python'
[0.272s] Level 1:colcon.colcon_core.package_identification:_identify(simulaciones/2025-06-08_23-18-47) by extensions ['python_setup_py']
[0.272s] Level 1:colcon.colcon_core.package_identification:_identify(simulaciones/2025-06-08_23-18-47) by extension 'python_setup_py'
[0.272s] Level 1:colcon.colcon_core.package_identification:_identify(simulaciones/2025-06-08_23-20-23 ideal) by extensions ['ignore', 'ignore_ament_install']
[0.272s] Level 1:colcon.colcon_core.package_identification:_identify(simulaciones/2025-06-08_23-20-23 ideal) by extension 'ignore'
[0.272s] Level 1:colcon.colcon_core.package_identification:_identify(simulaciones/2025-06-08_23-20-23 ideal) by extension 'ignore_ament_install'
[0.272s] Level 1:colcon.colcon_core.package_identification:_identify(simulaciones/2025-06-08_23-20-23 ideal) by extensions ['colcon_pkg']
[0.272s] Level 1:colcon.colcon_core.package_identification:_identify(simulaciones/2025-06-08_23-20-23 ideal) by extension 'colcon_pkg'
[0.272s] Level 1:colcon.colcon_core.package_identification:_identify(simulaciones/2025-06-08_23-20-23 ideal) by extensions ['colcon_meta']
[0.272s] Level 1:colcon.colcon_core.package_identification:_identify(simulaciones/2025-06-08_23-20-23 ideal) by extension 'colcon_meta'
[0.272s] Level 1:colcon.colcon_core.package_identification:_identify(simulaciones/2025-06-08_23-20-23 ideal) by extensions ['ros']
[0.272s] Level 1:colcon.colcon_core.package_identification:_identify(simulaciones/2025-06-08_23-20-23 ideal) by extension 'ros'
[0.272s] Level 1:colcon.colcon_core.package_identification:_identify(simulaciones/2025-06-08_23-20-23 ideal) by extensions ['cmake', 'python']
[0.272s] Level 1:colcon.colcon_core.package_identification:_identify(simulaciones/2025-06-08_23-20-23 ideal) by extension 'cmake'
[0.272s] Level 1:colcon.colcon_core.package_identification:_identify(simulaciones/2025-06-08_23-20-23 ideal) by extension 'python'
[0.272s] Level 1:colcon.colcon_core.package_identification:_identify(simulaciones/2025-06-08_23-20-23 ideal) by extensions ['python_setup_py']
[0.272s] Level 1:colcon.colcon_core.package_identification:_identify(simulaciones/2025-06-08_23-20-23 ideal) by extension 'python_setup_py'
[0.272s] Level 1:colcon.colcon_core.package_identification:_identify(simulaciones/2025-06-08_23-29-29) by extensions ['ignore', 'ignore_ament_install']
[0.272s] Level 1:colcon.colcon_core.package_identification:_identify(simulaciones/2025-06-08_23-29-29) by extension 'ignore'
[0.272s] Level 1:colcon.colcon_core.package_identification:_identify(simulaciones/2025-06-08_23-29-29) by extension 'ignore_ament_install'
[0.272s] Level 1:colcon.colcon_core.package_identification:_identify(simulaciones/2025-06-08_23-29-29) by extensions ['colcon_pkg']
[0.272s] Level 1:colcon.colcon_core.package_identification:_identify(simulaciones/2025-06-08_23-29-29) by extension 'colcon_pkg'
[0.272s] Level 1:colcon.colcon_core.package_identification:_identify(simulaciones/2025-06-08_23-29-29) by extensions ['colcon_meta']
[0.272s] Level 1:colcon.colcon_core.package_identification:_identify(simulaciones/2025-06-08_23-29-29) by extension 'colcon_meta'
[0.272s] Level 1:colcon.colcon_core.package_identification:_identify(simulaciones/2025-06-08_23-29-29) by extensions ['ros']
[0.272s] Level 1:colcon.colcon_core.package_identification:_identify(simulaciones/2025-06-08_23-29-29) by extension 'ros'
[0.272s] Level 1:colcon.colcon_core.package_identification:_identify(simulaciones/2025-06-08_23-29-29) by extensions ['cmake', 'python']
[0.272s] Level 1:colcon.colcon_core.package_identification:_identify(simulaciones/2025-06-08_23-29-29) by extension 'cmake'
[0.272s] Level 1:colcon.colcon_core.package_identification:_identify(simulaciones/2025-06-08_23-29-29) by extension 'python'
[0.272s] Level 1:colcon.colcon_core.package_identification:_identify(simulaciones/2025-06-08_23-29-29) by extensions ['python_setup_py']
[0.272s] Level 1:colcon.colcon_core.package_identification:_identify(simulaciones/2025-06-08_23-29-29) by extension 'python_setup_py'
[0.272s] Level 1:colcon.colcon_core.package_identification:_identify(simulaciones/2025-06-08_23-29-51) by extensions ['ignore', 'ignore_ament_install']
[0.273s] Level 1:colcon.colcon_core.package_identification:_identify(simulaciones/2025-06-08_23-29-51) by extension 'ignore'
[0.273s] Level 1:colcon.colcon_core.package_identification:_identify(simulaciones/2025-06-08_23-29-51) by extension 'ignore_ament_install'
[0.273s] Level 1:colcon.colcon_core.package_identification:_identify(simulaciones/2025-06-08_23-29-51) by extensions ['colcon_pkg']
[0.273s] Level 1:colcon.colcon_core.package_identification:_identify(simulaciones/2025-06-08_23-29-51) by extension 'colcon_pkg'
[0.273s] Level 1:colcon.colcon_core.package_identification:_identify(simulaciones/2025-06-08_23-29-51) by extensions ['colcon_meta']
[0.273s] Level 1:colcon.colcon_core.package_identification:_identify(simulaciones/2025-06-08_23-29-51) by extension 'colcon_meta'
[0.273s] Level 1:colcon.colcon_core.package_identification:_identify(simulaciones/2025-06-08_23-29-51) by extensions ['ros']
[0.273s] Level 1:colcon.colcon_core.package_identification:_identify(simulaciones/2025-06-08_23-29-51) by extension 'ros'
[0.273s] Level 1:colcon.colcon_core.package_identification:_identify(simulaciones/2025-06-08_23-29-51) by extensions ['cmake', 'python']
[0.273s] Level 1:colcon.colcon_core.package_identification:_identify(simulaciones/2025-06-08_23-29-51) by extension 'cmake'
[0.273s] Level 1:colcon.colcon_core.package_identification:_identify(simulaciones/2025-06-08_23-29-51) by extension 'python'
[0.273s] Level 1:colcon.colcon_core.package_identification:_identify(simulaciones/2025-06-08_23-29-51) by extensions ['python_setup_py']
[0.273s] Level 1:colcon.colcon_core.package_identification:_identify(simulaciones/2025-06-08_23-29-51) by extension 'python_setup_py'
[0.273s] Level 1:colcon.colcon_core.package_identification:_identify(simulaciones/2025-06-09_12-01-15) by extensions ['ignore', 'ignore_ament_install']
[0.273s] Level 1:colcon.colcon_core.package_identification:_identify(simulaciones/2025-06-09_12-01-15) by extension 'ignore'
[0.273s] Level 1:colcon.colcon_core.package_identification:_identify(simulaciones/2025-06-09_12-01-15) by extension 'ignore_ament_install'
[0.273s] Level 1:colcon.colcon_core.package_identification:_identify(simulaciones/2025-06-09_12-01-15) by extensions ['colcon_pkg']
[0.273s] Level 1:colcon.colcon_core.package_identification:_identify(simulaciones/2025-06-09_12-01-15) by extension 'colcon_pkg'
[0.273s] Level 1:colcon.colcon_core.package_identification:_identify(simulaciones/2025-06-09_12-01-15) by extensions ['colcon_meta']
[0.273s] Level 1:colcon.colcon_core.package_identification:_identify(simulaciones/2025-06-09_12-01-15) by extension 'colcon_meta'
[0.273s] Level 1:colcon.colcon_core.package_identification:_identify(simulaciones/2025-06-09_12-01-15) by extensions ['ros']
[0.273s] Level 1:colcon.colcon_core.package_identification:_identify(simulaciones/2025-06-09_12-01-15) by extension 'ros'
[0.273s] Level 1:colcon.colcon_core.package_identification:_identify(simulaciones/2025-06-09_12-01-15) by extensions ['cmake', 'python']
[0.273s] Level 1:colcon.colcon_core.package_identification:_identify(simulaciones/2025-06-09_12-01-15) by extension 'cmake'
[0.273s] Level 1:colcon.colcon_core.package_identification:_identify(simulaciones/2025-06-09_12-01-15) by extension 'python'
[0.273s] Level 1:colcon.colcon_core.package_identification:_identify(simulaciones/2025-06-09_12-01-15) by extensions ['python_setup_py']
[0.273s] Level 1:colcon.colcon_core.package_identification:_identify(simulaciones/2025-06-09_12-01-15) by extension 'python_setup_py'
[0.273s] Level 1:colcon.colcon_core.package_identification:_identify(simulaciones/2025-06-09_12-02-17) by extensions ['ignore', 'ignore_ament_install']
[0.273s] Level 1:colcon.colcon_core.package_identification:_identify(simulaciones/2025-06-09_12-02-17) by extension 'ignore'
[0.273s] Level 1:colcon.colcon_core.package_identification:_identify(simulaciones/2025-06-09_12-02-17) by extension 'ignore_ament_install'
[0.274s] Level 1:colcon.colcon_core.package_identification:_identify(simulaciones/2025-06-09_12-02-17) by extensions ['colcon_pkg']
[0.274s] Level 1:colcon.colcon_core.package_identification:_identify(simulaciones/2025-06-09_12-02-17) by extension 'colcon_pkg'
[0.274s] Level 1:colcon.colcon_core.package_identification:_identify(simulaciones/2025-06-09_12-02-17) by extensions ['colcon_meta']
[0.274s] Level 1:colcon.colcon_core.package_identification:_identify(simulaciones/2025-06-09_12-02-17) by extension 'colcon_meta'
[0.274s] Level 1:colcon.colcon_core.package_identification:_identify(simulaciones/2025-06-09_12-02-17) by extensions ['ros']
[0.274s] Level 1:colcon.colcon_core.package_identification:_identify(simulaciones/2025-06-09_12-02-17) by extension 'ros'
[0.274s] Level 1:colcon.colcon_core.package_identification:_identify(simulaciones/2025-06-09_12-02-17) by extensions ['cmake', 'python']
[0.274s] Level 1:colcon.colcon_core.package_identification:_identify(simulaciones/2025-06-09_12-02-17) by extension 'cmake'
[0.274s] Level 1:colcon.colcon_core.package_identification:_identify(simulaciones/2025-06-09_12-02-17) by extension 'python'
[0.274s] Level 1:colcon.colcon_core.package_identification:_identify(simulaciones/2025-06-09_12-02-17) by extensions ['python_setup_py']
[0.274s] Level 1:colcon.colcon_core.package_identification:_identify(simulaciones/2025-06-09_12-02-17) by extension 'python_setup_py'
[0.274s] Level 1:colcon.colcon_core.package_identification:_identify(simulaciones/2025-06-09_12-03-43) by extensions ['ignore', 'ignore_ament_install']
[0.274s] Level 1:colcon.colcon_core.package_identification:_identify(simulaciones/2025-06-09_12-03-43) by extension 'ignore'
[0.274s] Level 1:colcon.colcon_core.package_identification:_identify(simulaciones/2025-06-09_12-03-43) by extension 'ignore_ament_install'
[0.274s] Level 1:colcon.colcon_core.package_identification:_identify(simulaciones/2025-06-09_12-03-43) by extensions ['colcon_pkg']
[0.274s] Level 1:colcon.colcon_core.package_identification:_identify(simulaciones/2025-06-09_12-03-43) by extension 'colcon_pkg'
[0.274s] Level 1:colcon.colcon_core.package_identification:_identify(simulaciones/2025-06-09_12-03-43) by extensions ['colcon_meta']
[0.274s] Level 1:colcon.colcon_core.package_identification:_identify(simulaciones/2025-06-09_12-03-43) by extension 'colcon_meta'
[0.274s] Level 1:colcon.colcon_core.package_identification:_identify(simulaciones/2025-06-09_12-03-43) by extensions ['ros']
[0.274s] Level 1:colcon.colcon_core.package_identification:_identify(simulaciones/2025-06-09_12-03-43) by extension 'ros'
[0.274s] Level 1:colcon.colcon_core.package_identification:_identify(simulaciones/2025-06-09_12-03-43) by extensions ['cmake', 'python']
[0.274s] Level 1:colcon.colcon_core.package_identification:_identify(simulaciones/2025-06-09_12-03-43) by extension 'cmake'
[0.274s] Level 1:colcon.colcon_core.package_identification:_identify(simulaciones/2025-06-09_12-03-43) by extension 'python'
[0.274s] Level 1:colcon.colcon_core.package_identification:_identify(simulaciones/2025-06-09_12-03-43) by extensions ['python_setup_py']
[0.274s] Level 1:colcon.colcon_core.package_identification:_identify(simulaciones/2025-06-09_12-03-43) by extension 'python_setup_py'
[0.274s] Level 1:colcon.colcon_core.package_identification:_identify(simulaciones/2025-06-11_17-30-17) by extensions ['ignore', 'ignore_ament_install']
[0.274s] Level 1:colcon.colcon_core.package_identification:_identify(simulaciones/2025-06-11_17-30-17) by extension 'ignore'
[0.274s] Level 1:colcon.colcon_core.package_identification:_identify(simulaciones/2025-06-11_17-30-17) by extension 'ignore_ament_install'
[0.274s] Level 1:colcon.colcon_core.package_identification:_identify(simulaciones/2025-06-11_17-30-17) by extensions ['colcon_pkg']
[0.274s] Level 1:colcon.colcon_core.package_identification:_identify(simulaciones/2025-06-11_17-30-17) by extension 'colcon_pkg'
[0.274s] Level 1:colcon.colcon_core.package_identification:_identify(simulaciones/2025-06-11_17-30-17) by extensions ['colcon_meta']
[0.275s] Level 1:colcon.colcon_core.package_identification:_identify(simulaciones/2025-06-11_17-30-17) by extension 'colcon_meta'
[0.275s] Level 1:colcon.colcon_core.package_identification:_identify(simulaciones/2025-06-11_17-30-17) by extensions ['ros']
[0.275s] Level 1:colcon.colcon_core.package_identification:_identify(simulaciones/2025-06-11_17-30-17) by extension 'ros'
[0.275s] Level 1:colcon.colcon_core.package_identification:_identify(simulaciones/2025-06-11_17-30-17) by extensions ['cmake', 'python']
[0.275s] Level 1:colcon.colcon_core.package_identification:_identify(simulaciones/2025-06-11_17-30-17) by extension 'cmake'
[0.275s] Level 1:colcon.colcon_core.package_identification:_identify(simulaciones/2025-06-11_17-30-17) by extension 'python'
[0.275s] Level 1:colcon.colcon_core.package_identification:_identify(simulaciones/2025-06-11_17-30-17) by extensions ['python_setup_py']
[0.275s] Level 1:colcon.colcon_core.package_identification:_identify(simulaciones/2025-06-11_17-30-17) by extension 'python_setup_py'
[0.275s] Level 1:colcon.colcon_core.package_identification:_identify(simulaciones/2025-06-11_17-49-46) by extensions ['ignore', 'ignore_ament_install']
[0.275s] Level 1:colcon.colcon_core.package_identification:_identify(simulaciones/2025-06-11_17-49-46) by extension 'ignore'
[0.275s] Level 1:colcon.colcon_core.package_identification:_identify(simulaciones/2025-06-11_17-49-46) by extension 'ignore_ament_install'
[0.275s] Level 1:colcon.colcon_core.package_identification:_identify(simulaciones/2025-06-11_17-49-46) by extensions ['colcon_pkg']
[0.275s] Level 1:colcon.colcon_core.package_identification:_identify(simulaciones/2025-06-11_17-49-46) by extension 'colcon_pkg'
[0.275s] Level 1:colcon.colcon_core.package_identification:_identify(simulaciones/2025-06-11_17-49-46) by extensions ['colcon_meta']
[0.275s] Level 1:colcon.colcon_core.package_identification:_identify(simulaciones/2025-06-11_17-49-46) by extension 'colcon_meta'
[0.275s] Level 1:colcon.colcon_core.package_identification:_identify(simulaciones/2025-06-11_17-49-46) by extensions ['ros']
[0.275s] Level 1:colcon.colcon_core.package_identification:_identify(simulaciones/2025-06-11_17-49-46) by extension 'ros'
[0.275s] Level 1:colcon.colcon_core.package_identification:_identify(simulaciones/2025-06-11_17-49-46) by extensions ['cmake', 'python']
[0.275s] Level 1:colcon.colcon_core.package_identification:_identify(simulaciones/2025-06-11_17-49-46) by extension 'cmake'
[0.275s] Level 1:colcon.colcon_core.package_identification:_identify(simulaciones/2025-06-11_17-49-46) by extension 'python'
[0.275s] Level 1:colcon.colcon_core.package_identification:_identify(simulaciones/2025-06-11_17-49-46) by extensions ['python_setup_py']
[0.275s] Level 1:colcon.colcon_core.package_identification:_identify(simulaciones/2025-06-11_17-49-46) by extension 'python_setup_py'
[0.275s] Level 1:colcon.colcon_core.package_identification:_identify(simulaciones/2025-06-11_17-50-58) by extensions ['ignore', 'ignore_ament_install']
[0.275s] Level 1:colcon.colcon_core.package_identification:_identify(simulaciones/2025-06-11_17-50-58) by extension 'ignore'
[0.275s] Level 1:colcon.colcon_core.package_identification:_identify(simulaciones/2025-06-11_17-50-58) by extension 'ignore_ament_install'
[0.275s] Level 1:colcon.colcon_core.package_identification:_identify(simulaciones/2025-06-11_17-50-58) by extensions ['colcon_pkg']
[0.275s] Level 1:colcon.colcon_core.package_identification:_identify(simulaciones/2025-06-11_17-50-58) by extension 'colcon_pkg'
[0.275s] Level 1:colcon.colcon_core.package_identification:_identify(simulaciones/2025-06-11_17-50-58) by extensions ['colcon_meta']
[0.275s] Level 1:colcon.colcon_core.package_identification:_identify(simulaciones/2025-06-11_17-50-58) by extension 'colcon_meta'
[0.275s] Level 1:colcon.colcon_core.package_identification:_identify(simulaciones/2025-06-11_17-50-58) by extensions ['ros']
[0.275s] Level 1:colcon.colcon_core.package_identification:_identify(simulaciones/2025-06-11_17-50-58) by extension 'ros'
[0.276s] Level 1:colcon.colcon_core.package_identification:_identify(simulaciones/2025-06-11_17-50-58) by extensions ['cmake', 'python']
[0.276s] Level 1:colcon.colcon_core.package_identification:_identify(simulaciones/2025-06-11_17-50-58) by extension 'cmake'
[0.276s] Level 1:colcon.colcon_core.package_identification:_identify(simulaciones/2025-06-11_17-50-58) by extension 'python'
[0.276s] Level 1:colcon.colcon_core.package_identification:_identify(simulaciones/2025-06-11_17-50-58) by extensions ['python_setup_py']
[0.276s] Level 1:colcon.colcon_core.package_identification:_identify(simulaciones/2025-06-11_17-50-58) by extension 'python_setup_py'
[0.276s] Level 1:colcon.colcon_core.package_identification:_identify(simulaciones/2025-06-12_16-37-31) by extensions ['ignore', 'ignore_ament_install']
[0.276s] Level 1:colcon.colcon_core.package_identification:_identify(simulaciones/2025-06-12_16-37-31) by extension 'ignore'
[0.276s] Level 1:colcon.colcon_core.package_identification:_identify(simulaciones/2025-06-12_16-37-31) by extension 'ignore_ament_install'
[0.276s] Level 1:colcon.colcon_core.package_identification:_identify(simulaciones/2025-06-12_16-37-31) by extensions ['colcon_pkg']
[0.276s] Level 1:colcon.colcon_core.package_identification:_identify(simulaciones/2025-06-12_16-37-31) by extension 'colcon_pkg'
[0.276s] Level 1:colcon.colcon_core.package_identification:_identify(simulaciones/2025-06-12_16-37-31) by extensions ['colcon_meta']
[0.276s] Level 1:colcon.colcon_core.package_identification:_identify(simulaciones/2025-06-12_16-37-31) by extension 'colcon_meta'
[0.276s] Level 1:colcon.colcon_core.package_identification:_identify(simulaciones/2025-06-12_16-37-31) by extensions ['ros']
[0.276s] Level 1:colcon.colcon_core.package_identification:_identify(simulaciones/2025-06-12_16-37-31) by extension 'ros'
[0.276s] Level 1:colcon.colcon_core.package_identification:_identify(simulaciones/2025-06-12_16-37-31) by extensions ['cmake', 'python']
[0.276s] Level 1:colcon.colcon_core.package_identification:_identify(simulaciones/2025-06-12_16-37-31) by extension 'cmake'
[0.276s] Level 1:colcon.colcon_core.package_identification:_identify(simulaciones/2025-06-12_16-37-31) by extension 'python'
[0.276s] Level 1:colcon.colcon_core.package_identification:_identify(simulaciones/2025-06-12_16-37-31) by extensions ['python_setup_py']
[0.276s] Level 1:colcon.colcon_core.package_identification:_identify(simulaciones/2025-06-12_16-37-31) by extension 'python_setup_py'
[0.276s] Level 1:colcon.colcon_core.package_identification:_identify(simulaciones/2025-06-12_16-38-24 simulacion 3 vueltas) by extensions ['ignore', 'ignore_ament_install']
[0.276s] Level 1:colcon.colcon_core.package_identification:_identify(simulaciones/2025-06-12_16-38-24 simulacion 3 vueltas) by extension 'ignore'
[0.276s] Level 1:colcon.colcon_core.package_identification:_identify(simulaciones/2025-06-12_16-38-24 simulacion 3 vueltas) by extension 'ignore_ament_install'
[0.276s] Level 1:colcon.colcon_core.package_identification:_identify(simulaciones/2025-06-12_16-38-24 simulacion 3 vueltas) by extensions ['colcon_pkg']
[0.276s] Level 1:colcon.colcon_core.package_identification:_identify(simulaciones/2025-06-12_16-38-24 simulacion 3 vueltas) by extension 'colcon_pkg'
[0.276s] Level 1:colcon.colcon_core.package_identification:_identify(simulaciones/2025-06-12_16-38-24 simulacion 3 vueltas) by extensions ['colcon_meta']
[0.276s] Level 1:colcon.colcon_core.package_identification:_identify(simulaciones/2025-06-12_16-38-24 simulacion 3 vueltas) by extension 'colcon_meta'
[0.276s] Level 1:colcon.colcon_core.package_identification:_identify(simulaciones/2025-06-12_16-38-24 simulacion 3 vueltas) by extensions ['ros']
[0.276s] Level 1:colcon.colcon_core.package_identification:_identify(simulaciones/2025-06-12_16-38-24 simulacion 3 vueltas) by extension 'ros'
[0.276s] Level 1:colcon.colcon_core.package_identification:_identify(simulaciones/2025-06-12_16-38-24 simulacion 3 vueltas) by extensions ['cmake', 'python']
[0.277s] Level 1:colcon.colcon_core.package_identification:_identify(simulaciones/2025-06-12_16-38-24 simulacion 3 vueltas) by extension 'cmake'
[0.277s] Level 1:colcon.colcon_core.package_identification:_identify(simulaciones/2025-06-12_16-38-24 simulacion 3 vueltas) by extension 'python'
[0.277s] Level 1:colcon.colcon_core.package_identification:_identify(simulaciones/2025-06-12_16-38-24 simulacion 3 vueltas) by extensions ['python_setup_py']
[0.277s] Level 1:colcon.colcon_core.package_identification:_identify(simulaciones/2025-06-12_16-38-24 simulacion 3 vueltas) by extension 'python_setup_py'
[0.277s] Level 1:colcon.colcon_core.package_identification:_identify(simulaciones/Prueba_2) by extensions ['ignore', 'ignore_ament_install']
[0.277s] Level 1:colcon.colcon_core.package_identification:_identify(simulaciones/Prueba_2) by extension 'ignore'
[0.277s] Level 1:colcon.colcon_core.package_identification:_identify(simulaciones/Prueba_2) by extension 'ignore_ament_install'
[0.277s] Level 1:colcon.colcon_core.package_identification:_identify(simulaciones/Prueba_2) by extensions ['colcon_pkg']
[0.277s] Level 1:colcon.colcon_core.package_identification:_identify(simulaciones/Prueba_2) by extension 'colcon_pkg'
[0.277s] Level 1:colcon.colcon_core.package_identification:_identify(simulaciones/Prueba_2) by extensions ['colcon_meta']
[0.277s] Level 1:colcon.colcon_core.package_identification:_identify(simulaciones/Prueba_2) by extension 'colcon_meta'
[0.277s] Level 1:colcon.colcon_core.package_identification:_identify(simulaciones/Prueba_2) by extensions ['ros']
[0.277s] Level 1:colcon.colcon_core.package_identification:_identify(simulaciones/Prueba_2) by extension 'ros'
[0.277s] Level 1:colcon.colcon_core.package_identification:_identify(simulaciones/Prueba_2) by extensions ['cmake', 'python']
[0.277s] Level 1:colcon.colcon_core.package_identification:_identify(simulaciones/Prueba_2) by extension 'cmake'
[0.277s] Level 1:colcon.colcon_core.package_identification:_identify(simulaciones/Prueba_2) by extension 'python'
[0.277s] Level 1:colcon.colcon_core.package_identification:_identify(simulaciones/Prueba_2) by extensions ['python_setup_py']
[0.277s] Level 1:colcon.colcon_core.package_identification:_identify(simulaciones/Prueba_2) by extension 'python_setup_py'
[0.277s] Level 1:colcon.colcon_core.package_identification:_identify(simulaciones/Prueba_3) by extensions ['ignore', 'ignore_ament_install']
[0.277s] Level 1:colcon.colcon_core.package_identification:_identify(simulaciones/Prueba_3) by extension 'ignore'
[0.277s] Level 1:colcon.colcon_core.package_identification:_identify(simulaciones/Prueba_3) by extension 'ignore_ament_install'
[0.277s] Level 1:colcon.colcon_core.package_identification:_identify(simulaciones/Prueba_3) by extensions ['colcon_pkg']
[0.277s] Level 1:colcon.colcon_core.package_identification:_identify(simulaciones/Prueba_3) by extension 'colcon_pkg'
[0.277s] Level 1:colcon.colcon_core.package_identification:_identify(simulaciones/Prueba_3) by extensions ['colcon_meta']
[0.277s] Level 1:colcon.colcon_core.package_identification:_identify(simulaciones/Prueba_3) by extension 'colcon_meta'
[0.277s] Level 1:colcon.colcon_core.package_identification:_identify(simulaciones/Prueba_3) by extensions ['ros']
[0.277s] Level 1:colcon.colcon_core.package_identification:_identify(simulaciones/Prueba_3) by extension 'ros'
[0.277s] Level 1:colcon.colcon_core.package_identification:_identify(simulaciones/Prueba_3) by extensions ['cmake', 'python']
[0.277s] Level 1:colcon.colcon_core.package_identification:_identify(simulaciones/Prueba_3) by extension 'cmake'
[0.277s] Level 1:colcon.colcon_core.package_identification:_identify(simulaciones/Prueba_3) by extension 'python'
[0.278s] Level 1:colcon.colcon_core.package_identification:_identify(simulaciones/Prueba_3) by extensions ['python_setup_py']
[0.278s] Level 1:colcon.colcon_core.package_identification:_identify(simulaciones/Prueba_3) by extension 'python_setup_py'
[0.278s] Level 1:colcon.colcon_core.package_identification:_identify(simulaciones/Prueba_4) by extensions ['ignore', 'ignore_ament_install']
[0.278s] Level 1:colcon.colcon_core.package_identification:_identify(simulaciones/Prueba_4) by extension 'ignore'
[0.278s] Level 1:colcon.colcon_core.package_identification:_identify(simulaciones/Prueba_4) by extension 'ignore_ament_install'
[0.278s] Level 1:colcon.colcon_core.package_identification:_identify(simulaciones/Prueba_4) by extensions ['colcon_pkg']
[0.278s] Level 1:colcon.colcon_core.package_identification:_identify(simulaciones/Prueba_4) by extension 'colcon_pkg'
[0.278s] Level 1:colcon.colcon_core.package_identification:_identify(simulaciones/Prueba_4) by extensions ['colcon_meta']
[0.278s] Level 1:colcon.colcon_core.package_identification:_identify(simulaciones/Prueba_4) by extension 'colcon_meta'
[0.278s] Level 1:colcon.colcon_core.package_identification:_identify(simulaciones/Prueba_4) by extensions ['ros']
[0.278s] Level 1:colcon.colcon_core.package_identification:_identify(simulaciones/Prueba_4) by extension 'ros'
[0.278s] Level 1:colcon.colcon_core.package_identification:_identify(simulaciones/Prueba_4) by extensions ['cmake', 'python']
[0.278s] Level 1:colcon.colcon_core.package_identification:_identify(simulaciones/Prueba_4) by extension 'cmake'
[0.278s] Level 1:colcon.colcon_core.package_identification:_identify(simulaciones/Prueba_4) by extension 'python'
[0.278s] Level 1:colcon.colcon_core.package_identification:_identify(simulaciones/Prueba_4) by extensions ['python_setup_py']
[0.278s] Level 1:colcon.colcon_core.package_identification:_identify(simulaciones/Prueba_4) by extension 'python_setup_py'
[0.278s] Level 1:colcon.colcon_core.package_identification:_identify(simulaciones/Prueba_5) by extensions ['ignore', 'ignore_ament_install']
[0.278s] Level 1:colcon.colcon_core.package_identification:_identify(simulaciones/Prueba_5) by extension 'ignore'
[0.278s] Level 1:colcon.colcon_core.package_identification:_identify(simulaciones/Prueba_5) by extension 'ignore_ament_install'
[0.278s] Level 1:colcon.colcon_core.package_identification:_identify(simulaciones/Prueba_5) by extensions ['colcon_pkg']
[0.278s] Level 1:colcon.colcon_core.package_identification:_identify(simulaciones/Prueba_5) by extension 'colcon_pkg'
[0.278s] Level 1:colcon.colcon_core.package_identification:_identify(simulaciones/Prueba_5) by extensions ['colcon_meta']
[0.278s] Level 1:colcon.colcon_core.package_identification:_identify(simulaciones/Prueba_5) by extension 'colcon_meta'
[0.278s] Level 1:colcon.colcon_core.package_identification:_identify(simulaciones/Prueba_5) by extensions ['ros']
[0.278s] Level 1:colcon.colcon_core.package_identification:_identify(simulaciones/Prueba_5) by extension 'ros'
[0.278s] Level 1:colcon.colcon_core.package_identification:_identify(simulaciones/Prueba_5) by extensions ['cmake', 'python']
[0.278s] Level 1:colcon.colcon_core.package_identification:_identify(simulaciones/Prueba_5) by extension 'cmake'
[0.278s] Level 1:colcon.colcon_core.package_identification:_identify(simulaciones/Prueba_5) by extension 'python'
[0.278s] Level 1:colcon.colcon_core.package_identification:_identify(simulaciones/Prueba_5) by extensions ['python_setup_py']
[0.278s] Level 1:colcon.colcon_core.package_identification:_identify(simulaciones/Prueba_5) by extension 'python_setup_py'
[0.279s] Level 1:colcon.colcon_core.package_identification:_identify(simulaciones/Prueba_6) by extensions ['ignore', 'ignore_ament_install']
[0.279s] Level 1:colcon.colcon_core.package_identification:_identify(simulaciones/Prueba_6) by extension 'ignore'
[0.279s] Level 1:colcon.colcon_core.package_identification:_identify(simulaciones/Prueba_6) by extension 'ignore_ament_install'
[0.279s] Level 1:colcon.colcon_core.package_identification:_identify(simulaciones/Prueba_6) by extensions ['colcon_pkg']
[0.279s] Level 1:colcon.colcon_core.package_identification:_identify(simulaciones/Prueba_6) by extension 'colcon_pkg'
[0.279s] Level 1:colcon.colcon_core.package_identification:_identify(simulaciones/Prueba_6) by extensions ['colcon_meta']
[0.279s] Level 1:colcon.colcon_core.package_identification:_identify(simulaciones/Prueba_6) by extension 'colcon_meta'
[0.279s] Level 1:colcon.colcon_core.package_identification:_identify(simulaciones/Prueba_6) by extensions ['ros']
[0.279s] Level 1:colcon.colcon_core.package_identification:_identify(simulaciones/Prueba_6) by extension 'ros'
[0.279s] Level 1:colcon.colcon_core.package_identification:_identify(simulaciones/Prueba_6) by extensions ['cmake', 'python']
[0.279s] Level 1:colcon.colcon_core.package_identification:_identify(simulaciones/Prueba_6) by extension 'cmake'
[0.279s] Level 1:colcon.colcon_core.package_identification:_identify(simulaciones/Prueba_6) by extension 'python'
[0.279s] Level 1:colcon.colcon_core.package_identification:_identify(simulaciones/Prueba_6) by extensions ['python_setup_py']
[0.279s] Level 1:colcon.colcon_core.package_identification:_identify(simulaciones/Prueba_6) by extension 'python_setup_py'
[0.279s] Level 1:colcon.colcon_core.package_identification:_identify(simulaciones/Prueba_7) by extensions ['ignore', 'ignore_ament_install']
[0.279s] Level 1:colcon.colcon_core.package_identification:_identify(simulaciones/Prueba_7) by extension 'ignore'
[0.279s] Level 1:colcon.colcon_core.package_identification:_identify(simulaciones/Prueba_7) by extension 'ignore_ament_install'
[0.279s] Level 1:colcon.colcon_core.package_identification:_identify(simulaciones/Prueba_7) by extensions ['colcon_pkg']
[0.279s] Level 1:colcon.colcon_core.package_identification:_identify(simulaciones/Prueba_7) by extension 'colcon_pkg'
[0.279s] Level 1:colcon.colcon_core.package_identification:_identify(simulaciones/Prueba_7) by extensions ['colcon_meta']
[0.279s] Level 1:colcon.colcon_core.package_identification:_identify(simulaciones/Prueba_7) by extension 'colcon_meta'
[0.279s] Level 1:colcon.colcon_core.package_identification:_identify(simulaciones/Prueba_7) by extensions ['ros']
[0.279s] Level 1:colcon.colcon_core.package_identification:_identify(simulaciones/Prueba_7) by extension 'ros'
[0.279s] Level 1:colcon.colcon_core.package_identification:_identify(simulaciones/Prueba_7) by extensions ['cmake', 'python']
[0.279s] Level 1:colcon.colcon_core.package_identification:_identify(simulaciones/Prueba_7) by extension 'cmake'
[0.279s] Level 1:colcon.colcon_core.package_identification:_identify(simulaciones/Prueba_7) by extension 'python'
[0.279s] Level 1:colcon.colcon_core.package_identification:_identify(simulaciones/Prueba_7) by extensions ['python_setup_py']
[0.279s] Level 1:colcon.colcon_core.package_identification:_identify(simulaciones/Prueba_7) by extension 'python_setup_py'
[0.280s] Level 1:colcon.colcon_core.package_identification:_identify(simulaciones/Prueba_8) by extensions ['ignore', 'ignore_ament_install']
[0.280s] Level 1:colcon.colcon_core.package_identification:_identify(simulaciones/Prueba_8) by extension 'ignore'
[0.280s] Level 1:colcon.colcon_core.package_identification:_identify(simulaciones/Prueba_8) by extension 'ignore_ament_install'
[0.280s] Level 1:colcon.colcon_core.package_identification:_identify(simulaciones/Prueba_8) by extensions ['colcon_pkg']
[0.280s] Level 1:colcon.colcon_core.package_identification:_identify(simulaciones/Prueba_8) by extension 'colcon_pkg'
[0.280s] Level 1:colcon.colcon_core.package_identification:_identify(simulaciones/Prueba_8) by extensions ['colcon_meta']
[0.280s] Level 1:colcon.colcon_core.package_identification:_identify(simulaciones/Prueba_8) by extension 'colcon_meta'
[0.280s] Level 1:colcon.colcon_core.package_identification:_identify(simulaciones/Prueba_8) by extensions ['ros']
[0.280s] Level 1:colcon.colcon_core.package_identification:_identify(simulaciones/Prueba_8) by extension 'ros'
[0.280s] Level 1:colcon.colcon_core.package_identification:_identify(simulaciones/Prueba_8) by extensions ['cmake', 'python']
[0.280s] Level 1:colcon.colcon_core.package_identification:_identify(simulaciones/Prueba_8) by extension 'cmake'
[0.280s] Level 1:colcon.colcon_core.package_identification:_identify(simulaciones/Prueba_8) by extension 'python'
[0.280s] Level 1:colcon.colcon_core.package_identification:_identify(simulaciones/Prueba_8) by extensions ['python_setup_py']
[0.280s] Level 1:colcon.colcon_core.package_identification:_identify(simulaciones/Prueba_8) by extension 'python_setup_py'
[0.280s] Level 1:colcon.colcon_core.package_identification:_identify(simulaciones/Prueba_9) by extensions ['ignore', 'ignore_ament_install']
[0.280s] Level 1:colcon.colcon_core.package_identification:_identify(simulaciones/Prueba_9) by extension 'ignore'
[0.280s] Level 1:colcon.colcon_core.package_identification:_identify(simulaciones/Prueba_9) by extension 'ignore_ament_install'
[0.280s] Level 1:colcon.colcon_core.package_identification:_identify(simulaciones/Prueba_9) by extensions ['colcon_pkg']
[0.280s] Level 1:colcon.colcon_core.package_identification:_identify(simulaciones/Prueba_9) by extension 'colcon_pkg'
[0.280s] Level 1:colcon.colcon_core.package_identification:_identify(simulaciones/Prueba_9) by extensions ['colcon_meta']
[0.280s] Level 1:colcon.colcon_core.package_identification:_identify(simulaciones/Prueba_9) by extension 'colcon_meta'
[0.280s] Level 1:colcon.colcon_core.package_identification:_identify(simulaciones/Prueba_9) by extensions ['ros']
[0.280s] Level 1:colcon.colcon_core.package_identification:_identify(simulaciones/Prueba_9) by extension 'ros'
[0.280s] Level 1:colcon.colcon_core.package_identification:_identify(simulaciones/Prueba_9) by extensions ['cmake', 'python']
[0.280s] Level 1:colcon.colcon_core.package_identification:_identify(simulaciones/Prueba_9) by extension 'cmake'
[0.280s] Level 1:colcon.colcon_core.package_identification:_identify(simulaciones/Prueba_9) by extension 'python'
[0.280s] Level 1:colcon.colcon_core.package_identification:_identify(simulaciones/Prueba_9) by extensions ['python_setup_py']
[0.280s] Level 1:colcon.colcon_core.package_identification:_identify(simulaciones/Prueba_9) by extension 'python_setup_py'
[0.280s] Level 1:colcon.colcon_core.package_identification:_identify(simulaciones/Prueba_general_1) by extensions ['ignore', 'ignore_ament_install']
[0.281s] Level 1:colcon.colcon_core.package_identification:_identify(simulaciones/Prueba_general_1) by extension 'ignore'
[0.281s] Level 1:colcon.colcon_core.package_identification:_identify(simulaciones/Prueba_general_1) by extension 'ignore_ament_install'
[0.281s] Level 1:colcon.colcon_core.package_identification:_identify(simulaciones/Prueba_general_1) by extensions ['colcon_pkg']
[0.281s] Level 1:colcon.colcon_core.package_identification:_identify(simulaciones/Prueba_general_1) by extension 'colcon_pkg'
[0.281s] Level 1:colcon.colcon_core.package_identification:_identify(simulaciones/Prueba_general_1) by extensions ['colcon_meta']
[0.281s] Level 1:colcon.colcon_core.package_identification:_identify(simulaciones/Prueba_general_1) by extension 'colcon_meta'
[0.281s] Level 1:colcon.colcon_core.package_identification:_identify(simulaciones/Prueba_general_1) by extensions ['ros']
[0.281s] Level 1:colcon.colcon_core.package_identification:_identify(simulaciones/Prueba_general_1) by extension 'ros'
[0.281s] Level 1:colcon.colcon_core.package_identification:_identify(simulaciones/Prueba_general_1) by extensions ['cmake', 'python']
[0.281s] Level 1:colcon.colcon_core.package_identification:_identify(simulaciones/Prueba_general_1) by extension 'cmake'
[0.281s] Level 1:colcon.colcon_core.package_identification:_identify(simulaciones/Prueba_general_1) by extension 'python'
[0.281s] Level 1:colcon.colcon_core.package_identification:_identify(simulaciones/Prueba_general_1) by extensions ['python_setup_py']
[0.281s] Level 1:colcon.colcon_core.package_identification:_identify(simulaciones/Prueba_general_1) by extension 'python_setup_py'
[0.281s] Level 1:colcon.colcon_core.package_identification:_identify(simulaciones/Prueba_general_1/pruebaGeneral_1) by extensions ['ignore', 'ignore_ament_install']
[0.281s] Level 1:colcon.colcon_core.package_identification:_identify(simulaciones/Prueba_general_1/pruebaGeneral_1) by extension 'ignore'
[0.281s] Level 1:colcon.colcon_core.package_identification:_identify(simulaciones/Prueba_general_1/pruebaGeneral_1) by extension 'ignore_ament_install'
[0.281s] Level 1:colcon.colcon_core.package_identification:_identify(simulaciones/Prueba_general_1/pruebaGeneral_1) by extensions ['colcon_pkg']
[0.281s] Level 1:colcon.colcon_core.package_identification:_identify(simulaciones/Prueba_general_1/pruebaGeneral_1) by extension 'colcon_pkg'
[0.281s] Level 1:colcon.colcon_core.package_identification:_identify(simulaciones/Prueba_general_1/pruebaGeneral_1) by extensions ['colcon_meta']
[0.281s] Level 1:colcon.colcon_core.package_identification:_identify(simulaciones/Prueba_general_1/pruebaGeneral_1) by extension 'colcon_meta'
[0.281s] Level 1:colcon.colcon_core.package_identification:_identify(simulaciones/Prueba_general_1/pruebaGeneral_1) by extensions ['ros']
[0.281s] Level 1:colcon.colcon_core.package_identification:_identify(simulaciones/Prueba_general_1/pruebaGeneral_1) by extension 'ros'
[0.281s] Level 1:colcon.colcon_core.package_identification:_identify(simulaciones/Prueba_general_1/pruebaGeneral_1) by extensions ['cmake', 'python']
[0.281s] Level 1:colcon.colcon_core.package_identification:_identify(simulaciones/Prueba_general_1/pruebaGeneral_1) by extension 'cmake'
[0.281s] Level 1:colcon.colcon_core.package_identification:_identify(simulaciones/Prueba_general_1/pruebaGeneral_1) by extension 'python'
[0.281s] Level 1:colcon.colcon_core.package_identification:_identify(simulaciones/Prueba_general_1/pruebaGeneral_1) by extensions ['python_setup_py']
[0.281s] Level 1:colcon.colcon_core.package_identification:_identify(simulaciones/Prueba_general_1/pruebaGeneral_1) by extension 'python_setup_py'
[0.282s] Level 1:colcon.colcon_core.package_identification:_identify(src) by extensions ['ignore', 'ignore_ament_install']
[0.282s] Level 1:colcon.colcon_core.package_identification:_identify(src) by extension 'ignore'
[0.282s] Level 1:colcon.colcon_core.package_identification:_identify(src) by extension 'ignore_ament_install'
[0.282s] Level 1:colcon.colcon_core.package_identification:_identify(src) by extensions ['colcon_pkg']
[0.282s] Level 1:colcon.colcon_core.package_identification:_identify(src) by extension 'colcon_pkg'
[0.282s] Level 1:colcon.colcon_core.package_identification:_identify(src) by extensions ['colcon_meta']
[0.282s] Level 1:colcon.colcon_core.package_identification:_identify(src) by extension 'colcon_meta'
[0.282s] Level 1:colcon.colcon_core.package_identification:_identify(src) by extensions ['ros']
[0.282s] Level 1:colcon.colcon_core.package_identification:_identify(src) by extension 'ros'
[0.282s] Level 1:colcon.colcon_core.package_identification:_identify(src) by extensions ['cmake', 'python']
[0.282s] Level 1:colcon.colcon_core.package_identification:_identify(src) by extension 'cmake'
[0.282s] Level 1:colcon.colcon_core.package_identification:_identify(src) by extension 'python'
[0.282s] Level 1:colcon.colcon_core.package_identification:_identify(src) by extensions ['python_setup_py']
[0.282s] Level 1:colcon.colcon_core.package_identification:_identify(src) by extension 'python_setup_py'
[0.282s] Level 1:colcon.colcon_core.package_identification:_identify(src/depthai-ros) by extensions ['ignore', 'ignore_ament_install']
[0.282s] Level 1:colcon.colcon_core.package_identification:_identify(src/depthai-ros) by extension 'ignore'
[0.282s] Level 1:colcon.colcon_core.package_identification:_identify(src/depthai-ros) by extension 'ignore_ament_install'
[0.282s] Level 1:colcon.colcon_core.package_identification:_identify(src/depthai-ros) by extensions ['colcon_pkg']
[0.282s] Level 1:colcon.colcon_core.package_identification:_identify(src/depthai-ros) by extension 'colcon_pkg'
[0.282s] Level 1:colcon.colcon_core.package_identification:_identify(src/depthai-ros) by extensions ['colcon_meta']
[0.282s] Level 1:colcon.colcon_core.package_identification:_identify(src/depthai-ros) by extension 'colcon_meta'
[0.282s] Level 1:colcon.colcon_core.package_identification:_identify(src/depthai-ros) by extensions ['ros']
[0.282s] Level 1:colcon.colcon_core.package_identification:_identify(src/depthai-ros) by extension 'ros'
[0.282s] Level 1:colcon.colcon_core.package_identification:_identify(src/depthai-ros) by extensions ['cmake', 'python']
[0.282s] Level 1:colcon.colcon_core.package_identification:_identify(src/depthai-ros) by extension 'cmake'
[0.282s] Level 1:colcon.colcon_core.package_identification:_identify(src/depthai-ros) by extension 'python'
[0.282s] Level 1:colcon.colcon_core.package_identification:_identify(src/depthai-ros) by extensions ['python_setup_py']
[0.282s] Level 1:colcon.colcon_core.package_identification:_identify(src/depthai-ros) by extension 'python_setup_py'
[0.282s] Level 1:colcon.colcon_core.package_identification:_identify(src/formas) by extensions ['ignore', 'ignore_ament_install']
[0.283s] Level 1:colcon.colcon_core.package_identification:_identify(src/formas) by extension 'ignore'
[0.283s] Level 1:colcon.colcon_core.package_identification:_identify(src/formas) by extension 'ignore_ament_install'
[0.283s] Level 1:colcon.colcon_core.package_identification:_identify(src/formas) by extensions ['colcon_pkg']
[0.283s] Level 1:colcon.colcon_core.package_identification:_identify(src/formas) by extension 'colcon_pkg'
[0.283s] Level 1:colcon.colcon_core.package_identification:_identify(src/formas) by extensions ['colcon_meta']
[0.283s] Level 1:colcon.colcon_core.package_identification:_identify(src/formas) by extension 'colcon_meta'
[0.283s] Level 1:colcon.colcon_core.package_identification:_identify(src/formas) by extensions ['ros']
[0.283s] Level 1:colcon.colcon_core.package_identification:_identify(src/formas) by extension 'ros'
[0.285s] DEBUG:colcon.colcon_core.package_identification:Package 'src/formas' with type 'ros.ament_python' and name 'formas'
[0.285s] Level 1:colcon.colcon_core.package_identification:_identify(src/tb4_sim) by extensions ['ignore', 'ignore_ament_install']
[0.285s] Level 1:colcon.colcon_core.package_identification:_identify(src/tb4_sim) by extension 'ignore'
[0.285s] Level 1:colcon.colcon_core.package_identification:_identify(src/tb4_sim) by extension 'ignore_ament_install'
[0.285s] Level 1:colcon.colcon_core.package_identification:_identify(src/tb4_sim) by extensions ['colcon_pkg']
[0.285s] Level 1:colcon.colcon_core.package_identification:_identify(src/tb4_sim) by extension 'colcon_pkg'
[0.285s] Level 1:colcon.colcon_core.package_identification:_identify(src/tb4_sim) by extensions ['colcon_meta']
[0.285s] Level 1:colcon.colcon_core.package_identification:_identify(src/tb4_sim) by extension 'colcon_meta'
[0.285s] Level 1:colcon.colcon_core.package_identification:_identify(src/tb4_sim) by extensions ['ros']
[0.285s] Level 1:colcon.colcon_core.package_identification:_identify(src/tb4_sim) by extension 'ros'
[0.286s] DEBUG:colcon.colcon_core.package_identification:Package 'src/tb4_sim' with type 'ros.ament_python' and name 'tb4_sim'
[0.286s] Level 1:colcon.colcon_core.package_discovery:discover_packages(recursive) using defaults
[0.286s] Level 1:colcon.colcon_core.package_discovery:discover_packages(ignore) discover
[0.286s] Level 1:colcon.colcon_core.package_discovery:discover_packages(ignore) using defaults
[0.286s] Level 1:colcon.colcon_core.package_discovery:discover_packages(path) discover
[0.286s] Level 1:colcon.colcon_core.package_discovery:discover_packages(path) using defaults
[0.323s] Level 1:colcon.colcon_core.package_discovery:discover_packages(prefix_path) check parameters
[0.323s] Level 1:colcon.colcon_core.package_discovery:discover_packages(prefix_path) discover
[0.324s] DEBUG:colcon.colcon_installed_package_information.package_discovery:Found 2 installed packages in /home/echedey/Desktop/TFG/TFGwebots_ws/install
[0.326s] DEBUG:colcon.colcon_installed_package_information.package_discovery:Found 488 installed packages in /opt/ros/humble
[0.328s] Level 1:colcon.colcon_core.package_discovery:discover_packages(prefix_path) using defaults
[0.375s] Level 5:colcon.colcon_core.verb:set package 'formas' build argument 'cmake_args' from command line to 'None'
[0.375s] Level 5:colcon.colcon_core.verb:set package 'formas' build argument 'cmake_target' from command line to 'None'
[0.375s] Level 5:colcon.colcon_core.verb:set package 'formas' build argument 'cmake_target_skip_unavailable' from command line to 'False'
[0.375s] Level 5:colcon.colcon_core.verb:set package 'formas' build argument 'cmake_clean_cache' from command line to 'False'
[0.375s] Level 5:colcon.colcon_core.verb:set package 'formas' build argument 'cmake_clean_first' from command line to 'False'
[0.375s] Level 5:colcon.colcon_core.verb:set package 'formas' build argument 'cmake_force_configure' from command line to 'False'
[0.375s] Level 5:colcon.colcon_core.verb:set package 'formas' build argument 'ament_cmake_args' from command line to 'None'
[0.375s] Level 5:colcon.colcon_core.verb:set package 'formas' build argument 'catkin_cmake_args' from command line to 'None'
[0.375s] Level 5:colcon.colcon_core.verb:set package 'formas' build argument 'catkin_skip_building_tests' from command line to 'False'
[0.375s] DEBUG:colcon.colcon_core.verb:Building package 'formas' with the following arguments: {'ament_cmake_args': None, 'build_base': '/home/echedey/Desktop/TFG/TFGwebots_ws/build/formas', 'catkin_cmake_args': None, 'catkin_skip_building_tests': False, 'cmake_args': None, 'cmake_clean_cache': False, 'cmake_clean_first': False, 'cmake_force_configure': False, 'cmake_target': None, 'cmake_target_skip_unavailable': False, 'install_base': '/home/echedey/Desktop/TFG/TFGwebots_ws/install/formas', 'merge_install': False, 'path': '/home/echedey/Desktop/TFG/TFGwebots_ws/src/formas', 'symlink_install': False, 'test_result_base': None}
[0.375s] Level 5:colcon.colcon_core.verb:set package 'tb4_sim' build argument 'cmake_args' from command line to 'None'
[0.375s] Level 5:colcon.colcon_core.verb:set package 'tb4_sim' build argument 'cmake_target' from command line to 'None'
[0.375s] Level 5:colcon.colcon_core.verb:set package 'tb4_sim' build argument 'cmake_target_skip_unavailable' from command line to 'False'
[0.375s] Level 5:colcon.colcon_core.verb:set package 'tb4_sim' build argument 'cmake_clean_cache' from command line to 'False'
[0.375s] Level 5:colcon.colcon_core.verb:set package 'tb4_sim' build argument 'cmake_clean_first' from command line to 'False'
[0.375s] Level 5:colcon.colcon_core.verb:set package 'tb4_sim' build argument 'cmake_force_configure' from command line to 'False'
[0.375s] Level 5:colcon.colcon_core.verb:set package 'tb4_sim' build argument 'ament_cmake_args' from command line to 'None'
[0.375s] Level 5:colcon.colcon_core.verb:set package 'tb4_sim' build argument 'catkin_cmake_args' from command line to 'None'
[0.375s] Level 5:colcon.colcon_core.verb:set package 'tb4_sim' build argument 'catkin_skip_building_tests' from command line to 'False'
[0.375s] DEBUG:colcon.colcon_core.verb:Building package 'tb4_sim' with the following arguments: {'ament_cmake_args': None, 'build_base': '/home/echedey/Desktop/TFG/TFGwebots_ws/build/tb4_sim', 'catkin_cmake_args': None, 'catkin_skip_building_tests': False, 'cmake_args': None, 'cmake_clean_cache': False, 'cmake_clean_first': False, 'cmake_force_configure': False, 'cmake_target': None, 'cmake_target_skip_unavailable': False, 'install_base': '/home/echedey/Desktop/TFG/TFGwebots_ws/install/tb4_sim', 'merge_install': False, 'path': '/home/echedey/Desktop/TFG/TFGwebots_ws/src/tb4_sim', 'symlink_install': False, 'test_result_base': None}
[0.375s] INFO:colcon.colcon_core.executor:Executing jobs using 'parallel' executor
[0.377s] DEBUG:colcon.colcon_parallel_executor.executor.parallel:run_until_complete
[0.377s] INFO:colcon.colcon_ros.task.ament_python.build:Building ROS package in '/home/echedey/Desktop/TFG/TFGwebots_ws/src/formas' with build type 'ament_python'
[0.377s] Level 1:colcon.colcon_core.shell:create_environment_hook('formas', 'ament_prefix_path')
[0.379s] INFO:colcon.colcon_core.plugin_system:Skipping extension 'colcon_core.shell.bat': Not used on non-Windows systems
[0.380s] INFO:colcon.colcon_core.shell:Creating environment hook '/home/echedey/Desktop/TFG/TFGwebots_ws/install/formas/share/formas/hook/ament_prefix_path.ps1'
[0.380s] INFO:colcon.colcon_core.shell:Creating environment descriptor '/home/echedey/Desktop/TFG/TFGwebots_ws/install/formas/share/formas/hook/ament_prefix_path.dsv'
[0.381s] INFO:colcon.colcon_core.shell:Creating environment hook '/home/echedey/Desktop/TFG/TFGwebots_ws/install/formas/share/formas/hook/ament_prefix_path.sh'
[0.381s] INFO:colcon.colcon_core.shell:Skip shell extension 'powershell' for command environment: Not usable outside of PowerShell
[0.382s] DEBUG:colcon.colcon_core.shell:Skip shell extension 'dsv' for command environment
[0.386s] INFO:colcon.colcon_ros.task.ament_python.build:Building ROS package in '/home/echedey/Desktop/TFG/TFGwebots_ws/src/tb4_sim' with build type 'ament_python'
[0.386s] Level 1:colcon.colcon_core.shell:create_environment_hook('tb4_sim', 'ament_prefix_path')
[0.386s] INFO:colcon.colcon_core.shell:Creating environment hook '/home/echedey/Desktop/TFG/TFGwebots_ws/install/tb4_sim/share/tb4_sim/hook/ament_prefix_path.ps1'
[0.387s] INFO:colcon.colcon_core.shell:Creating environment descriptor '/home/echedey/Desktop/TFG/TFGwebots_ws/install/tb4_sim/share/tb4_sim/hook/ament_prefix_path.dsv'
[0.387s] INFO:colcon.colcon_core.shell:Creating environment hook '/home/echedey/Desktop/TFG/TFGwebots_ws/install/tb4_sim/share/tb4_sim/hook/ament_prefix_path.sh'
[0.387s] INFO:colcon.colcon_core.shell:Skip shell extension 'powershell' for command environment: Not usable outside of PowerShell
[0.387s] DEBUG:colcon.colcon_core.shell:Skip shell extension 'dsv' for command environment
[0.649s] INFO:colcon.colcon_core.task.python.build:Building Python package in '/home/echedey/Desktop/TFG/TFGwebots_ws/src/formas'
[0.650s] INFO:colcon.colcon_core.shell:Skip shell extension 'powershell' for command environment: Not usable outside of PowerShell
[0.650s] DEBUG:colcon.colcon_core.shell:Skip shell extension 'dsv' for command environment
[0.904s] INFO:colcon.colcon_core.task.python.build:Building Python package in '/home/echedey/Desktop/TFG/TFGwebots_ws/src/tb4_sim'
[0.904s] INFO:colcon.colcon_core.shell:Skip shell extension 'powershell' for command environment: Not usable outside of PowerShell
[0.904s] DEBUG:colcon.colcon_core.shell:Skip shell extension 'dsv' for command environment
[1.262s] DEBUG:colcon.colcon_core.event_handler.log_command:Invoking command in '/home/echedey/Desktop/TFG/TFGwebots_ws/src/formas': PYTHONPATH=/home/echedey/Desktop/TFG/TFGwebots_ws/build/formas/prefix_override:/usr/lib/python3/dist-packages/colcon_core/task/python/colcon_distutils_commands:/home/echedey/Desktop/TFG/TFGwebots_ws/install/formas/lib/python3.10/site-packages:${PYTHONPATH} /usr/bin/python3 -W ignore:setup.py install is deprecated -W ignore:easy_install command is deprecated setup.py egg_info --egg-base ../../build/formas build --build-base /home/echedey/Desktop/TFG/TFGwebots_ws/build/formas/build install --record /home/echedey/Desktop/TFG/TFGwebots_ws/build/formas/install.log --single-version-externally-managed install_data
[1.266s] DEBUG:colcon.colcon_core.event_handler.log_command:Invoking command in '/home/echedey/Desktop/TFG/TFGwebots_ws/src/tb4_sim': PYTHONPATH=/home/echedey/Desktop/TFG/TFGwebots_ws/build/tb4_sim/prefix_override:/usr/lib/python3/dist-packages/colcon_core/task/python/colcon_distutils_commands:/home/echedey/Desktop/TFG/TFGwebots_ws/install/tb4_sim/lib/python3.10/site-packages:${PYTHONPATH} /usr/bin/python3 -W ignore:setup.py install is deprecated -W ignore:easy_install command is deprecated setup.py egg_info --egg-base ../../build/tb4_sim build --build-base /home/echedey/Desktop/TFG/TFGwebots_ws/build/tb4_sim/build install --record /home/echedey/Desktop/TFG/TFGwebots_ws/build/tb4_sim/install.log --single-version-externally-managed install_data
[1.556s] DEBUG:colcon.colcon_core.event_handler.log_command:Invoked command in '/home/echedey/Desktop/TFG/TFGwebots_ws/src/formas' returned '0': PYTHONPATH=/home/echedey/Desktop/TFG/TFGwebots_ws/build/formas/prefix_override:/usr/lib/python3/dist-packages/colcon_core/task/python/colcon_distutils_commands:/home/echedey/Desktop/TFG/TFGwebots_ws/install/formas/lib/python3.10/site-packages:${PYTHONPATH} /usr/bin/python3 -W ignore:setup.py install is deprecated -W ignore:easy_install command is deprecated setup.py egg_info --egg-base ../../build/formas build --build-base /home/echedey/Desktop/TFG/TFGwebots_ws/build/formas/build install --record /home/echedey/Desktop/TFG/TFGwebots_ws/build/formas/install.log --single-version-externally-managed install_data
[1.558s] Level 1:colcon.colcon_core.environment:checking '/home/echedey/Desktop/TFG/TFGwebots_ws/install/formas' for CMake module files
[1.559s] Level 1:colcon.colcon_core.environment:checking '/home/echedey/Desktop/TFG/TFGwebots_ws/install/formas' for CMake config files
[1.559s] Level 1:colcon.colcon_core.environment:checking '/home/echedey/Desktop/TFG/TFGwebots_ws/install/formas/lib'
[1.560s] Level 1:colcon.colcon_core.environment:checking '/home/echedey/Desktop/TFG/TFGwebots_ws/install/formas/bin'
[1.560s] Level 1:colcon.colcon_core.environment:checking '/home/echedey/Desktop/TFG/TFGwebots_ws/install/formas/lib/pkgconfig/formas.pc'
[1.560s] Level 1:colcon.colcon_core.environment:checking '/home/echedey/Desktop/TFG/TFGwebots_ws/install/formas/lib/python3.10/site-packages'
[1.560s] Level 1:colcon.colcon_core.shell:create_environment_hook('formas', 'pythonpath')
[1.560s] INFO:colcon.colcon_core.shell:Creating environment hook '/home/echedey/Desktop/TFG/TFGwebots_ws/install/formas/share/formas/hook/pythonpath.ps1'
[1.561s] INFO:colcon.colcon_core.shell:Creating environment descriptor '/home/echedey/Desktop/TFG/TFGwebots_ws/install/formas/share/formas/hook/pythonpath.dsv'
[1.561s] INFO:colcon.colcon_core.shell:Creating environment hook '/home/echedey/Desktop/TFG/TFGwebots_ws/install/formas/share/formas/hook/pythonpath.sh'
[1.562s] Level 1:colcon.colcon_core.environment:checking '/home/echedey/Desktop/TFG/TFGwebots_ws/install/formas/bin'
[1.562s] Level 1:colcon.colcon_core.environment:create_environment_scripts_only(formas)
[1.562s] INFO:colcon.colcon_core.shell:Creating package script '/home/echedey/Desktop/TFG/TFGwebots_ws/install/formas/share/formas/package.ps1'
[1.563s] INFO:colcon.colcon_core.shell:Creating package descriptor '/home/echedey/Desktop/TFG/TFGwebots_ws/install/formas/share/formas/package.dsv'
[1.563s] INFO:colcon.colcon_core.shell:Creating package script '/home/echedey/Desktop/TFG/TFGwebots_ws/install/formas/share/formas/package.sh'
[1.564s] INFO:colcon.colcon_core.shell:Creating package script '/home/echedey/Desktop/TFG/TFGwebots_ws/install/formas/share/formas/package.bash'
[1.564s] INFO:colcon.colcon_core.shell:Creating package script '/home/echedey/Desktop/TFG/TFGwebots_ws/install/formas/share/formas/package.zsh'
[1.565s] Level 1:colcon.colcon_core.environment:create_file_with_runtime_dependencies(/home/echedey/Desktop/TFG/TFGwebots_ws/install/formas/share/colcon-core/packages/formas)
[1.567s] Level 1:colcon.colcon_core.environment:checking '/home/echedey/Desktop/TFG/TFGwebots_ws/install/tb4_sim' for CMake module files
[1.567s] DEBUG:colcon.colcon_core.event_handler.log_command:Invoked command in '/home/echedey/Desktop/TFG/TFGwebots_ws/src/tb4_sim' returned '0': PYTHONPATH=/home/echedey/Desktop/TFG/TFGwebots_ws/build/tb4_sim/prefix_override:/usr/lib/python3/dist-packages/colcon_core/task/python/colcon_distutils_commands:/home/echedey/Desktop/TFG/TFGwebots_ws/install/tb4_sim/lib/python3.10/site-packages:${PYTHONPATH} /usr/bin/python3 -W ignore:setup.py install is deprecated -W ignore:easy_install command is deprecated setup.py egg_info --egg-base ../../build/tb4_sim build --build-base /home/echedey/Desktop/TFG/TFGwebots_ws/build/tb4_sim/build install --record /home/echedey/Desktop/TFG/TFGwebots_ws/build/tb4_sim/install.log --single-version-externally-managed install_data
[1.568s] Level 1:colcon.colcon_core.environment:checking '/home/echedey/Desktop/TFG/TFGwebots_ws/install/tb4_sim' for CMake config files
[1.568s] Level 1:colcon.colcon_core.environment:checking '/home/echedey/Desktop/TFG/TFGwebots_ws/install/tb4_sim/lib'
[1.568s] Level 1:colcon.colcon_core.environment:checking '/home/echedey/Desktop/TFG/TFGwebots_ws/install/tb4_sim/bin'
[1.568s] Level 1:colcon.colcon_core.environment:checking '/home/echedey/Desktop/TFG/TFGwebots_ws/install/tb4_sim/lib/pkgconfig/tb4_sim.pc'
[1.568s] Level 1:colcon.colcon_core.environment:checking '/home/echedey/Desktop/TFG/TFGwebots_ws/install/tb4_sim/lib/python3.10/site-packages'
[1.568s] Level 1:colcon.colcon_core.shell:create_environment_hook('tb4_sim', 'pythonpath')
[1.569s] INFO:colcon.colcon_core.shell:Creating environment hook '/home/echedey/Desktop/TFG/TFGwebots_ws/install/tb4_sim/share/tb4_sim/hook/pythonpath.ps1'
[1.569s] INFO:colcon.colcon_core.shell:Creating environment descriptor '/home/echedey/Desktop/TFG/TFGwebots_ws/install/tb4_sim/share/tb4_sim/hook/pythonpath.dsv'
[1.570s] INFO:colcon.colcon_core.shell:Creating environment hook '/home/echedey/Desktop/TFG/TFGwebots_ws/install/tb4_sim/share/tb4_sim/hook/pythonpath.sh'
[1.570s] Level 1:colcon.colcon_core.environment:checking '/home/echedey/Desktop/TFG/TFGwebots_ws/install/tb4_sim/bin'
[1.570s] Level 1:colcon.colcon_core.environment:create_environment_scripts_only(tb4_sim)
[1.570s] INFO:colcon.colcon_core.shell:Creating package script '/home/echedey/Desktop/TFG/TFGwebots_ws/install/tb4_sim/share/tb4_sim/package.ps1'
[1.571s] INFO:colcon.colcon_core.shell:Creating package descriptor '/home/echedey/Desktop/TFG/TFGwebots_ws/install/tb4_sim/share/tb4_sim/package.dsv'
[1.571s] INFO:colcon.colcon_core.shell:Creating package script '/home/echedey/Desktop/TFG/TFGwebots_ws/install/tb4_sim/share/tb4_sim/package.sh'
[1.571s] INFO:colcon.colcon_core.shell:Creating package script '/home/echedey/Desktop/TFG/TFGwebots_ws/install/tb4_sim/share/tb4_sim/package.bash'
[1.571s] INFO:colcon.colcon_core.shell:Creating package script '/home/echedey/Desktop/TFG/TFGwebots_ws/install/tb4_sim/share/tb4_sim/package.zsh'
[1.572s] Level 1:colcon.colcon_core.environment:create_file_with_runtime_dependencies(/home/echedey/Desktop/TFG/TFGwebots_ws/install/tb4_sim/share/colcon-core/packages/tb4_sim)
[1.572s] DEBUG:colcon.colcon_parallel_executor.executor.parallel:closing loop
[1.572s] DEBUG:colcon.colcon_parallel_executor.executor.parallel:loop closed
[1.572s] DEBUG:colcon.colcon_parallel_executor.executor.parallel:run_until_complete finished with '0'
[1.572s] DEBUG:colcon.colcon_core.event_reactor:joining thread
[1.577s] INFO:colcon.colcon_core.plugin_system:Skipping extension 'colcon_notification.desktop_notification.terminal_notifier': Not used on non-Darwin systems
[1.578s] INFO:colcon.colcon_core.plugin_system:Skipping extension 'colcon_notification.desktop_notification.win32': Not used on non-Windows systems
[1.578s] INFO:colcon.colcon_notification.desktop_notification:Sending desktop notification using 'notify2'
[1.590s] DEBUG:colcon.colcon_core.event_reactor:joined thread
[1.591s] INFO:colcon.colcon_core.shell:Creating prefix script '/home/echedey/Desktop/TFG/TFGwebots_ws/install/local_setup.ps1'
[1.592s] INFO:colcon.colcon_core.shell:Creating prefix util module '/home/echedey/Desktop/TFG/TFGwebots_ws/install/_local_setup_util_ps1.py'
[1.594s] INFO:colcon.colcon_core.shell:Creating prefix chain script '/home/echedey/Desktop/TFG/TFGwebots_ws/install/setup.ps1'
[1.595s] INFO:colcon.colcon_core.shell:Creating prefix script '/home/echedey/Desktop/TFG/TFGwebots_ws/install/local_setup.sh'
[1.596s] INFO:colcon.colcon_core.shell:Creating prefix util module '/home/echedey/Desktop/TFG/TFGwebots_ws/install/_local_setup_util_sh.py'
[1.596s] INFO:colcon.colcon_core.shell:Creating prefix chain script '/home/echedey/Desktop/TFG/TFGwebots_ws/install/setup.sh'
[1.597s] INFO:colcon.colcon_core.shell:Creating prefix script '/home/echedey/Desktop/TFG/TFGwebots_ws/install/local_setup.bash'
[1.598s] INFO:colcon.colcon_core.shell:Creating prefix chain script '/home/echedey/Desktop/TFG/TFGwebots_ws/install/setup.bash'
[1.600s] INFO:colcon.colcon_core.shell:Creating prefix script '/home/echedey/Desktop/TFG/TFGwebots_ws/install/local_setup.zsh'
[1.600s] INFO:colcon.colcon_core.shell:Creating prefix chain script '/home/echedey/Desktop/TFG/TFGwebots_ws/install/setup.zsh'
