[0.910s] Invoking command in '/home/echedey/Desktop/TFG/TFGwebots_ws/build/formas': PYTHONPATH=/home/echedey/Desktop/TFG/TFGwebots_ws/build/formas/prefix_override:/usr/lib/python3/dist-packages/colcon_core/task/python/colcon_distutils_commands:/home/echedey/Desktop/TFG/TFGwebots_ws/install/formas/lib/python3.10/site-packages:${PYTHONPATH} /usr/bin/python3 -W ignore:setup.py install is deprecated -W ignore:easy_install command is deprecated setup.py develop --editable --build-directory /home/echedey/Desktop/TFG/TFGwebots_ws/build/formas/build --no-deps symlink_data --force
[1.156s] running develop
[1.328s] running egg_info
[1.328s] writing formas.egg-info/PKG-INFO
[1.329s] writing dependency_links to formas.egg-info/dependency_links.txt
[1.329s] writing entry points to formas.egg-info/entry_points.txt
[1.329s] writing requirements to formas.egg-info/requires.txt
[1.329s] writing top-level names to formas.egg-info/top_level.txt
[1.331s] reading manifest file 'formas.egg-info/SOURCES.txt'
[1.332s] writing manifest file 'formas.egg-info/SOURCES.txt'
[1.333s] running build_ext
[1.333s] Creating /home/echedey/Desktop/TFG/TFGwebots_ws/install/formas/lib/python3.10/site-packages/formas.egg-link (link to .)
[1.334s] Installing cuadrado script to /home/echedey/Desktop/TFG/TFGwebots_ws/install/formas/lib/formas
[1.334s] Installing linea_recta script to /home/echedey/Desktop/TFG/TFGwebots_ws/install/formas/lib/formas
[1.334s] Installing sala script to /home/echedey/Desktop/TFG/TFGwebots_ws/install/formas/lib/formas
[1.334s] 
[1.334s] Installed /home/echedey/Desktop/TFG/TFGwebots_ws/build/formas
[1.334s] running symlink_data
[1.335s] symbolically linking /home/echedey/Desktop/TFG/TFGwebots_ws/build/formas/resource/formas -> /home/echedey/Desktop/TFG/TFGwebots_ws/install/formas/share/ament_index/resource_index/packages
[1.335s] symbolically linking /home/echedey/Desktop/TFG/TFGwebots_ws/build/formas/package.xml -> /home/echedey/Desktop/TFG/TFGwebots_ws/install/formas/share/formas
[1.382s] Invoked command in '/home/echedey/Desktop/TFG/TFGwebots_ws/build/formas' returned '0': PYTHONPATH=/home/echedey/Desktop/TFG/TFGwebots_ws/build/formas/prefix_override:/usr/lib/python3/dist-packages/colcon_core/task/python/colcon_distutils_commands:/home/echedey/Desktop/TFG/TFGwebots_ws/install/formas/lib/python3.10/site-packages:${PYTHONPATH} /usr/bin/python3 -W ignore:setup.py install is deprecated -W ignore:easy_install command is deprecated setup.py develop --editable --build-directory /home/echedey/Desktop/TFG/TFGwebots_ws/build/formas/build --no-deps symlink_data --force
