[0.199s] DEBUG:colcon:Command line arguments: ['/usr/bin/colcon', 'build']
[0.199s] DEBUG:colcon:Parsed command line arguments: Namespace(log_base=None, log_level=None, verb_name='build', build_base='build', install_base='install', merge_install=False, symlink_install=False, test_result_base=None, continue_on_error=False, executor='parallel', parallel_workers=16, event_handlers=None, ignore_user_meta=False, metas=['./colcon.meta'], base_paths=['.'], packages_ignore=None, packages_ignore_regex=None, paths=None, packages_up_to=None, packages_up_to_regex=None, packages_above=None, packages_above_and_dependencies=None, packages_above_depth=None, packages_select_by_dep=None, packages_skip_by_dep=None, packages_skip_up_to=None, packages_select_build_failed=False, packages_skip_build_finished=False, packages_select_test_failures=False, packages_skip_test_passed=False, packages_select=None, packages_skip=None, packages_select_regex=None, packages_skip_regex=None, packages_start=None, packages_end=None, allow_overriding=[], cmake_args=None, cmake_target=None, cmake_target_skip_unavailable=False, cmake_clean_cache=False, cmake_clean_first=False, cmake_force_configure=False, ament_cmake_args=None, catkin_cmake_args=None, catkin_skip_building_tests=False, mixin_files=None, mixin=None, verb_parser=<colcon_mixin.mixin.mixin_argument.MixinArgumentDecorator object at 0x78ee2f312740>, verb_extension=<colcon_core.verb.build.BuildVerb object at 0x78ee2f4ebdf0>, main=<bound method BuildVerb.main of <colcon_core.verb.build.BuildVerb object at 0x78ee2f4ebdf0>>, mixin_verb=('build',))
[0.420s] Level 1:colcon.colcon_core.package_discovery:discover_packages(colcon_meta) check parameters
[0.420s] Level 1:colcon.colcon_core.package_discovery:discover_packages(recursive) check parameters
[0.420s] Level 1:colcon.colcon_core.package_discovery:discover_packages(ignore) check parameters
[0.420s] Level 1:colcon.colcon_core.package_discovery:discover_packages(path) check parameters
[0.420s] Level 1:colcon.colcon_core.package_discovery:discover_packages(colcon_meta) discover
[0.420s] Level 1:colcon.colcon_core.package_discovery:discover_packages(recursive) discover
[0.421s] INFO:colcon.colcon_core.package_discovery:Crawling recursively for packages in '/home/echedey/Desktop/TFG/TFGwebots_ws'
[0.421s] Level 1:colcon.colcon_core.package_identification:_identify(.) by extensions ['ignore', 'ignore_ament_install']
[0.421s] Level 1:colcon.colcon_core.package_identification:_identify(.) by extension 'ignore'
[0.421s] Level 1:colcon.colcon_core.package_identification:_identify(.) by extension 'ignore_ament_install'
[0.421s] Level 1:colcon.colcon_core.package_identification:_identify(.) by extensions ['colcon_pkg']
[0.421s] Level 1:colcon.colcon_core.package_identification:_identify(.) by extension 'colcon_pkg'
[0.421s] Level 1:colcon.colcon_core.package_identification:_identify(.) by extensions ['colcon_meta']
[0.421s] Level 1:colcon.colcon_core.package_identification:_identify(.) by extension 'colcon_meta'
[0.421s] Level 1:colcon.colcon_core.package_identification:_identify(.) by extensions ['ros']
[0.421s] Level 1:colcon.colcon_core.package_identification:_identify(.) by extension 'ros'
[0.433s] Level 1:colcon.colcon_core.package_identification:_identify(.) by extensions ['cmake', 'python']
[0.433s] Level 1:colcon.colcon_core.package_identification:_identify(.) by extension 'cmake'
[0.433s] Level 1:colcon.colcon_core.package_identification:_identify(.) by extension 'python'
[0.433s] Level 1:colcon.colcon_core.package_identification:_identify(.) by extensions ['python_setup_py']
[0.433s] Level 1:colcon.colcon_core.package_identification:_identify(.) by extension 'python_setup_py'
[0.433s] Level 1:colcon.colcon_core.package_identification:_identify(View_frames) by extensions ['ignore', 'ignore_ament_install']
[0.433s] Level 1:colcon.colcon_core.package_identification:_identify(View_frames) by extension 'ignore'
[0.433s] Level 1:colcon.colcon_core.package_identification:_identify(View_frames) by extension 'ignore_ament_install'
[0.433s] Level 1:colcon.colcon_core.package_identification:_identify(View_frames) by extensions ['colcon_pkg']
[0.433s] Level 1:colcon.colcon_core.package_identification:_identify(View_frames) by extension 'colcon_pkg'
[0.433s] Level 1:colcon.colcon_core.package_identification:_identify(View_frames) by extensions ['colcon_meta']
[0.433s] Level 1:colcon.colcon_core.package_identification:_identify(View_frames) by extension 'colcon_meta'
[0.434s] Level 1:colcon.colcon_core.package_identification:_identify(View_frames) by extensions ['ros']
[0.434s] Level 1:colcon.colcon_core.package_identification:_identify(View_frames) by extension 'ros'
[0.434s] Level 1:colcon.colcon_core.package_identification:_identify(View_frames) by extensions ['cmake', 'python']
[0.434s] Level 1:colcon.colcon_core.package_identification:_identify(View_frames) by extension 'cmake'
[0.434s] Level 1:colcon.colcon_core.package_identification:_identify(View_frames) by extension 'python'
[0.434s] Level 1:colcon.colcon_core.package_identification:_identify(View_frames) by extensions ['python_setup_py']
[0.434s] Level 1:colcon.colcon_core.package_identification:_identify(View_frames) by extension 'python_setup_py'
[0.434s] Level 1:colcon.colcon_core.package_identification:_identify(build) by extensions ['ignore', 'ignore_ament_install']
[0.434s] Level 1:colcon.colcon_core.package_identification:_identify(build) by extension 'ignore'
[0.434s] Level 1:colcon.colcon_core.package_identification:_identify(build) ignored
[0.434s] Level 1:colcon.colcon_core.package_identification:_identify(install) by extensions ['ignore', 'ignore_ament_install']
[0.434s] Level 1:colcon.colcon_core.package_identification:_identify(install) by extension 'ignore'
[0.434s] Level 1:colcon.colcon_core.package_identification:_identify(install) ignored
[0.434s] Level 1:colcon.colcon_core.package_identification:_identify(log) by extensions ['ignore', 'ignore_ament_install']
[0.434s] Level 1:colcon.colcon_core.package_identification:_identify(log) by extension 'ignore'
[0.434s] Level 1:colcon.colcon_core.package_identification:_identify(log) ignored
[0.434s] Level 1:colcon.colcon_core.package_identification:_identify(simulaciones) by extensions ['ignore', 'ignore_ament_install']
[0.434s] Level 1:colcon.colcon_core.package_identification:_identify(simulaciones) by extension 'ignore'
[0.434s] Level 1:colcon.colcon_core.package_identification:_identify(simulaciones) by extension 'ignore_ament_install'
[0.435s] Level 1:colcon.colcon_core.package_identification:_identify(simulaciones) by extensions ['colcon_pkg']
[0.435s] Level 1:colcon.colcon_core.package_identification:_identify(simulaciones) by extension 'colcon_pkg'
[0.435s] Level 1:colcon.colcon_core.package_identification:_identify(simulaciones) by extensions ['colcon_meta']
[0.435s] Level 1:colcon.colcon_core.package_identification:_identify(simulaciones) by extension 'colcon_meta'
[0.435s] Level 1:colcon.colcon_core.package_identification:_identify(simulaciones) by extensions ['ros']
[0.435s] Level 1:colcon.colcon_core.package_identification:_identify(simulaciones) by extension 'ros'
[0.435s] Level 1:colcon.colcon_core.package_identification:_identify(simulaciones) by extensions ['cmake', 'python']
[0.435s] Level 1:colcon.colcon_core.package_identification:_identify(simulaciones) by extension 'cmake'
[0.435s] Level 1:colcon.colcon_core.package_identification:_identify(simulaciones) by extension 'python'
[0.435s] Level 1:colcon.colcon_core.package_identification:_identify(simulaciones) by extensions ['python_setup_py']
[0.435s] Level 1:colcon.colcon_core.package_identification:_identify(simulaciones) by extension 'python_setup_py'
[0.435s] Level 1:colcon.colcon_core.package_identification:_identify(simulaciones/2025-06-08_22-55-51 ideal) by extensions ['ignore', 'ignore_ament_install']
[0.435s] Level 1:colcon.colcon_core.package_identification:_identify(simulaciones/2025-06-08_22-55-51 ideal) by extension 'ignore'
[0.435s] Level 1:colcon.colcon_core.package_identification:_identify(simulaciones/2025-06-08_22-55-51 ideal) by extension 'ignore_ament_install'
[0.435s] Level 1:colcon.colcon_core.package_identification:_identify(simulaciones/2025-06-08_22-55-51 ideal) by extensions ['colcon_pkg']
[0.435s] Level 1:colcon.colcon_core.package_identification:_identify(simulaciones/2025-06-08_22-55-51 ideal) by extension 'colcon_pkg'
[0.435s] Level 1:colcon.colcon_core.package_identification:_identify(simulaciones/2025-06-08_22-55-51 ideal) by extensions ['colcon_meta']
[0.435s] Level 1:colcon.colcon_core.package_identification:_identify(simulaciones/2025-06-08_22-55-51 ideal) by extension 'colcon_meta'
[0.435s] Level 1:colcon.colcon_core.package_identification:_identify(simulaciones/2025-06-08_22-55-51 ideal) by extensions ['ros']
[0.435s] Level 1:colcon.colcon_core.package_identification:_identify(simulaciones/2025-06-08_22-55-51 ideal) by extension 'ros'
[0.435s] Level 1:colcon.colcon_core.package_identification:_identify(simulaciones/2025-06-08_22-55-51 ideal) by extensions ['cmake', 'python']
[0.435s] Level 1:colcon.colcon_core.package_identification:_identify(simulaciones/2025-06-08_22-55-51 ideal) by extension 'cmake'
[0.435s] Level 1:colcon.colcon_core.package_identification:_identify(simulaciones/2025-06-08_22-55-51 ideal) by extension 'python'
[0.435s] Level 1:colcon.colcon_core.package_identification:_identify(simulaciones/2025-06-08_22-55-51 ideal) by extensions ['python_setup_py']
[0.435s] Level 1:colcon.colcon_core.package_identification:_identify(simulaciones/2025-06-08_22-55-51 ideal) by extension 'python_setup_py'
[0.435s] Level 1:colcon.colcon_core.package_identification:_identify(simulaciones/2025-06-08_23-08-58 ideal) by extensions ['ignore', 'ignore_ament_install']
[0.436s] Level 1:colcon.colcon_core.package_identification:_identify(simulaciones/2025-06-08_23-08-58 ideal) by extension 'ignore'
[0.436s] Level 1:colcon.colcon_core.package_identification:_identify(simulaciones/2025-06-08_23-08-58 ideal) by extension 'ignore_ament_install'
[0.436s] Level 1:colcon.colcon_core.package_identification:_identify(simulaciones/2025-06-08_23-08-58 ideal) by extensions ['colcon_pkg']
[0.436s] Level 1:colcon.colcon_core.package_identification:_identify(simulaciones/2025-06-08_23-08-58 ideal) by extension 'colcon_pkg'
[0.436s] Level 1:colcon.colcon_core.package_identification:_identify(simulaciones/2025-06-08_23-08-58 ideal) by extensions ['colcon_meta']
[0.436s] Level 1:colcon.colcon_core.package_identification:_identify(simulaciones/2025-06-08_23-08-58 ideal) by extension 'colcon_meta'
[0.436s] Level 1:colcon.colcon_core.package_identification:_identify(simulaciones/2025-06-08_23-08-58 ideal) by extensions ['ros']
[0.436s] Level 1:colcon.colcon_core.package_identification:_identify(simulaciones/2025-06-08_23-08-58 ideal) by extension 'ros'
[0.436s] Level 1:colcon.colcon_core.package_identification:_identify(simulaciones/2025-06-08_23-08-58 ideal) by extensions ['cmake', 'python']
[0.436s] Level 1:colcon.colcon_core.package_identification:_identify(simulaciones/2025-06-08_23-08-58 ideal) by extension 'cmake'
[0.436s] Level 1:colcon.colcon_core.package_identification:_identify(simulaciones/2025-06-08_23-08-58 ideal) by extension 'python'
[0.436s] Level 1:colcon.colcon_core.package_identification:_identify(simulaciones/2025-06-08_23-08-58 ideal) by extensions ['python_setup_py']
[0.436s] Level 1:colcon.colcon_core.package_identification:_identify(simulaciones/2025-06-08_23-08-58 ideal) by extension 'python_setup_py'
[0.436s] Level 1:colcon.colcon_core.package_identification:_identify(simulaciones/2025-06-08_23-09-58 ideal) by extensions ['ignore', 'ignore_ament_install']
[0.436s] Level 1:colcon.colcon_core.package_identification:_identify(simulaciones/2025-06-08_23-09-58 ideal) by extension 'ignore'
[0.436s] Level 1:colcon.colcon_core.package_identification:_identify(simulaciones/2025-06-08_23-09-58 ideal) by extension 'ignore_ament_install'
[0.436s] Level 1:colcon.colcon_core.package_identification:_identify(simulaciones/2025-06-08_23-09-58 ideal) by extensions ['colcon_pkg']
[0.436s] Level 1:colcon.colcon_core.package_identification:_identify(simulaciones/2025-06-08_23-09-58 ideal) by extension 'colcon_pkg'
[0.436s] Level 1:colcon.colcon_core.package_identification:_identify(simulaciones/2025-06-08_23-09-58 ideal) by extensions ['colcon_meta']
[0.436s] Level 1:colcon.colcon_core.package_identification:_identify(simulaciones/2025-06-08_23-09-58 ideal) by extension 'colcon_meta'
[0.436s] Level 1:colcon.colcon_core.package_identification:_identify(simulaciones/2025-06-08_23-09-58 ideal) by extensions ['ros']
[0.436s] Level 1:colcon.colcon_core.package_identification:_identify(simulaciones/2025-06-08_23-09-58 ideal) by extension 'ros'
[0.436s] Level 1:colcon.colcon_core.package_identification:_identify(simulaciones/2025-06-08_23-09-58 ideal) by extensions ['cmake', 'python']
[0.436s] Level 1:colcon.colcon_core.package_identification:_identify(simulaciones/2025-06-08_23-09-58 ideal) by extension 'cmake'
[0.437s] Level 1:colcon.colcon_core.package_identification:_identify(simulaciones/2025-06-08_23-09-58 ideal) by extension 'python'
[0.437s] Level 1:colcon.colcon_core.package_identification:_identify(simulaciones/2025-06-08_23-09-58 ideal) by extensions ['python_setup_py']
[0.437s] Level 1:colcon.colcon_core.package_identification:_identify(simulaciones/2025-06-08_23-09-58 ideal) by extension 'python_setup_py'
[0.437s] Level 1:colcon.colcon_core.package_identification:_identify(simulaciones/2025-06-08_23-13-32) by extensions ['ignore', 'ignore_ament_install']
[0.437s] Level 1:colcon.colcon_core.package_identification:_identify(simulaciones/2025-06-08_23-13-32) by extension 'ignore'
[0.437s] Level 1:colcon.colcon_core.package_identification:_identify(simulaciones/2025-06-08_23-13-32) by extension 'ignore_ament_install'
[0.437s] Level 1:colcon.colcon_core.package_identification:_identify(simulaciones/2025-06-08_23-13-32) by extensions ['colcon_pkg']
[0.437s] Level 1:colcon.colcon_core.package_identification:_identify(simulaciones/2025-06-08_23-13-32) by extension 'colcon_pkg'
[0.437s] Level 1:colcon.colcon_core.package_identification:_identify(simulaciones/2025-06-08_23-13-32) by extensions ['colcon_meta']
[0.437s] Level 1:colcon.colcon_core.package_identification:_identify(simulaciones/2025-06-08_23-13-32) by extension 'colcon_meta'
[0.437s] Level 1:colcon.colcon_core.package_identification:_identify(simulaciones/2025-06-08_23-13-32) by extensions ['ros']
[0.437s] Level 1:colcon.colcon_core.package_identification:_identify(simulaciones/2025-06-08_23-13-32) by extension 'ros'
[0.437s] Level 1:colcon.colcon_core.package_identification:_identify(simulaciones/2025-06-08_23-13-32) by extensions ['cmake', 'python']
[0.437s] Level 1:colcon.colcon_core.package_identification:_identify(simulaciones/2025-06-08_23-13-32) by extension 'cmake'
[0.437s] Level 1:colcon.colcon_core.package_identification:_identify(simulaciones/2025-06-08_23-13-32) by extension 'python'
[0.437s] Level 1:colcon.colcon_core.package_identification:_identify(simulaciones/2025-06-08_23-13-32) by extensions ['python_setup_py']
[0.437s] Level 1:colcon.colcon_core.package_identification:_identify(simulaciones/2025-06-08_23-13-32) by extension 'python_setup_py'
[0.437s] Level 1:colcon.colcon_core.package_identification:_identify(simulaciones/2025-06-08_23-18-47) by extensions ['ignore', 'ignore_ament_install']
[0.437s] Level 1:colcon.colcon_core.package_identification:_identify(simulaciones/2025-06-08_23-18-47) by extension 'ignore'
[0.437s] Level 1:colcon.colcon_core.package_identification:_identify(simulaciones/2025-06-08_23-18-47) by extension 'ignore_ament_install'
[0.437s] Level 1:colcon.colcon_core.package_identification:_identify(simulaciones/2025-06-08_23-18-47) by extensions ['colcon_pkg']
[0.437s] Level 1:colcon.colcon_core.package_identification:_identify(simulaciones/2025-06-08_23-18-47) by extension 'colcon_pkg'
[0.437s] Level 1:colcon.colcon_core.package_identification:_identify(simulaciones/2025-06-08_23-18-47) by extensions ['colcon_meta']
[0.437s] Level 1:colcon.colcon_core.package_identification:_identify(simulaciones/2025-06-08_23-18-47) by extension 'colcon_meta'
[0.437s] Level 1:colcon.colcon_core.package_identification:_identify(simulaciones/2025-06-08_23-18-47) by extensions ['ros']
[0.437s] Level 1:colcon.colcon_core.package_identification:_identify(simulaciones/2025-06-08_23-18-47) by extension 'ros'
[0.438s] Level 1:colcon.colcon_core.package_identification:_identify(simulaciones/2025-06-08_23-18-47) by extensions ['cmake', 'python']
[0.438s] Level 1:colcon.colcon_core.package_identification:_identify(simulaciones/2025-06-08_23-18-47) by extension 'cmake'
[0.438s] Level 1:colcon.colcon_core.package_identification:_identify(simulaciones/2025-06-08_23-18-47) by extension 'python'
[0.438s] Level 1:colcon.colcon_core.package_identification:_identify(simulaciones/2025-06-08_23-18-47) by extensions ['python_setup_py']
[0.438s] Level 1:colcon.colcon_core.package_identification:_identify(simulaciones/2025-06-08_23-18-47) by extension 'python_setup_py'
[0.438s] Level 1:colcon.colcon_core.package_identification:_identify(simulaciones/2025-06-08_23-20-23 ideal) by extensions ['ignore', 'ignore_ament_install']
[0.438s] Level 1:colcon.colcon_core.package_identification:_identify(simulaciones/2025-06-08_23-20-23 ideal) by extension 'ignore'
[0.438s] Level 1:colcon.colcon_core.package_identification:_identify(simulaciones/2025-06-08_23-20-23 ideal) by extension 'ignore_ament_install'
[0.438s] Level 1:colcon.colcon_core.package_identification:_identify(simulaciones/2025-06-08_23-20-23 ideal) by extensions ['colcon_pkg']
[0.438s] Level 1:colcon.colcon_core.package_identification:_identify(simulaciones/2025-06-08_23-20-23 ideal) by extension 'colcon_pkg'
[0.438s] Level 1:colcon.colcon_core.package_identification:_identify(simulaciones/2025-06-08_23-20-23 ideal) by extensions ['colcon_meta']
[0.438s] Level 1:colcon.colcon_core.package_identification:_identify(simulaciones/2025-06-08_23-20-23 ideal) by extension 'colcon_meta'
[0.438s] Level 1:colcon.colcon_core.package_identification:_identify(simulaciones/2025-06-08_23-20-23 ideal) by extensions ['ros']
[0.438s] Level 1:colcon.colcon_core.package_identification:_identify(simulaciones/2025-06-08_23-20-23 ideal) by extension 'ros'
[0.438s] Level 1:colcon.colcon_core.package_identification:_identify(simulaciones/2025-06-08_23-20-23 ideal) by extensions ['cmake', 'python']
[0.438s] Level 1:colcon.colcon_core.package_identification:_identify(simulaciones/2025-06-08_23-20-23 ideal) by extension 'cmake'
[0.438s] Level 1:colcon.colcon_core.package_identification:_identify(simulaciones/2025-06-08_23-20-23 ideal) by extension 'python'
[0.438s] Level 1:colcon.colcon_core.package_identification:_identify(simulaciones/2025-06-08_23-20-23 ideal) by extensions ['python_setup_py']
[0.438s] Level 1:colcon.colcon_core.package_identification:_identify(simulaciones/2025-06-08_23-20-23 ideal) by extension 'python_setup_py'
[0.438s] Level 1:colcon.colcon_core.package_identification:_identify(simulaciones/2025-06-08_23-29-29) by extensions ['ignore', 'ignore_ament_install']
[0.438s] Level 1:colcon.colcon_core.package_identification:_identify(simulaciones/2025-06-08_23-29-29) by extension 'ignore'
[0.438s] Level 1:colcon.colcon_core.package_identification:_identify(simulaciones/2025-06-08_23-29-29) by extension 'ignore_ament_install'
[0.438s] Level 1:colcon.colcon_core.package_identification:_identify(simulaciones/2025-06-08_23-29-29) by extensions ['colcon_pkg']
[0.438s] Level 1:colcon.colcon_core.package_identification:_identify(simulaciones/2025-06-08_23-29-29) by extension 'colcon_pkg'
[0.438s] Level 1:colcon.colcon_core.package_identification:_identify(simulaciones/2025-06-08_23-29-29) by extensions ['colcon_meta']
[0.438s] Level 1:colcon.colcon_core.package_identification:_identify(simulaciones/2025-06-08_23-29-29) by extension 'colcon_meta'
[0.438s] Level 1:colcon.colcon_core.package_identification:_identify(simulaciones/2025-06-08_23-29-29) by extensions ['ros']
[0.438s] Level 1:colcon.colcon_core.package_identification:_identify(simulaciones/2025-06-08_23-29-29) by extension 'ros'
[0.439s] Level 1:colcon.colcon_core.package_identification:_identify(simulaciones/2025-06-08_23-29-29) by extensions ['cmake', 'python']
[0.439s] Level 1:colcon.colcon_core.package_identification:_identify(simulaciones/2025-06-08_23-29-29) by extension 'cmake'
[0.439s] Level 1:colcon.colcon_core.package_identification:_identify(simulaciones/2025-06-08_23-29-29) by extension 'python'
[0.439s] Level 1:colcon.colcon_core.package_identification:_identify(simulaciones/2025-06-08_23-29-29) by extensions ['python_setup_py']
[0.439s] Level 1:colcon.colcon_core.package_identification:_identify(simulaciones/2025-06-08_23-29-29) by extension 'python_setup_py'
[0.439s] Level 1:colcon.colcon_core.package_identification:_identify(simulaciones/2025-06-08_23-29-51) by extensions ['ignore', 'ignore_ament_install']
[0.439s] Level 1:colcon.colcon_core.package_identification:_identify(simulaciones/2025-06-08_23-29-51) by extension 'ignore'
[0.439s] Level 1:colcon.colcon_core.package_identification:_identify(simulaciones/2025-06-08_23-29-51) by extension 'ignore_ament_install'
[0.439s] Level 1:colcon.colcon_core.package_identification:_identify(simulaciones/2025-06-08_23-29-51) by extensions ['colcon_pkg']
[0.439s] Level 1:colcon.colcon_core.package_identification:_identify(simulaciones/2025-06-08_23-29-51) by extension 'colcon_pkg'
[0.439s] Level 1:colcon.colcon_core.package_identification:_identify(simulaciones/2025-06-08_23-29-51) by extensions ['colcon_meta']
[0.439s] Level 1:colcon.colcon_core.package_identification:_identify(simulaciones/2025-06-08_23-29-51) by extension 'colcon_meta'
[0.439s] Level 1:colcon.colcon_core.package_identification:_identify(simulaciones/2025-06-08_23-29-51) by extensions ['ros']
[0.439s] Level 1:colcon.colcon_core.package_identification:_identify(simulaciones/2025-06-08_23-29-51) by extension 'ros'
[0.439s] Level 1:colcon.colcon_core.package_identification:_identify(simulaciones/2025-06-08_23-29-51) by extensions ['cmake', 'python']
[0.439s] Level 1:colcon.colcon_core.package_identification:_identify(simulaciones/2025-06-08_23-29-51) by extension 'cmake'
[0.439s] Level 1:colcon.colcon_core.package_identification:_identify(simulaciones/2025-06-08_23-29-51) by extension 'python'
[0.439s] Level 1:colcon.colcon_core.package_identification:_identify(simulaciones/2025-06-08_23-29-51) by extensions ['python_setup_py']
[0.439s] Level 1:colcon.colcon_core.package_identification:_identify(simulaciones/2025-06-08_23-29-51) by extension 'python_setup_py'
[0.439s] Level 1:colcon.colcon_core.package_identification:_identify(simulaciones/2025-06-09_12-01-15) by extensions ['ignore', 'ignore_ament_install']
[0.439s] Level 1:colcon.colcon_core.package_identification:_identify(simulaciones/2025-06-09_12-01-15) by extension 'ignore'
[0.439s] Level 1:colcon.colcon_core.package_identification:_identify(simulaciones/2025-06-09_12-01-15) by extension 'ignore_ament_install'
[0.439s] Level 1:colcon.colcon_core.package_identification:_identify(simulaciones/2025-06-09_12-01-15) by extensions ['colcon_pkg']
[0.439s] Level 1:colcon.colcon_core.package_identification:_identify(simulaciones/2025-06-09_12-01-15) by extension 'colcon_pkg'
[0.439s] Level 1:colcon.colcon_core.package_identification:_identify(simulaciones/2025-06-09_12-01-15) by extensions ['colcon_meta']
[0.439s] Level 1:colcon.colcon_core.package_identification:_identify(simulaciones/2025-06-09_12-01-15) by extension 'colcon_meta'
[0.439s] Level 1:colcon.colcon_core.package_identification:_identify(simulaciones/2025-06-09_12-01-15) by extensions ['ros']
[0.439s] Level 1:colcon.colcon_core.package_identification:_identify(simulaciones/2025-06-09_12-01-15) by extension 'ros'
[0.440s] Level 1:colcon.colcon_core.package_identification:_identify(simulaciones/2025-06-09_12-01-15) by extensions ['cmake', 'python']
[0.440s] Level 1:colcon.colcon_core.package_identification:_identify(simulaciones/2025-06-09_12-01-15) by extension 'cmake'
[0.440s] Level 1:colcon.colcon_core.package_identification:_identify(simulaciones/2025-06-09_12-01-15) by extension 'python'
[0.440s] Level 1:colcon.colcon_core.package_identification:_identify(simulaciones/2025-06-09_12-01-15) by extensions ['python_setup_py']
[0.440s] Level 1:colcon.colcon_core.package_identification:_identify(simulaciones/2025-06-09_12-01-15) by extension 'python_setup_py'
[0.440s] Level 1:colcon.colcon_core.package_identification:_identify(simulaciones/2025-06-09_12-02-17) by extensions ['ignore', 'ignore_ament_install']
[0.440s] Level 1:colcon.colcon_core.package_identification:_identify(simulaciones/2025-06-09_12-02-17) by extension 'ignore'
[0.440s] Level 1:colcon.colcon_core.package_identification:_identify(simulaciones/2025-06-09_12-02-17) by extension 'ignore_ament_install'
[0.440s] Level 1:colcon.colcon_core.package_identification:_identify(simulaciones/2025-06-09_12-02-17) by extensions ['colcon_pkg']
[0.440s] Level 1:colcon.colcon_core.package_identification:_identify(simulaciones/2025-06-09_12-02-17) by extension 'colcon_pkg'
[0.440s] Level 1:colcon.colcon_core.package_identification:_identify(simulaciones/2025-06-09_12-02-17) by extensions ['colcon_meta']
[0.440s] Level 1:colcon.colcon_core.package_identification:_identify(simulaciones/2025-06-09_12-02-17) by extension 'colcon_meta'
[0.440s] Level 1:colcon.colcon_core.package_identification:_identify(simulaciones/2025-06-09_12-02-17) by extensions ['ros']
[0.440s] Level 1:colcon.colcon_core.package_identification:_identify(simulaciones/2025-06-09_12-02-17) by extension 'ros'
[0.440s] Level 1:colcon.colcon_core.package_identification:_identify(simulaciones/2025-06-09_12-02-17) by extensions ['cmake', 'python']
[0.440s] Level 1:colcon.colcon_core.package_identification:_identify(simulaciones/2025-06-09_12-02-17) by extension 'cmake'
[0.440s] Level 1:colcon.colcon_core.package_identification:_identify(simulaciones/2025-06-09_12-02-17) by extension 'python'
[0.440s] Level 1:colcon.colcon_core.package_identification:_identify(simulaciones/2025-06-09_12-02-17) by extensions ['python_setup_py']
[0.440s] Level 1:colcon.colcon_core.package_identification:_identify(simulaciones/2025-06-09_12-02-17) by extension 'python_setup_py'
[0.440s] Level 1:colcon.colcon_core.package_identification:_identify(simulaciones/2025-06-09_12-03-43) by extensions ['ignore', 'ignore_ament_install']
[0.440s] Level 1:colcon.colcon_core.package_identification:_identify(simulaciones/2025-06-09_12-03-43) by extension 'ignore'
[0.440s] Level 1:colcon.colcon_core.package_identification:_identify(simulaciones/2025-06-09_12-03-43) by extension 'ignore_ament_install'
[0.440s] Level 1:colcon.colcon_core.package_identification:_identify(simulaciones/2025-06-09_12-03-43) by extensions ['colcon_pkg']
[0.440s] Level 1:colcon.colcon_core.package_identification:_identify(simulaciones/2025-06-09_12-03-43) by extension 'colcon_pkg'
[0.440s] Level 1:colcon.colcon_core.package_identification:_identify(simulaciones/2025-06-09_12-03-43) by extensions ['colcon_meta']
[0.440s] Level 1:colcon.colcon_core.package_identification:_identify(simulaciones/2025-06-09_12-03-43) by extension 'colcon_meta'
[0.440s] Level 1:colcon.colcon_core.package_identification:_identify(simulaciones/2025-06-09_12-03-43) by extensions ['ros']
[0.440s] Level 1:colcon.colcon_core.package_identification:_identify(simulaciones/2025-06-09_12-03-43) by extension 'ros'
[0.441s] Level 1:colcon.colcon_core.package_identification:_identify(simulaciones/2025-06-09_12-03-43) by extensions ['cmake', 'python']
[0.441s] Level 1:colcon.colcon_core.package_identification:_identify(simulaciones/2025-06-09_12-03-43) by extension 'cmake'
[0.441s] Level 1:colcon.colcon_core.package_identification:_identify(simulaciones/2025-06-09_12-03-43) by extension 'python'
[0.441s] Level 1:colcon.colcon_core.package_identification:_identify(simulaciones/2025-06-09_12-03-43) by extensions ['python_setup_py']
[0.441s] Level 1:colcon.colcon_core.package_identification:_identify(simulaciones/2025-06-09_12-03-43) by extension 'python_setup_py'
[0.441s] Level 1:colcon.colcon_core.package_identification:_identify(simulaciones/2025-06-11_17-30-17) by extensions ['ignore', 'ignore_ament_install']
[0.441s] Level 1:colcon.colcon_core.package_identification:_identify(simulaciones/2025-06-11_17-30-17) by extension 'ignore'
[0.441s] Level 1:colcon.colcon_core.package_identification:_identify(simulaciones/2025-06-11_17-30-17) by extension 'ignore_ament_install'
[0.441s] Level 1:colcon.colcon_core.package_identification:_identify(simulaciones/2025-06-11_17-30-17) by extensions ['colcon_pkg']
[0.441s] Level 1:colcon.colcon_core.package_identification:_identify(simulaciones/2025-06-11_17-30-17) by extension 'colcon_pkg'
[0.441s] Level 1:colcon.colcon_core.package_identification:_identify(simulaciones/2025-06-11_17-30-17) by extensions ['colcon_meta']
[0.441s] Level 1:colcon.colcon_core.package_identification:_identify(simulaciones/2025-06-11_17-30-17) by extension 'colcon_meta'
[0.441s] Level 1:colcon.colcon_core.package_identification:_identify(simulaciones/2025-06-11_17-30-17) by extensions ['ros']
[0.441s] Level 1:colcon.colcon_core.package_identification:_identify(simulaciones/2025-06-11_17-30-17) by extension 'ros'
[0.441s] Level 1:colcon.colcon_core.package_identification:_identify(simulaciones/2025-06-11_17-30-17) by extensions ['cmake', 'python']
[0.441s] Level 1:colcon.colcon_core.package_identification:_identify(simulaciones/2025-06-11_17-30-17) by extension 'cmake'
[0.441s] Level 1:colcon.colcon_core.package_identification:_identify(simulaciones/2025-06-11_17-30-17) by extension 'python'
[0.441s] Level 1:colcon.colcon_core.package_identification:_identify(simulaciones/2025-06-11_17-30-17) by extensions ['python_setup_py']
[0.441s] Level 1:colcon.colcon_core.package_identification:_identify(simulaciones/2025-06-11_17-30-17) by extension 'python_setup_py'
[0.441s] Level 1:colcon.colcon_core.package_identification:_identify(simulaciones/2025-06-11_17-49-46) by extensions ['ignore', 'ignore_ament_install']
[0.441s] Level 1:colcon.colcon_core.package_identification:_identify(simulaciones/2025-06-11_17-49-46) by extension 'ignore'
[0.441s] Level 1:colcon.colcon_core.package_identification:_identify(simulaciones/2025-06-11_17-49-46) by extension 'ignore_ament_install'
[0.441s] Level 1:colcon.colcon_core.package_identification:_identify(simulaciones/2025-06-11_17-49-46) by extensions ['colcon_pkg']
[0.441s] Level 1:colcon.colcon_core.package_identification:_identify(simulaciones/2025-06-11_17-49-46) by extension 'colcon_pkg'
[0.441s] Level 1:colcon.colcon_core.package_identification:_identify(simulaciones/2025-06-11_17-49-46) by extensions ['colcon_meta']
[0.441s] Level 1:colcon.colcon_core.package_identification:_identify(simulaciones/2025-06-11_17-49-46) by extension 'colcon_meta'
[0.441s] Level 1:colcon.colcon_core.package_identification:_identify(simulaciones/2025-06-11_17-49-46) by extensions ['ros']
[0.441s] Level 1:colcon.colcon_core.package_identification:_identify(simulaciones/2025-06-11_17-49-46) by extension 'ros'
[0.442s] Level 1:colcon.colcon_core.package_identification:_identify(simulaciones/2025-06-11_17-49-46) by extensions ['cmake', 'python']
[0.442s] Level 1:colcon.colcon_core.package_identification:_identify(simulaciones/2025-06-11_17-49-46) by extension 'cmake'
[0.442s] Level 1:colcon.colcon_core.package_identification:_identify(simulaciones/2025-06-11_17-49-46) by extension 'python'
[0.442s] Level 1:colcon.colcon_core.package_identification:_identify(simulaciones/2025-06-11_17-49-46) by extensions ['python_setup_py']
[0.442s] Level 1:colcon.colcon_core.package_identification:_identify(simulaciones/2025-06-11_17-49-46) by extension 'python_setup_py'
[0.442s] Level 1:colcon.colcon_core.package_identification:_identify(simulaciones/2025-06-11_17-50-58) by extensions ['ignore', 'ignore_ament_install']
[0.442s] Level 1:colcon.colcon_core.package_identification:_identify(simulaciones/2025-06-11_17-50-58) by extension 'ignore'
[0.442s] Level 1:colcon.colcon_core.package_identification:_identify(simulaciones/2025-06-11_17-50-58) by extension 'ignore_ament_install'
[0.442s] Level 1:colcon.colcon_core.package_identification:_identify(simulaciones/2025-06-11_17-50-58) by extensions ['colcon_pkg']
[0.442s] Level 1:colcon.colcon_core.package_identification:_identify(simulaciones/2025-06-11_17-50-58) by extension 'colcon_pkg'
[0.442s] Level 1:colcon.colcon_core.package_identification:_identify(simulaciones/2025-06-11_17-50-58) by extensions ['colcon_meta']
[0.442s] Level 1:colcon.colcon_core.package_identification:_identify(simulaciones/2025-06-11_17-50-58) by extension 'colcon_meta'
[0.442s] Level 1:colcon.colcon_core.package_identification:_identify(simulaciones/2025-06-11_17-50-58) by extensions ['ros']
[0.442s] Level 1:colcon.colcon_core.package_identification:_identify(simulaciones/2025-06-11_17-50-58) by extension 'ros'
[0.442s] Level 1:colcon.colcon_core.package_identification:_identify(simulaciones/2025-06-11_17-50-58) by extensions ['cmake', 'python']
[0.442s] Level 1:colcon.colcon_core.package_identification:_identify(simulaciones/2025-06-11_17-50-58) by extension 'cmake'
[0.442s] Level 1:colcon.colcon_core.package_identification:_identify(simulaciones/2025-06-11_17-50-58) by extension 'python'
[0.442s] Level 1:colcon.colcon_core.package_identification:_identify(simulaciones/2025-06-11_17-50-58) by extensions ['python_setup_py']
[0.442s] Level 1:colcon.colcon_core.package_identification:_identify(simulaciones/2025-06-11_17-50-58) by extension 'python_setup_py'
[0.442s] Level 1:colcon.colcon_core.package_identification:_identify(simulaciones/Prueba_2) by extensions ['ignore', 'ignore_ament_install']
[0.442s] Level 1:colcon.colcon_core.package_identification:_identify(simulaciones/Prueba_2) by extension 'ignore'
[0.442s] Level 1:colcon.colcon_core.package_identification:_identify(simulaciones/Prueba_2) by extension 'ignore_ament_install'
[0.442s] Level 1:colcon.colcon_core.package_identification:_identify(simulaciones/Prueba_2) by extensions ['colcon_pkg']
[0.442s] Level 1:colcon.colcon_core.package_identification:_identify(simulaciones/Prueba_2) by extension 'colcon_pkg'
[0.442s] Level 1:colcon.colcon_core.package_identification:_identify(simulaciones/Prueba_2) by extensions ['colcon_meta']
[0.442s] Level 1:colcon.colcon_core.package_identification:_identify(simulaciones/Prueba_2) by extension 'colcon_meta'
[0.442s] Level 1:colcon.colcon_core.package_identification:_identify(simulaciones/Prueba_2) by extensions ['ros']
[0.442s] Level 1:colcon.colcon_core.package_identification:_identify(simulaciones/Prueba_2) by extension 'ros'
[0.442s] Level 1:colcon.colcon_core.package_identification:_identify(simulaciones/Prueba_2) by extensions ['cmake', 'python']
[0.443s] Level 1:colcon.colcon_core.package_identification:_identify(simulaciones/Prueba_2) by extension 'cmake'
[0.443s] Level 1:colcon.colcon_core.package_identification:_identify(simulaciones/Prueba_2) by extension 'python'
[0.443s] Level 1:colcon.colcon_core.package_identification:_identify(simulaciones/Prueba_2) by extensions ['python_setup_py']
[0.443s] Level 1:colcon.colcon_core.package_identification:_identify(simulaciones/Prueba_2) by extension 'python_setup_py'
[0.443s] Level 1:colcon.colcon_core.package_identification:_identify(simulaciones/Prueba_3) by extensions ['ignore', 'ignore_ament_install']
[0.443s] Level 1:colcon.colcon_core.package_identification:_identify(simulaciones/Prueba_3) by extension 'ignore'
[0.443s] Level 1:colcon.colcon_core.package_identification:_identify(simulaciones/Prueba_3) by extension 'ignore_ament_install'
[0.443s] Level 1:colcon.colcon_core.package_identification:_identify(simulaciones/Prueba_3) by extensions ['colcon_pkg']
[0.443s] Level 1:colcon.colcon_core.package_identification:_identify(simulaciones/Prueba_3) by extension 'colcon_pkg'
[0.443s] Level 1:colcon.colcon_core.package_identification:_identify(simulaciones/Prueba_3) by extensions ['colcon_meta']
[0.443s] Level 1:colcon.colcon_core.package_identification:_identify(simulaciones/Prueba_3) by extension 'colcon_meta'
[0.443s] Level 1:colcon.colcon_core.package_identification:_identify(simulaciones/Prueba_3) by extensions ['ros']
[0.443s] Level 1:colcon.colcon_core.package_identification:_identify(simulaciones/Prueba_3) by extension 'ros'
[0.443s] Level 1:colcon.colcon_core.package_identification:_identify(simulaciones/Prueba_3) by extensions ['cmake', 'python']
[0.443s] Level 1:colcon.colcon_core.package_identification:_identify(simulaciones/Prueba_3) by extension 'cmake'
[0.443s] Level 1:colcon.colcon_core.package_identification:_identify(simulaciones/Prueba_3) by extension 'python'
[0.443s] Level 1:colcon.colcon_core.package_identification:_identify(simulaciones/Prueba_3) by extensions ['python_setup_py']
[0.443s] Level 1:colcon.colcon_core.package_identification:_identify(simulaciones/Prueba_3) by extension 'python_setup_py'
[0.443s] Level 1:colcon.colcon_core.package_identification:_identify(simulaciones/Prueba_4) by extensions ['ignore', 'ignore_ament_install']
[0.443s] Level 1:colcon.colcon_core.package_identification:_identify(simulaciones/Prueba_4) by extension 'ignore'
[0.443s] Level 1:colcon.colcon_core.package_identification:_identify(simulaciones/Prueba_4) by extension 'ignore_ament_install'
[0.443s] Level 1:colcon.colcon_core.package_identification:_identify(simulaciones/Prueba_4) by extensions ['colcon_pkg']
[0.443s] Level 1:colcon.colcon_core.package_identification:_identify(simulaciones/Prueba_4) by extension 'colcon_pkg'
[0.443s] Level 1:colcon.colcon_core.package_identification:_identify(simulaciones/Prueba_4) by extensions ['colcon_meta']
[0.443s] Level 1:colcon.colcon_core.package_identification:_identify(simulaciones/Prueba_4) by extension 'colcon_meta'
[0.443s] Level 1:colcon.colcon_core.package_identification:_identify(simulaciones/Prueba_4) by extensions ['ros']
[0.443s] Level 1:colcon.colcon_core.package_identification:_identify(simulaciones/Prueba_4) by extension 'ros'
[0.443s] Level 1:colcon.colcon_core.package_identification:_identify(simulaciones/Prueba_4) by extensions ['cmake', 'python']
[0.443s] Level 1:colcon.colcon_core.package_identification:_identify(simulaciones/Prueba_4) by extension 'cmake'
[0.444s] Level 1:colcon.colcon_core.package_identification:_identify(simulaciones/Prueba_4) by extension 'python'
[0.444s] Level 1:colcon.colcon_core.package_identification:_identify(simulaciones/Prueba_4) by extensions ['python_setup_py']
[0.444s] Level 1:colcon.colcon_core.package_identification:_identify(simulaciones/Prueba_4) by extension 'python_setup_py'
[0.444s] Level 1:colcon.colcon_core.package_identification:_identify(simulaciones/Prueba_5) by extensions ['ignore', 'ignore_ament_install']
[0.444s] Level 1:colcon.colcon_core.package_identification:_identify(simulaciones/Prueba_5) by extension 'ignore'
[0.444s] Level 1:colcon.colcon_core.package_identification:_identify(simulaciones/Prueba_5) by extension 'ignore_ament_install'
[0.444s] Level 1:colcon.colcon_core.package_identification:_identify(simulaciones/Prueba_5) by extensions ['colcon_pkg']
[0.444s] Level 1:colcon.colcon_core.package_identification:_identify(simulaciones/Prueba_5) by extension 'colcon_pkg'
[0.444s] Level 1:colcon.colcon_core.package_identification:_identify(simulaciones/Prueba_5) by extensions ['colcon_meta']
[0.444s] Level 1:colcon.colcon_core.package_identification:_identify(simulaciones/Prueba_5) by extension 'colcon_meta'
[0.444s] Level 1:colcon.colcon_core.package_identification:_identify(simulaciones/Prueba_5) by extensions ['ros']
[0.444s] Level 1:colcon.colcon_core.package_identification:_identify(simulaciones/Prueba_5) by extension 'ros'
[0.444s] Level 1:colcon.colcon_core.package_identification:_identify(simulaciones/Prueba_5) by extensions ['cmake', 'python']
[0.444s] Level 1:colcon.colcon_core.package_identification:_identify(simulaciones/Prueba_5) by extension 'cmake'
[0.444s] Level 1:colcon.colcon_core.package_identification:_identify(simulaciones/Prueba_5) by extension 'python'
[0.444s] Level 1:colcon.colcon_core.package_identification:_identify(simulaciones/Prueba_5) by extensions ['python_setup_py']
[0.444s] Level 1:colcon.colcon_core.package_identification:_identify(simulaciones/Prueba_5) by extension 'python_setup_py'
[0.444s] Level 1:colcon.colcon_core.package_identification:_identify(simulaciones/Prueba_6) by extensions ['ignore', 'ignore_ament_install']
[0.444s] Level 1:colcon.colcon_core.package_identification:_identify(simulaciones/Prueba_6) by extension 'ignore'
[0.444s] Level 1:colcon.colcon_core.package_identification:_identify(simulaciones/Prueba_6) by extension 'ignore_ament_install'
[0.444s] Level 1:colcon.colcon_core.package_identification:_identify(simulaciones/Prueba_6) by extensions ['colcon_pkg']
[0.444s] Level 1:colcon.colcon_core.package_identification:_identify(simulaciones/Prueba_6) by extension 'colcon_pkg'
[0.444s] Level 1:colcon.colcon_core.package_identification:_identify(simulaciones/Prueba_6) by extensions ['colcon_meta']
[0.444s] Level 1:colcon.colcon_core.package_identification:_identify(simulaciones/Prueba_6) by extension 'colcon_meta'
[0.444s] Level 1:colcon.colcon_core.package_identification:_identify(simulaciones/Prueba_6) by extensions ['ros']
[0.444s] Level 1:colcon.colcon_core.package_identification:_identify(simulaciones/Prueba_6) by extension 'ros'
[0.444s] Level 1:colcon.colcon_core.package_identification:_identify(simulaciones/Prueba_6) by extensions ['cmake', 'python']
[0.444s] Level 1:colcon.colcon_core.package_identification:_identify(simulaciones/Prueba_6) by extension 'cmake'
[0.445s] Level 1:colcon.colcon_core.package_identification:_identify(simulaciones/Prueba_6) by extension 'python'
[0.445s] Level 1:colcon.colcon_core.package_identification:_identify(simulaciones/Prueba_6) by extensions ['python_setup_py']
[0.445s] Level 1:colcon.colcon_core.package_identification:_identify(simulaciones/Prueba_6) by extension 'python_setup_py'
[0.445s] Level 1:colcon.colcon_core.package_identification:_identify(simulaciones/Prueba_7) by extensions ['ignore', 'ignore_ament_install']
[0.445s] Level 1:colcon.colcon_core.package_identification:_identify(simulaciones/Prueba_7) by extension 'ignore'
[0.445s] Level 1:colcon.colcon_core.package_identification:_identify(simulaciones/Prueba_7) by extension 'ignore_ament_install'
[0.445s] Level 1:colcon.colcon_core.package_identification:_identify(simulaciones/Prueba_7) by extensions ['colcon_pkg']
[0.445s] Level 1:colcon.colcon_core.package_identification:_identify(simulaciones/Prueba_7) by extension 'colcon_pkg'
[0.445s] Level 1:colcon.colcon_core.package_identification:_identify(simulaciones/Prueba_7) by extensions ['colcon_meta']
[0.445s] Level 1:colcon.colcon_core.package_identification:_identify(simulaciones/Prueba_7) by extension 'colcon_meta'
[0.445s] Level 1:colcon.colcon_core.package_identification:_identify(simulaciones/Prueba_7) by extensions ['ros']
[0.445s] Level 1:colcon.colcon_core.package_identification:_identify(simulaciones/Prueba_7) by extension 'ros'
[0.445s] Level 1:colcon.colcon_core.package_identification:_identify(simulaciones/Prueba_7) by extensions ['cmake', 'python']
[0.445s] Level 1:colcon.colcon_core.package_identification:_identify(simulaciones/Prueba_7) by extension 'cmake'
[0.445s] Level 1:colcon.colcon_core.package_identification:_identify(simulaciones/Prueba_7) by extension 'python'
[0.445s] Level 1:colcon.colcon_core.package_identification:_identify(simulaciones/Prueba_7) by extensions ['python_setup_py']
[0.445s] Level 1:colcon.colcon_core.package_identification:_identify(simulaciones/Prueba_7) by extension 'python_setup_py'
[0.445s] Level 1:colcon.colcon_core.package_identification:_identify(simulaciones/Prueba_8) by extensions ['ignore', 'ignore_ament_install']
[0.445s] Level 1:colcon.colcon_core.package_identification:_identify(simulaciones/Prueba_8) by extension 'ignore'
[0.445s] Level 1:colcon.colcon_core.package_identification:_identify(simulaciones/Prueba_8) by extension 'ignore_ament_install'
[0.445s] Level 1:colcon.colcon_core.package_identification:_identify(simulaciones/Prueba_8) by extensions ['colcon_pkg']
[0.445s] Level 1:colcon.colcon_core.package_identification:_identify(simulaciones/Prueba_8) by extension 'colcon_pkg'
[0.445s] Level 1:colcon.colcon_core.package_identification:_identify(simulaciones/Prueba_8) by extensions ['colcon_meta']
[0.445s] Level 1:colcon.colcon_core.package_identification:_identify(simulaciones/Prueba_8) by extension 'colcon_meta'
[0.445s] Level 1:colcon.colcon_core.package_identification:_identify(simulaciones/Prueba_8) by extensions ['ros']
[0.445s] Level 1:colcon.colcon_core.package_identification:_identify(simulaciones/Prueba_8) by extension 'ros'
[0.445s] Level 1:colcon.colcon_core.package_identification:_identify(simulaciones/Prueba_8) by extensions ['cmake', 'python']
[0.445s] Level 1:colcon.colcon_core.package_identification:_identify(simulaciones/Prueba_8) by extension 'cmake'
[0.445s] Level 1:colcon.colcon_core.package_identification:_identify(simulaciones/Prueba_8) by extension 'python'
[0.446s] Level 1:colcon.colcon_core.package_identification:_identify(simulaciones/Prueba_8) by extensions ['python_setup_py']
[0.446s] Level 1:colcon.colcon_core.package_identification:_identify(simulaciones/Prueba_8) by extension 'python_setup_py'
[0.446s] Level 1:colcon.colcon_core.package_identification:_identify(simulaciones/Prueba_9) by extensions ['ignore', 'ignore_ament_install']
[0.446s] Level 1:colcon.colcon_core.package_identification:_identify(simulaciones/Prueba_9) by extension 'ignore'
[0.446s] Level 1:colcon.colcon_core.package_identification:_identify(simulaciones/Prueba_9) by extension 'ignore_ament_install'
[0.446s] Level 1:colcon.colcon_core.package_identification:_identify(simulaciones/Prueba_9) by extensions ['colcon_pkg']
[0.446s] Level 1:colcon.colcon_core.package_identification:_identify(simulaciones/Prueba_9) by extension 'colcon_pkg'
[0.446s] Level 1:colcon.colcon_core.package_identification:_identify(simulaciones/Prueba_9) by extensions ['colcon_meta']
[0.446s] Level 1:colcon.colcon_core.package_identification:_identify(simulaciones/Prueba_9) by extension 'colcon_meta'
[0.446s] Level 1:colcon.colcon_core.package_identification:_identify(simulaciones/Prueba_9) by extensions ['ros']
[0.446s] Level 1:colcon.colcon_core.package_identification:_identify(simulaciones/Prueba_9) by extension 'ros'
[0.446s] Level 1:colcon.colcon_core.package_identification:_identify(simulaciones/Prueba_9) by extensions ['cmake', 'python']
[0.446s] Level 1:colcon.colcon_core.package_identification:_identify(simulaciones/Prueba_9) by extension 'cmake'
[0.446s] Level 1:colcon.colcon_core.package_identification:_identify(simulaciones/Prueba_9) by extension 'python'
[0.446s] Level 1:colcon.colcon_core.package_identification:_identify(simulaciones/Prueba_9) by extensions ['python_setup_py']
[0.446s] Level 1:colcon.colcon_core.package_identification:_identify(simulaciones/Prueba_9) by extension 'python_setup_py'
[0.446s] Level 1:colcon.colcon_core.package_identification:_identify(simulaciones/Prueba_general_1) by extensions ['ignore', 'ignore_ament_install']
[0.446s] Level 1:colcon.colcon_core.package_identification:_identify(simulaciones/Prueba_general_1) by extension 'ignore'
[0.446s] Level 1:colcon.colcon_core.package_identification:_identify(simulaciones/Prueba_general_1) by extension 'ignore_ament_install'
[0.446s] Level 1:colcon.colcon_core.package_identification:_identify(simulaciones/Prueba_general_1) by extensions ['colcon_pkg']
[0.446s] Level 1:colcon.colcon_core.package_identification:_identify(simulaciones/Prueba_general_1) by extension 'colcon_pkg'
[0.446s] Level 1:colcon.colcon_core.package_identification:_identify(simulaciones/Prueba_general_1) by extensions ['colcon_meta']
[0.446s] Level 1:colcon.colcon_core.package_identification:_identify(simulaciones/Prueba_general_1) by extension 'colcon_meta'
[0.446s] Level 1:colcon.colcon_core.package_identification:_identify(simulaciones/Prueba_general_1) by extensions ['ros']
[0.446s] Level 1:colcon.colcon_core.package_identification:_identify(simulaciones/Prueba_general_1) by extension 'ros'
[0.446s] Level 1:colcon.colcon_core.package_identification:_identify(simulaciones/Prueba_general_1) by extensions ['cmake', 'python']
[0.446s] Level 1:colcon.colcon_core.package_identification:_identify(simulaciones/Prueba_general_1) by extension 'cmake'
[0.446s] Level 1:colcon.colcon_core.package_identification:_identify(simulaciones/Prueba_general_1) by extension 'python'
[0.446s] Level 1:colcon.colcon_core.package_identification:_identify(simulaciones/Prueba_general_1) by extensions ['python_setup_py']
[0.446s] Level 1:colcon.colcon_core.package_identification:_identify(simulaciones/Prueba_general_1) by extension 'python_setup_py'
[0.448s] Level 1:colcon.colcon_core.package_identification:_identify(simulaciones/Prueba_general_1/pruebaGeneral_1) by extensions ['ignore', 'ignore_ament_install']
[0.448s] Level 1:colcon.colcon_core.package_identification:_identify(simulaciones/Prueba_general_1/pruebaGeneral_1) by extension 'ignore'
[0.448s] Level 1:colcon.colcon_core.package_identification:_identify(simulaciones/Prueba_general_1/pruebaGeneral_1) by extension 'ignore_ament_install'
[0.448s] Level 1:colcon.colcon_core.package_identification:_identify(simulaciones/Prueba_general_1/pruebaGeneral_1) by extensions ['colcon_pkg']
[0.448s] Level 1:colcon.colcon_core.package_identification:_identify(simulaciones/Prueba_general_1/pruebaGeneral_1) by extension 'colcon_pkg'
[0.448s] Level 1:colcon.colcon_core.package_identification:_identify(simulaciones/Prueba_general_1/pruebaGeneral_1) by extensions ['colcon_meta']
[0.448s] Level 1:colcon.colcon_core.package_identification:_identify(simulaciones/Prueba_general_1/pruebaGeneral_1) by extension 'colcon_meta'
[0.448s] Level 1:colcon.colcon_core.package_identification:_identify(simulaciones/Prueba_general_1/pruebaGeneral_1) by extensions ['ros']
[0.448s] Level 1:colcon.colcon_core.package_identification:_identify(simulaciones/Prueba_general_1/pruebaGeneral_1) by extension 'ros'
[0.448s] Level 1:colcon.colcon_core.package_identification:_identify(simulaciones/Prueba_general_1/pruebaGeneral_1) by extensions ['cmake', 'python']
[0.448s] Level 1:colcon.colcon_core.package_identification:_identify(simulaciones/Prueba_general_1/pruebaGeneral_1) by extension 'cmake'
[0.448s] Level 1:colcon.colcon_core.package_identification:_identify(simulaciones/Prueba_general_1/pruebaGeneral_1) by extension 'python'
[0.448s] Level 1:colcon.colcon_core.package_identification:_identify(simulaciones/Prueba_general_1/pruebaGeneral_1) by extensions ['python_setup_py']
[0.448s] Level 1:colcon.colcon_core.package_identification:_identify(simulaciones/Prueba_general_1/pruebaGeneral_1) by extension 'python_setup_py'
[0.448s] Level 1:colcon.colcon_core.package_identification:_identify(src) by extensions ['ignore', 'ignore_ament_install']
[0.448s] Level 1:colcon.colcon_core.package_identification:_identify(src) by extension 'ignore'
[0.448s] Level 1:colcon.colcon_core.package_identification:_identify(src) by extension 'ignore_ament_install'
[0.449s] Level 1:colcon.colcon_core.package_identification:_identify(src) by extensions ['colcon_pkg']
[0.449s] Level 1:colcon.colcon_core.package_identification:_identify(src) by extension 'colcon_pkg'
[0.449s] Level 1:colcon.colcon_core.package_identification:_identify(src) by extensions ['colcon_meta']
[0.449s] Level 1:colcon.colcon_core.package_identification:_identify(src) by extension 'colcon_meta'
[0.449s] Level 1:colcon.colcon_core.package_identification:_identify(src) by extensions ['ros']
[0.449s] Level 1:colcon.colcon_core.package_identification:_identify(src) by extension 'ros'
[0.449s] Level 1:colcon.colcon_core.package_identification:_identify(src) by extensions ['cmake', 'python']
[0.449s] Level 1:colcon.colcon_core.package_identification:_identify(src) by extension 'cmake'
[0.449s] Level 1:colcon.colcon_core.package_identification:_identify(src) by extension 'python'
[0.449s] Level 1:colcon.colcon_core.package_identification:_identify(src) by extensions ['python_setup_py']
[0.449s] Level 1:colcon.colcon_core.package_identification:_identify(src) by extension 'python_setup_py'
[0.449s] Level 1:colcon.colcon_core.package_identification:_identify(src/depthai-ros) by extensions ['ignore', 'ignore_ament_install']
[0.449s] Level 1:colcon.colcon_core.package_identification:_identify(src/depthai-ros) by extension 'ignore'
[0.449s] Level 1:colcon.colcon_core.package_identification:_identify(src/depthai-ros) by extension 'ignore_ament_install'
[0.449s] Level 1:colcon.colcon_core.package_identification:_identify(src/depthai-ros) by extensions ['colcon_pkg']
[0.449s] Level 1:colcon.colcon_core.package_identification:_identify(src/depthai-ros) by extension 'colcon_pkg'
[0.449s] Level 1:colcon.colcon_core.package_identification:_identify(src/depthai-ros) by extensions ['colcon_meta']
[0.449s] Level 1:colcon.colcon_core.package_identification:_identify(src/depthai-ros) by extension 'colcon_meta'
[0.449s] Level 1:colcon.colcon_core.package_identification:_identify(src/depthai-ros) by extensions ['ros']
[0.449s] Level 1:colcon.colcon_core.package_identification:_identify(src/depthai-ros) by extension 'ros'
[0.449s] Level 1:colcon.colcon_core.package_identification:_identify(src/depthai-ros) by extensions ['cmake', 'python']
[0.449s] Level 1:colcon.colcon_core.package_identification:_identify(src/depthai-ros) by extension 'cmake'
[0.449s] Level 1:colcon.colcon_core.package_identification:_identify(src/depthai-ros) by extension 'python'
[0.449s] Level 1:colcon.colcon_core.package_identification:_identify(src/depthai-ros) by extensions ['python_setup_py']
[0.449s] Level 1:colcon.colcon_core.package_identification:_identify(src/depthai-ros) by extension 'python_setup_py'
[0.449s] Level 1:colcon.colcon_core.package_identification:_identify(src/formas) by extensions ['ignore', 'ignore_ament_install']
[0.450s] Level 1:colcon.colcon_core.package_identification:_identify(src/formas) by extension 'ignore'
[0.450s] Level 1:colcon.colcon_core.package_identification:_identify(src/formas) by extension 'ignore_ament_install'
[0.450s] Level 1:colcon.colcon_core.package_identification:_identify(src/formas) by extensions ['colcon_pkg']
[0.450s] Level 1:colcon.colcon_core.package_identification:_identify(src/formas) by extension 'colcon_pkg'
[0.450s] Level 1:colcon.colcon_core.package_identification:_identify(src/formas) by extensions ['colcon_meta']
[0.450s] Level 1:colcon.colcon_core.package_identification:_identify(src/formas) by extension 'colcon_meta'
[0.450s] Level 1:colcon.colcon_core.package_identification:_identify(src/formas) by extensions ['ros']
[0.450s] Level 1:colcon.colcon_core.package_identification:_identify(src/formas) by extension 'ros'
[0.453s] DEBUG:colcon.colcon_core.package_identification:Package 'src/formas' with type 'ros.ament_python' and name 'formas'
[0.454s] Level 1:colcon.colcon_core.package_identification:_identify(src/tb4_sim) by extensions ['ignore', 'ignore_ament_install']
[0.454s] Level 1:colcon.colcon_core.package_identification:_identify(src/tb4_sim) by extension 'ignore'
[0.454s] Level 1:colcon.colcon_core.package_identification:_identify(src/tb4_sim) by extension 'ignore_ament_install'
[0.454s] Level 1:colcon.colcon_core.package_identification:_identify(src/tb4_sim) by extensions ['colcon_pkg']
[0.454s] Level 1:colcon.colcon_core.package_identification:_identify(src/tb4_sim) by extension 'colcon_pkg'
[0.454s] Level 1:colcon.colcon_core.package_identification:_identify(src/tb4_sim) by extensions ['colcon_meta']
[0.454s] Level 1:colcon.colcon_core.package_identification:_identify(src/tb4_sim) by extension 'colcon_meta'
[0.454s] Level 1:colcon.colcon_core.package_identification:_identify(src/tb4_sim) by extensions ['ros']
[0.454s] Level 1:colcon.colcon_core.package_identification:_identify(src/tb4_sim) by extension 'ros'
[0.475s] DEBUG:colcon.colcon_core.package_identification:Package 'src/tb4_sim' with type 'ros.ament_python' and name 'tb4_sim'
[0.475s] Level 1:colcon.colcon_core.package_discovery:discover_packages(recursive) using defaults
[0.475s] Level 1:colcon.colcon_core.package_discovery:discover_packages(ignore) discover
[0.475s] Level 1:colcon.colcon_core.package_discovery:discover_packages(ignore) using defaults
[0.475s] Level 1:colcon.colcon_core.package_discovery:discover_packages(path) discover
[0.475s] Level 1:colcon.colcon_core.package_discovery:discover_packages(path) using defaults
[0.502s] Level 1:colcon.colcon_core.package_discovery:discover_packages(prefix_path) check parameters
[0.503s] Level 1:colcon.colcon_core.package_discovery:discover_packages(prefix_path) discover
[0.507s] DEBUG:colcon.colcon_installed_package_information.package_discovery:Found 488 installed packages in /opt/ros/humble
[0.509s] Level 1:colcon.colcon_core.package_discovery:discover_packages(prefix_path) using defaults
[0.557s] Level 5:colcon.colcon_core.verb:set package 'formas' build argument 'cmake_args' from command line to 'None'
[0.557s] Level 5:colcon.colcon_core.verb:set package 'formas' build argument 'cmake_target' from command line to 'None'
[0.557s] Level 5:colcon.colcon_core.verb:set package 'formas' build argument 'cmake_target_skip_unavailable' from command line to 'False'
[0.557s] Level 5:colcon.colcon_core.verb:set package 'formas' build argument 'cmake_clean_cache' from command line to 'False'
[0.557s] Level 5:colcon.colcon_core.verb:set package 'formas' build argument 'cmake_clean_first' from command line to 'False'
[0.557s] Level 5:colcon.colcon_core.verb:set package 'formas' build argument 'cmake_force_configure' from command line to 'False'
[0.557s] Level 5:colcon.colcon_core.verb:set package 'formas' build argument 'ament_cmake_args' from command line to 'None'
[0.557s] Level 5:colcon.colcon_core.verb:set package 'formas' build argument 'catkin_cmake_args' from command line to 'None'
[0.557s] Level 5:colcon.colcon_core.verb:set package 'formas' build argument 'catkin_skip_building_tests' from command line to 'False'
[0.557s] DEBUG:colcon.colcon_core.verb:Building package 'formas' with the following arguments: {'ament_cmake_args': None, 'build_base': '/home/echedey/Desktop/TFG/TFGwebots_ws/build/formas', 'catkin_cmake_args': None, 'catkin_skip_building_tests': False, 'cmake_args': None, 'cmake_clean_cache': False, 'cmake_clean_first': False, 'cmake_force_configure': False, 'cmake_target': None, 'cmake_target_skip_unavailable': False, 'install_base': '/home/echedey/Desktop/TFG/TFGwebots_ws/install/formas', 'merge_install': False, 'path': '/home/echedey/Desktop/TFG/TFGwebots_ws/src/formas', 'symlink_install': False, 'test_result_base': None}
[0.557s] Level 5:colcon.colcon_core.verb:set package 'tb4_sim' build argument 'cmake_args' from command line to 'None'
[0.557s] Level 5:colcon.colcon_core.verb:set package 'tb4_sim' build argument 'cmake_target' from command line to 'None'
[0.557s] Level 5:colcon.colcon_core.verb:set package 'tb4_sim' build argument 'cmake_target_skip_unavailable' from command line to 'False'
[0.557s] Level 5:colcon.colcon_core.verb:set package 'tb4_sim' build argument 'cmake_clean_cache' from command line to 'False'
[0.557s] Level 5:colcon.colcon_core.verb:set package 'tb4_sim' build argument 'cmake_clean_first' from command line to 'False'
[0.557s] Level 5:colcon.colcon_core.verb:set package 'tb4_sim' build argument 'cmake_force_configure' from command line to 'False'
[0.557s] Level 5:colcon.colcon_core.verb:set package 'tb4_sim' build argument 'ament_cmake_args' from command line to 'None'
[0.557s] Level 5:colcon.colcon_core.verb:set package 'tb4_sim' build argument 'catkin_cmake_args' from command line to 'None'
[0.557s] Level 5:colcon.colcon_core.verb:set package 'tb4_sim' build argument 'catkin_skip_building_tests' from command line to 'False'
[0.557s] DEBUG:colcon.colcon_core.verb:Building package 'tb4_sim' with the following arguments: {'ament_cmake_args': None, 'build_base': '/home/echedey/Desktop/TFG/TFGwebots_ws/build/tb4_sim', 'catkin_cmake_args': None, 'catkin_skip_building_tests': False, 'cmake_args': None, 'cmake_clean_cache': False, 'cmake_clean_first': False, 'cmake_force_configure': False, 'cmake_target': None, 'cmake_target_skip_unavailable': False, 'install_base': '/home/echedey/Desktop/TFG/TFGwebots_ws/install/tb4_sim', 'merge_install': False, 'path': '/home/echedey/Desktop/TFG/TFGwebots_ws/src/tb4_sim', 'symlink_install': False, 'test_result_base': None}
[0.558s] INFO:colcon.colcon_core.executor:Executing jobs using 'parallel' executor
[0.559s] DEBUG:colcon.colcon_parallel_executor.executor.parallel:run_until_complete
[0.559s] INFO:colcon.colcon_ros.task.ament_python.build:Building ROS package in '/home/echedey/Desktop/TFG/TFGwebots_ws/src/formas' with build type 'ament_python'
[0.559s] Level 1:colcon.colcon_core.shell:create_environment_hook('formas', 'ament_prefix_path')
[0.564s] INFO:colcon.colcon_core.plugin_system:Skipping extension 'colcon_core.shell.bat': Not used on non-Windows systems
[0.564s] INFO:colcon.colcon_core.shell:Creating environment hook '/home/echedey/Desktop/TFG/TFGwebots_ws/install/formas/share/formas/hook/ament_prefix_path.ps1'
[0.566s] INFO:colcon.colcon_core.shell:Creating environment descriptor '/home/echedey/Desktop/TFG/TFGwebots_ws/install/formas/share/formas/hook/ament_prefix_path.dsv'
[0.567s] INFO:colcon.colcon_core.shell:Creating environment hook '/home/echedey/Desktop/TFG/TFGwebots_ws/install/formas/share/formas/hook/ament_prefix_path.sh'
[0.568s] INFO:colcon.colcon_core.shell:Skip shell extension 'powershell' for command environment: Not usable outside of PowerShell
[0.569s] DEBUG:colcon.colcon_core.shell:Skip shell extension 'dsv' for command environment
[0.573s] INFO:colcon.colcon_ros.task.ament_python.build:Building ROS package in '/home/echedey/Desktop/TFG/TFGwebots_ws/src/tb4_sim' with build type 'ament_python'
[0.573s] Level 1:colcon.colcon_core.shell:create_environment_hook('tb4_sim', 'ament_prefix_path')
[0.574s] INFO:colcon.colcon_core.shell:Creating environment hook '/home/echedey/Desktop/TFG/TFGwebots_ws/install/tb4_sim/share/tb4_sim/hook/ament_prefix_path.ps1'
[0.575s] INFO:colcon.colcon_core.shell:Creating environment descriptor '/home/echedey/Desktop/TFG/TFGwebots_ws/install/tb4_sim/share/tb4_sim/hook/ament_prefix_path.dsv'
[0.576s] INFO:colcon.colcon_core.shell:Creating environment hook '/home/echedey/Desktop/TFG/TFGwebots_ws/install/tb4_sim/share/tb4_sim/hook/ament_prefix_path.sh'
[0.576s] INFO:colcon.colcon_core.shell:Skip shell extension 'powershell' for command environment: Not usable outside of PowerShell
[0.576s] DEBUG:colcon.colcon_core.shell:Skip shell extension 'dsv' for command environment
[0.844s] INFO:colcon.colcon_core.task.python.build:Building Python package in '/home/echedey/Desktop/TFG/TFGwebots_ws/src/formas'
[0.844s] INFO:colcon.colcon_core.shell:Skip shell extension 'powershell' for command environment: Not usable outside of PowerShell
[0.844s] DEBUG:colcon.colcon_core.shell:Skip shell extension 'dsv' for command environment
[1.119s] INFO:colcon.colcon_core.task.python.build:Building Python package in '/home/echedey/Desktop/TFG/TFGwebots_ws/src/tb4_sim'
[1.120s] INFO:colcon.colcon_core.shell:Skip shell extension 'powershell' for command environment: Not usable outside of PowerShell
[1.120s] DEBUG:colcon.colcon_core.shell:Skip shell extension 'dsv' for command environment
[1.530s] DEBUG:colcon.colcon_core.event_handler.log_command:Invoking command in '/home/echedey/Desktop/TFG/TFGwebots_ws/src/formas': PYTHONPATH=/home/echedey/Desktop/TFG/TFGwebots_ws/build/formas/prefix_override:/usr/lib/python3/dist-packages/colcon_core/task/python/colcon_distutils_commands:/home/echedey/Desktop/TFG/TFGwebots_ws/install/formas/lib/python3.10/site-packages:${PYTHONPATH} /usr/bin/python3 -W ignore:setup.py install is deprecated -W ignore:easy_install command is deprecated setup.py egg_info --egg-base ../../build/formas build --build-base /home/echedey/Desktop/TFG/TFGwebots_ws/build/formas/build install --record /home/echedey/Desktop/TFG/TFGwebots_ws/build/formas/install.log --single-version-externally-managed install_data
[1.537s] DEBUG:colcon.colcon_core.event_handler.log_command:Invoking command in '/home/echedey/Desktop/TFG/TFGwebots_ws/src/tb4_sim': PYTHONPATH=/home/echedey/Desktop/TFG/TFGwebots_ws/build/tb4_sim/prefix_override:/usr/lib/python3/dist-packages/colcon_core/task/python/colcon_distutils_commands:/home/echedey/Desktop/TFG/TFGwebots_ws/install/tb4_sim/lib/python3.10/site-packages:${PYTHONPATH} /usr/bin/python3 -W ignore:setup.py install is deprecated -W ignore:easy_install command is deprecated setup.py egg_info --egg-base ../../build/tb4_sim build --build-base /home/echedey/Desktop/TFG/TFGwebots_ws/build/tb4_sim/build install --record /home/echedey/Desktop/TFG/TFGwebots_ws/build/tb4_sim/install.log --single-version-externally-managed install_data
[1.844s] DEBUG:colcon.colcon_core.event_handler.log_command:Invoked command in '/home/echedey/Desktop/TFG/TFGwebots_ws/src/formas' returned '0': PYTHONPATH=/home/echedey/Desktop/TFG/TFGwebots_ws/build/formas/prefix_override:/usr/lib/python3/dist-packages/colcon_core/task/python/colcon_distutils_commands:/home/echedey/Desktop/TFG/TFGwebots_ws/install/formas/lib/python3.10/site-packages:${PYTHONPATH} /usr/bin/python3 -W ignore:setup.py install is deprecated -W ignore:easy_install command is deprecated setup.py egg_info --egg-base ../../build/formas build --build-base /home/echedey/Desktop/TFG/TFGwebots_ws/build/formas/build install --record /home/echedey/Desktop/TFG/TFGwebots_ws/build/formas/install.log --single-version-externally-managed install_data
[1.850s] Level 1:colcon.colcon_core.environment:checking '/home/echedey/Desktop/TFG/TFGwebots_ws/install/formas' for CMake module files
[1.851s] Level 1:colcon.colcon_core.environment:checking '/home/echedey/Desktop/TFG/TFGwebots_ws/install/formas' for CMake config files
[1.852s] Level 1:colcon.colcon_core.environment:checking '/home/echedey/Desktop/TFG/TFGwebots_ws/install/formas/lib'
[1.852s] Level 1:colcon.colcon_core.environment:checking '/home/echedey/Desktop/TFG/TFGwebots_ws/install/formas/bin'
[1.852s] Level 1:colcon.colcon_core.environment:checking '/home/echedey/Desktop/TFG/TFGwebots_ws/install/formas/lib/pkgconfig/formas.pc'
[1.853s] Level 1:colcon.colcon_core.environment:checking '/home/echedey/Desktop/TFG/TFGwebots_ws/install/formas/lib/python3.10/site-packages'
[1.853s] Level 1:colcon.colcon_core.shell:create_environment_hook('formas', 'pythonpath')
[1.853s] INFO:colcon.colcon_core.shell:Creating environment hook '/home/echedey/Desktop/TFG/TFGwebots_ws/install/formas/share/formas/hook/pythonpath.ps1'
[1.854s] INFO:colcon.colcon_core.shell:Creating environment descriptor '/home/echedey/Desktop/TFG/TFGwebots_ws/install/formas/share/formas/hook/pythonpath.dsv'
[1.854s] INFO:colcon.colcon_core.shell:Creating environment hook '/home/echedey/Desktop/TFG/TFGwebots_ws/install/formas/share/formas/hook/pythonpath.sh'
[1.855s] Level 1:colcon.colcon_core.environment:checking '/home/echedey/Desktop/TFG/TFGwebots_ws/install/formas/bin'
[1.855s] Level 1:colcon.colcon_core.environment:create_environment_scripts_only(formas)
[1.855s] INFO:colcon.colcon_core.shell:Creating package script '/home/echedey/Desktop/TFG/TFGwebots_ws/install/formas/share/formas/package.ps1'
[1.856s] INFO:colcon.colcon_core.shell:Creating package descriptor '/home/echedey/Desktop/TFG/TFGwebots_ws/install/formas/share/formas/package.dsv'
[1.857s] INFO:colcon.colcon_core.shell:Creating package script '/home/echedey/Desktop/TFG/TFGwebots_ws/install/formas/share/formas/package.sh'
[1.858s] INFO:colcon.colcon_core.shell:Creating package script '/home/echedey/Desktop/TFG/TFGwebots_ws/install/formas/share/formas/package.bash'
[1.859s] INFO:colcon.colcon_core.shell:Creating package script '/home/echedey/Desktop/TFG/TFGwebots_ws/install/formas/share/formas/package.zsh'
[1.860s] Level 1:colcon.colcon_core.environment:create_file_with_runtime_dependencies(/home/echedey/Desktop/TFG/TFGwebots_ws/install/formas/share/colcon-core/packages/formas)
[1.862s] Level 1:colcon.colcon_core.environment:checking '/home/echedey/Desktop/TFG/TFGwebots_ws/install/tb4_sim' for CMake module files
[1.863s] DEBUG:colcon.colcon_core.event_handler.log_command:Invoked command in '/home/echedey/Desktop/TFG/TFGwebots_ws/src/tb4_sim' returned '0': PYTHONPATH=/home/echedey/Desktop/TFG/TFGwebots_ws/build/tb4_sim/prefix_override:/usr/lib/python3/dist-packages/colcon_core/task/python/colcon_distutils_commands:/home/echedey/Desktop/TFG/TFGwebots_ws/install/tb4_sim/lib/python3.10/site-packages:${PYTHONPATH} /usr/bin/python3 -W ignore:setup.py install is deprecated -W ignore:easy_install command is deprecated setup.py egg_info --egg-base ../../build/tb4_sim build --build-base /home/echedey/Desktop/TFG/TFGwebots_ws/build/tb4_sim/build install --record /home/echedey/Desktop/TFG/TFGwebots_ws/build/tb4_sim/install.log --single-version-externally-managed install_data
[1.864s] Level 1:colcon.colcon_core.environment:checking '/home/echedey/Desktop/TFG/TFGwebots_ws/install/tb4_sim' for CMake config files
[1.865s] Level 1:colcon.colcon_core.environment:checking '/home/echedey/Desktop/TFG/TFGwebots_ws/install/tb4_sim/lib'
[1.865s] Level 1:colcon.colcon_core.environment:checking '/home/echedey/Desktop/TFG/TFGwebots_ws/install/tb4_sim/bin'
[1.865s] Level 1:colcon.colcon_core.environment:checking '/home/echedey/Desktop/TFG/TFGwebots_ws/install/tb4_sim/lib/pkgconfig/tb4_sim.pc'
[1.865s] Level 1:colcon.colcon_core.environment:checking '/home/echedey/Desktop/TFG/TFGwebots_ws/install/tb4_sim/lib/python3.10/site-packages'
[1.865s] Level 1:colcon.colcon_core.shell:create_environment_hook('tb4_sim', 'pythonpath')
[1.866s] INFO:colcon.colcon_core.shell:Creating environment hook '/home/echedey/Desktop/TFG/TFGwebots_ws/install/tb4_sim/share/tb4_sim/hook/pythonpath.ps1'
[1.866s] INFO:colcon.colcon_core.shell:Creating environment descriptor '/home/echedey/Desktop/TFG/TFGwebots_ws/install/tb4_sim/share/tb4_sim/hook/pythonpath.dsv'
[1.867s] INFO:colcon.colcon_core.shell:Creating environment hook '/home/echedey/Desktop/TFG/TFGwebots_ws/install/tb4_sim/share/tb4_sim/hook/pythonpath.sh'
[1.868s] Level 1:colcon.colcon_core.environment:checking '/home/echedey/Desktop/TFG/TFGwebots_ws/install/tb4_sim/bin'
[1.868s] Level 1:colcon.colcon_core.environment:create_environment_scripts_only(tb4_sim)
[1.869s] INFO:colcon.colcon_core.shell:Creating package script '/home/echedey/Desktop/TFG/TFGwebots_ws/install/tb4_sim/share/tb4_sim/package.ps1'
[1.869s] INFO:colcon.colcon_core.shell:Creating package descriptor '/home/echedey/Desktop/TFG/TFGwebots_ws/install/tb4_sim/share/tb4_sim/package.dsv'
[1.869s] INFO:colcon.colcon_core.shell:Creating package script '/home/echedey/Desktop/TFG/TFGwebots_ws/install/tb4_sim/share/tb4_sim/package.sh'
[1.870s] INFO:colcon.colcon_core.shell:Creating package script '/home/echedey/Desktop/TFG/TFGwebots_ws/install/tb4_sim/share/tb4_sim/package.bash'
[1.870s] INFO:colcon.colcon_core.shell:Creating package script '/home/echedey/Desktop/TFG/TFGwebots_ws/install/tb4_sim/share/tb4_sim/package.zsh'
[1.870s] Level 1:colcon.colcon_core.environment:create_file_with_runtime_dependencies(/home/echedey/Desktop/TFG/TFGwebots_ws/install/tb4_sim/share/colcon-core/packages/tb4_sim)
[1.871s] DEBUG:colcon.colcon_parallel_executor.executor.parallel:closing loop
[1.871s] DEBUG:colcon.colcon_parallel_executor.executor.parallel:loop closed
[1.871s] DEBUG:colcon.colcon_parallel_executor.executor.parallel:run_until_complete finished with '0'
[1.871s] DEBUG:colcon.colcon_core.event_reactor:joining thread
[1.879s] INFO:colcon.colcon_core.plugin_system:Skipping extension 'colcon_notification.desktop_notification.terminal_notifier': Not used on non-Darwin systems
[1.880s] INFO:colcon.colcon_core.plugin_system:Skipping extension 'colcon_notification.desktop_notification.win32': Not used on non-Windows systems
[1.880s] INFO:colcon.colcon_notification.desktop_notification:Sending desktop notification using 'notify2'
[1.896s] DEBUG:colcon.colcon_core.event_reactor:joined thread
[1.897s] INFO:colcon.colcon_core.shell:Creating prefix script '/home/echedey/Desktop/TFG/TFGwebots_ws/install/local_setup.ps1'
[1.899s] INFO:colcon.colcon_core.shell:Creating prefix util module '/home/echedey/Desktop/TFG/TFGwebots_ws/install/_local_setup_util_ps1.py'
[1.902s] INFO:colcon.colcon_core.shell:Creating prefix chain script '/home/echedey/Desktop/TFG/TFGwebots_ws/install/setup.ps1'
[1.904s] INFO:colcon.colcon_core.shell:Creating prefix script '/home/echedey/Desktop/TFG/TFGwebots_ws/install/local_setup.sh'
[1.905s] INFO:colcon.colcon_core.shell:Creating prefix util module '/home/echedey/Desktop/TFG/TFGwebots_ws/install/_local_setup_util_sh.py'
[1.906s] INFO:colcon.colcon_core.shell:Creating prefix chain script '/home/echedey/Desktop/TFG/TFGwebots_ws/install/setup.sh'
[1.908s] INFO:colcon.colcon_core.shell:Creating prefix script '/home/echedey/Desktop/TFG/TFGwebots_ws/install/local_setup.bash'
[1.909s] INFO:colcon.colcon_core.shell:Creating prefix chain script '/home/echedey/Desktop/TFG/TFGwebots_ws/install/setup.bash'
[1.910s] INFO:colcon.colcon_core.shell:Creating prefix script '/home/echedey/Desktop/TFG/TFGwebots_ws/install/local_setup.zsh'
[1.911s] INFO:colcon.colcon_core.shell:Creating prefix chain script '/home/echedey/Desktop/TFG/TFGwebots_ws/install/setup.zsh'
