running egg_info
creating ../../build/formas/formas.egg-info
writing ../../build/formas/formas.egg-info/PKG-INFO
writing dependency_links to ../../build/formas/formas.egg-info/dependency_links.txt
writing entry points to ../../build/formas/formas.egg-info/entry_points.txt
writing requirements to ../../build/formas/formas.egg-info/requires.txt
writing top-level names to ../../build/formas/formas.egg-info/top_level.txt
writing manifest file '../../build/formas/formas.egg-info/SOURCES.txt'
reading manifest file '../../build/formas/formas.egg-info/SOURCES.txt'
writing manifest file '../../build/formas/formas.egg-info/SOURCES.txt'
running build
running build_py
creating /home/echedey/Desktop/TFG/TFGwebots_ws/build/formas/build
creating /home/echedey/Desktop/TFG/TFGwebots_ws/build/formas/build/lib
creating /home/echedey/Desktop/TFG/TFGwebots_ws/build/formas/build/lib/formas
copying formas/__init__.py -> /home/echedey/Desktop/TFG/TFGwebots_ws/build/formas/build/lib/formas
copying formas/linea_recta.py -> /home/echedey/Desktop/TFG/TFGwebots_ws/build/formas/build/lib/formas
copying formas/sala_completa.py -> /home/echedey/Desktop/TFG/TFGwebots_ws/build/formas/build/lib/formas
copying formas/cuadrado.py -> /home/echedey/Desktop/TFG/TFGwebots_ws/build/formas/build/lib/formas
running install
running install_lib
creating /home/echedey/Desktop/TFG/TFGwebots_ws/install/formas/lib/python3.10/site-packages/formas
copying /home/echedey/Desktop/TFG/TFGwebots_ws/build/formas/build/lib/formas/__init__.py -> /home/echedey/Desktop/TFG/TFGwebots_ws/install/formas/lib/python3.10/site-packages/formas
copying /home/echedey/Desktop/TFG/TFGwebots_ws/build/formas/build/lib/formas/linea_recta.py -> /home/echedey/Desktop/TFG/TFGwebots_ws/install/formas/lib/python3.10/site-packages/formas
copying /home/echedey/Desktop/TFG/TFGwebots_ws/build/formas/build/lib/formas/sala_completa.py -> /home/echedey/Desktop/TFG/TFGwebots_ws/install/formas/lib/python3.10/site-packages/formas
copying /home/echedey/Desktop/TFG/TFGwebots_ws/build/formas/build/lib/formas/cuadrado.py -> /home/echedey/Desktop/TFG/TFGwebots_ws/install/formas/lib/python3.10/site-packages/formas
byte-compiling /home/echedey/Desktop/TFG/TFGwebots_ws/install/formas/lib/python3.10/site-packages/formas/__init__.py to __init__.cpython-310.pyc
byte-compiling /home/echedey/Desktop/TFG/TFGwebots_ws/install/formas/lib/python3.10/site-packages/formas/linea_recta.py to linea_recta.cpython-310.pyc
byte-compiling /home/echedey/Desktop/TFG/TFGwebots_ws/install/formas/lib/python3.10/site-packages/formas/sala_completa.py to sala_completa.cpython-310.pyc
byte-compiling /home/echedey/Desktop/TFG/TFGwebots_ws/install/formas/lib/python3.10/site-packages/formas/cuadrado.py to cuadrado.cpython-310.pyc
running install_data
creating /home/echedey/Desktop/TFG/TFGwebots_ws/install/formas/share/ament_index
creating /home/echedey/Desktop/TFG/TFGwebots_ws/install/formas/share/ament_index/resource_index
creating /home/echedey/Desktop/TFG/TFGwebots_ws/install/formas/share/ament_index/resource_index/packages
copying resource/formas -> /home/echedey/Desktop/TFG/TFGwebots_ws/install/formas/share/ament_index/resource_index/packages
copying package.xml -> /home/echedey/Desktop/TFG/TFGwebots_ws/install/formas/share/formas
running install_egg_info
Copying ../../build/formas/formas.egg-info to /home/echedey/Desktop/TFG/TFGwebots_ws/install/formas/lib/python3.10/site-packages/formas-0.0.0-py3.10.egg-info
running install_scripts
Installing cuadrado script to /home/echedey/Desktop/TFG/TFGwebots_ws/install/formas/lib/formas
Installing linea_recta script to /home/echedey/Desktop/TFG/TFGwebots_ws/install/formas/lib/formas
Installing sala script to /home/echedey/Desktop/TFG/TFGwebots_ws/install/formas/lib/formas
writing list of installed files to '/home/echedey/Desktop/TFG/TFGwebots_ws/build/formas/install.log'
