[0.821s] Invoking command in '/home/echedey/Desktop/TFG/TFGwebots_ws/src/tb4_sim': PYTHONPATH=/home/echedey/Desktop/TFG/TFGwebots_ws/build/tb4_sim/prefix_override:/usr/lib/python3/dist-packages/colcon_core/task/python/colcon_distutils_commands:/home/echedey/Desktop/TFG/TFGwebots_ws/install/tb4_sim/lib/python3.10/site-packages:${PYTHONPATH} /usr/bin/python3 -W ignore:setup.py install is deprecated -W ignore:easy_install command is deprecated setup.py egg_info --egg-base ../../build/tb4_sim build --build-base /home/echedey/Desktop/TFG/TFGwebots_ws/build/tb4_sim/build install --record /home/echedey/Desktop/TFG/TFGwebots_ws/build/tb4_sim/install.log --single-version-externally-managed install_data
[1.019s] running egg_info
[1.020s] writing ../../build/tb4_sim/tb4_sim.egg-info/PKG-INFO
[1.031s] writing dependency_links to ../../build/tb4_sim/tb4_sim.egg-info/dependency_links.txt
[1.031s] writing entry points to ../../build/tb4_sim/tb4_sim.egg-info/entry_points.txt
[1.031s] writing requirements to ../../build/tb4_sim/tb4_sim.egg-info/requires.txt
[1.032s] writing top-level names to ../../build/tb4_sim/tb4_sim.egg-info/top_level.txt
[1.033s] reading manifest file '../../build/tb4_sim/tb4_sim.egg-info/SOURCES.txt'
[1.034s] writing manifest file '../../build/tb4_sim/tb4_sim.egg-info/SOURCES.txt'
[1.034s] running build
[1.034s] running build_py
[1.035s] running install
[1.035s] running install_lib
[1.037s] running install_data
[1.038s] running install_egg_info
[1.040s] removing '/home/echedey/Desktop/TFG/TFGwebots_ws/install/tb4_sim/lib/python3.10/site-packages/tb4_sim-0.1.0-py3.10.egg-info' (and everything under it)
[1.040s] Copying ../../build/tb4_sim/tb4_sim.egg-info to /home/echedey/Desktop/TFG/TFGwebots_ws/install/tb4_sim/lib/python3.10/site-packages/tb4_sim-0.1.0-py3.10.egg-info
[1.041s] running install_scripts
[1.057s] writing list of installed files to '/home/echedey/Desktop/TFG/TFGwebots_ws/build/tb4_sim/install.log'
[1.089s] Invoked command in '/home/echedey/Desktop/TFG/TFGwebots_ws/src/tb4_sim' returned '0': PYTHONPATH=/home/echedey/Desktop/TFG/TFGwebots_ws/build/tb4_sim/prefix_override:/usr/lib/python3/dist-packages/colcon_core/task/python/colcon_distutils_commands:/home/echedey/Desktop/TFG/TFGwebots_ws/install/tb4_sim/lib/python3.10/site-packages:${PYTHONPATH} /usr/bin/python3 -W ignore:setup.py install is deprecated -W ignore:easy_install command is deprecated setup.py egg_info --egg-base ../../build/tb4_sim build --build-base /home/echedey/Desktop/TFG/TFGwebots_ws/build/tb4_sim/build install --record /home/echedey/Desktop/TFG/TFGwebots_ws/build/tb4_sim/install.log --single-version-externally-managed install_data
