[0.197s] DEBUG:colcon:Command line arguments: ['/usr/bin/colcon', 'build']
[0.197s] DEBUG:colcon:Parsed command line arguments: Namespace(log_base=None, log_level=None, verb_name='build', build_base='build', install_base='install', merge_install=False, symlink_install=False, test_result_base=None, continue_on_error=False, executor='parallel', parallel_workers=16, event_handlers=None, ignore_user_meta=False, metas=['./colcon.meta'], base_paths=['.'], packages_ignore=None, packages_ignore_regex=None, paths=None, packages_up_to=None, packages_up_to_regex=None, packages_above=None, packages_above_and_dependencies=None, packages_above_depth=None, packages_select_by_dep=None, packages_skip_by_dep=None, packages_skip_up_to=None, packages_select_build_failed=False, packages_skip_build_finished=False, packages_select_test_failures=False, packages_skip_test_passed=False, packages_select=None, packages_skip=None, packages_select_regex=None, packages_skip_regex=None, packages_start=None, packages_end=None, allow_overriding=[], cmake_args=None, cmake_target=None, cmake_target_skip_unavailable=False, cmake_clean_cache=False, cmake_clean_first=False, cmake_force_configure=False, ament_cmake_args=None, catkin_cmake_args=None, catkin_skip_building_tests=False, mixin_files=None, mixin=None, verb_parser=<colcon_mixin.mixin.mixin_argument.MixinArgumentDecorator object at 0x7494de962d70>, verb_extension=<colcon_core.verb.build.BuildVerb object at 0x7494de9202b0>, main=<bound method BuildVerb.main of <colcon_core.verb.build.BuildVerb object at 0x7494de9202b0>>, mixin_verb=('build',))
[0.481s] Level 1:colcon.colcon_core.package_discovery:discover_packages(colcon_meta) check parameters
[0.481s] Level 1:colcon.colcon_core.package_discovery:discover_packages(recursive) check parameters
[0.481s] Level 1:colcon.colcon_core.package_discovery:discover_packages(ignore) check parameters
[0.481s] Level 1:colcon.colcon_core.package_discovery:discover_packages(path) check parameters
[0.481s] Level 1:colcon.colcon_core.package_discovery:discover_packages(colcon_meta) discover
[0.481s] Level 1:colcon.colcon_core.package_discovery:discover_packages(recursive) discover
[0.481s] INFO:colcon.colcon_core.package_discovery:Crawling recursively for packages in '/home/echedey/Desktop/TFG/TFGwebots_ws'
[0.481s] Level 1:colcon.colcon_core.package_identification:_identify(.) by extensions ['ignore', 'ignore_ament_install']
[0.481s] Level 1:colcon.colcon_core.package_identification:_identify(.) by extension 'ignore'
[0.481s] Level 1:colcon.colcon_core.package_identification:_identify(.) by extension 'ignore_ament_install'
[0.482s] Level 1:colcon.colcon_core.package_identification:_identify(.) by extensions ['colcon_pkg']
[0.482s] Level 1:colcon.colcon_core.package_identification:_identify(.) by extension 'colcon_pkg'
[0.482s] Level 1:colcon.colcon_core.package_identification:_identify(.) by extensions ['colcon_meta']
[0.482s] Level 1:colcon.colcon_core.package_identification:_identify(.) by extension 'colcon_meta'
[0.482s] Level 1:colcon.colcon_core.package_identification:_identify(.) by extensions ['ros']
[0.482s] Level 1:colcon.colcon_core.package_identification:_identify(.) by extension 'ros'
[0.499s] Level 1:colcon.colcon_core.package_identification:_identify(.) by extensions ['cmake', 'python']
[0.499s] Level 1:colcon.colcon_core.package_identification:_identify(.) by extension 'cmake'
[0.499s] Level 1:colcon.colcon_core.package_identification:_identify(.) by extension 'python'
[0.499s] Level 1:colcon.colcon_core.package_identification:_identify(.) by extensions ['python_setup_py']
[0.499s] Level 1:colcon.colcon_core.package_identification:_identify(.) by extension 'python_setup_py'
[0.499s] Level 1:colcon.colcon_core.package_identification:_identify(View_frames) by extensions ['ignore', 'ignore_ament_install']
[0.499s] Level 1:colcon.colcon_core.package_identification:_identify(View_frames) by extension 'ignore'
[0.499s] Level 1:colcon.colcon_core.package_identification:_identify(View_frames) by extension 'ignore_ament_install'
[0.499s] Level 1:colcon.colcon_core.package_identification:_identify(View_frames) by extensions ['colcon_pkg']
[0.499s] Level 1:colcon.colcon_core.package_identification:_identify(View_frames) by extension 'colcon_pkg'
[0.500s] Level 1:colcon.colcon_core.package_identification:_identify(View_frames) by extensions ['colcon_meta']
[0.500s] Level 1:colcon.colcon_core.package_identification:_identify(View_frames) by extension 'colcon_meta'
[0.500s] Level 1:colcon.colcon_core.package_identification:_identify(View_frames) by extensions ['ros']
[0.500s] Level 1:colcon.colcon_core.package_identification:_identify(View_frames) by extension 'ros'
[0.500s] Level 1:colcon.colcon_core.package_identification:_identify(View_frames) by extensions ['cmake', 'python']
[0.500s] Level 1:colcon.colcon_core.package_identification:_identify(View_frames) by extension 'cmake'
[0.500s] Level 1:colcon.colcon_core.package_identification:_identify(View_frames) by extension 'python'
[0.500s] Level 1:colcon.colcon_core.package_identification:_identify(View_frames) by extensions ['python_setup_py']
[0.500s] Level 1:colcon.colcon_core.package_identification:_identify(View_frames) by extension 'python_setup_py'
[0.500s] Level 1:colcon.colcon_core.package_identification:_identify(build) by extensions ['ignore', 'ignore_ament_install']
[0.500s] Level 1:colcon.colcon_core.package_identification:_identify(build) by extension 'ignore'
[0.500s] Level 1:colcon.colcon_core.package_identification:_identify(build) ignored
[0.500s] Level 1:colcon.colcon_core.package_identification:_identify(install) by extensions ['ignore', 'ignore_ament_install']
[0.501s] Level 1:colcon.colcon_core.package_identification:_identify(install) by extension 'ignore'
[0.501s] Level 1:colcon.colcon_core.package_identification:_identify(install) ignored
[0.501s] Level 1:colcon.colcon_core.package_identification:_identify(log) by extensions ['ignore', 'ignore_ament_install']
[0.501s] Level 1:colcon.colcon_core.package_identification:_identify(log) by extension 'ignore'
[0.501s] Level 1:colcon.colcon_core.package_identification:_identify(log) ignored
[0.502s] Level 1:colcon.colcon_core.package_identification:_identify(simulaciones) by extensions ['ignore', 'ignore_ament_install']
[0.502s] Level 1:colcon.colcon_core.package_identification:_identify(simulaciones) by extension 'ignore'
[0.502s] Level 1:colcon.colcon_core.package_identification:_identify(simulaciones) by extension 'ignore_ament_install'
[0.502s] Level 1:colcon.colcon_core.package_identification:_identify(simulaciones) by extensions ['colcon_pkg']
[0.502s] Level 1:colcon.colcon_core.package_identification:_identify(simulaciones) by extension 'colcon_pkg'
[0.502s] Level 1:colcon.colcon_core.package_identification:_identify(simulaciones) by extensions ['colcon_meta']
[0.502s] Level 1:colcon.colcon_core.package_identification:_identify(simulaciones) by extension 'colcon_meta'
[0.502s] Level 1:colcon.colcon_core.package_identification:_identify(simulaciones) by extensions ['ros']
[0.502s] Level 1:colcon.colcon_core.package_identification:_identify(simulaciones) by extension 'ros'
[0.503s] Level 1:colcon.colcon_core.package_identification:_identify(simulaciones) by extensions ['cmake', 'python']
[0.503s] Level 1:colcon.colcon_core.package_identification:_identify(simulaciones) by extension 'cmake'
[0.503s] Level 1:colcon.colcon_core.package_identification:_identify(simulaciones) by extension 'python'
[0.503s] Level 1:colcon.colcon_core.package_identification:_identify(simulaciones) by extensions ['python_setup_py']
[0.503s] Level 1:colcon.colcon_core.package_identification:_identify(simulaciones) by extension 'python_setup_py'
[0.503s] Level 1:colcon.colcon_core.package_identification:_identify(simulaciones/2025-06-08_22-51-24) by extensions ['ignore', 'ignore_ament_install']
[0.503s] Level 1:colcon.colcon_core.package_identification:_identify(simulaciones/2025-06-08_22-51-24) by extension 'ignore'
[0.503s] Level 1:colcon.colcon_core.package_identification:_identify(simulaciones/2025-06-08_22-51-24) by extension 'ignore_ament_install'
[0.503s] Level 1:colcon.colcon_core.package_identification:_identify(simulaciones/2025-06-08_22-51-24) by extensions ['colcon_pkg']
[0.503s] Level 1:colcon.colcon_core.package_identification:_identify(simulaciones/2025-06-08_22-51-24) by extension 'colcon_pkg'
[0.504s] Level 1:colcon.colcon_core.package_identification:_identify(simulaciones/2025-06-08_22-51-24) by extensions ['colcon_meta']
[0.504s] Level 1:colcon.colcon_core.package_identification:_identify(simulaciones/2025-06-08_22-51-24) by extension 'colcon_meta'
[0.504s] Level 1:colcon.colcon_core.package_identification:_identify(simulaciones/2025-06-08_22-51-24) by extensions ['ros']
[0.504s] Level 1:colcon.colcon_core.package_identification:_identify(simulaciones/2025-06-08_22-51-24) by extension 'ros'
[0.504s] Level 1:colcon.colcon_core.package_identification:_identify(simulaciones/2025-06-08_22-51-24) by extensions ['cmake', 'python']
[0.504s] Level 1:colcon.colcon_core.package_identification:_identify(simulaciones/2025-06-08_22-51-24) by extension 'cmake'
[0.504s] Level 1:colcon.colcon_core.package_identification:_identify(simulaciones/2025-06-08_22-51-24) by extension 'python'
[0.504s] Level 1:colcon.colcon_core.package_identification:_identify(simulaciones/2025-06-08_22-51-24) by extensions ['python_setup_py']
[0.504s] Level 1:colcon.colcon_core.package_identification:_identify(simulaciones/2025-06-08_22-51-24) by extension 'python_setup_py'
[0.504s] Level 1:colcon.colcon_core.package_identification:_identify(simulaciones/2025-06-08_22-55-16) by extensions ['ignore', 'ignore_ament_install']
[0.504s] Level 1:colcon.colcon_core.package_identification:_identify(simulaciones/2025-06-08_22-55-16) by extension 'ignore'
[0.504s] Level 1:colcon.colcon_core.package_identification:_identify(simulaciones/2025-06-08_22-55-16) by extension 'ignore_ament_install'
[0.504s] Level 1:colcon.colcon_core.package_identification:_identify(simulaciones/2025-06-08_22-55-16) by extensions ['colcon_pkg']
[0.504s] Level 1:colcon.colcon_core.package_identification:_identify(simulaciones/2025-06-08_22-55-16) by extension 'colcon_pkg'
[0.504s] Level 1:colcon.colcon_core.package_identification:_identify(simulaciones/2025-06-08_22-55-16) by extensions ['colcon_meta']
[0.504s] Level 1:colcon.colcon_core.package_identification:_identify(simulaciones/2025-06-08_22-55-16) by extension 'colcon_meta'
[0.504s] Level 1:colcon.colcon_core.package_identification:_identify(simulaciones/2025-06-08_22-55-16) by extensions ['ros']
[0.504s] Level 1:colcon.colcon_core.package_identification:_identify(simulaciones/2025-06-08_22-55-16) by extension 'ros'
[0.505s] Level 1:colcon.colcon_core.package_identification:_identify(simulaciones/2025-06-08_22-55-16) by extensions ['cmake', 'python']
[0.505s] Level 1:colcon.colcon_core.package_identification:_identify(simulaciones/2025-06-08_22-55-16) by extension 'cmake'
[0.505s] Level 1:colcon.colcon_core.package_identification:_identify(simulaciones/2025-06-08_22-55-16) by extension 'python'
[0.505s] Level 1:colcon.colcon_core.package_identification:_identify(simulaciones/2025-06-08_22-55-16) by extensions ['python_setup_py']
[0.505s] Level 1:colcon.colcon_core.package_identification:_identify(simulaciones/2025-06-08_22-55-16) by extension 'python_setup_py'
[0.505s] Level 1:colcon.colcon_core.package_identification:_identify(simulaciones/2025-06-08_22-55-51) by extensions ['ignore', 'ignore_ament_install']
[0.505s] Level 1:colcon.colcon_core.package_identification:_identify(simulaciones/2025-06-08_22-55-51) by extension 'ignore'
[0.505s] Level 1:colcon.colcon_core.package_identification:_identify(simulaciones/2025-06-08_22-55-51) by extension 'ignore_ament_install'
[0.505s] Level 1:colcon.colcon_core.package_identification:_identify(simulaciones/2025-06-08_22-55-51) by extensions ['colcon_pkg']
[0.505s] Level 1:colcon.colcon_core.package_identification:_identify(simulaciones/2025-06-08_22-55-51) by extension 'colcon_pkg'
[0.505s] Level 1:colcon.colcon_core.package_identification:_identify(simulaciones/2025-06-08_22-55-51) by extensions ['colcon_meta']
[0.505s] Level 1:colcon.colcon_core.package_identification:_identify(simulaciones/2025-06-08_22-55-51) by extension 'colcon_meta'
[0.505s] Level 1:colcon.colcon_core.package_identification:_identify(simulaciones/2025-06-08_22-55-51) by extensions ['ros']
[0.505s] Level 1:colcon.colcon_core.package_identification:_identify(simulaciones/2025-06-08_22-55-51) by extension 'ros'
[0.505s] Level 1:colcon.colcon_core.package_identification:_identify(simulaciones/2025-06-08_22-55-51) by extensions ['cmake', 'python']
[0.505s] Level 1:colcon.colcon_core.package_identification:_identify(simulaciones/2025-06-08_22-55-51) by extension 'cmake'
[0.505s] Level 1:colcon.colcon_core.package_identification:_identify(simulaciones/2025-06-08_22-55-51) by extension 'python'
[0.505s] Level 1:colcon.colcon_core.package_identification:_identify(simulaciones/2025-06-08_22-55-51) by extensions ['python_setup_py']
[0.506s] Level 1:colcon.colcon_core.package_identification:_identify(simulaciones/2025-06-08_22-55-51) by extension 'python_setup_py'
[0.506s] Level 1:colcon.colcon_core.package_identification:_identify(simulaciones/2025-06-08_23-08-58) by extensions ['ignore', 'ignore_ament_install']
[0.506s] Level 1:colcon.colcon_core.package_identification:_identify(simulaciones/2025-06-08_23-08-58) by extension 'ignore'
[0.506s] Level 1:colcon.colcon_core.package_identification:_identify(simulaciones/2025-06-08_23-08-58) by extension 'ignore_ament_install'
[0.506s] Level 1:colcon.colcon_core.package_identification:_identify(simulaciones/2025-06-08_23-08-58) by extensions ['colcon_pkg']
[0.506s] Level 1:colcon.colcon_core.package_identification:_identify(simulaciones/2025-06-08_23-08-58) by extension 'colcon_pkg'
[0.506s] Level 1:colcon.colcon_core.package_identification:_identify(simulaciones/2025-06-08_23-08-58) by extensions ['colcon_meta']
[0.506s] Level 1:colcon.colcon_core.package_identification:_identify(simulaciones/2025-06-08_23-08-58) by extension 'colcon_meta'
[0.506s] Level 1:colcon.colcon_core.package_identification:_identify(simulaciones/2025-06-08_23-08-58) by extensions ['ros']
[0.506s] Level 1:colcon.colcon_core.package_identification:_identify(simulaciones/2025-06-08_23-08-58) by extension 'ros'
[0.506s] Level 1:colcon.colcon_core.package_identification:_identify(simulaciones/2025-06-08_23-08-58) by extensions ['cmake', 'python']
[0.506s] Level 1:colcon.colcon_core.package_identification:_identify(simulaciones/2025-06-08_23-08-58) by extension 'cmake'
[0.506s] Level 1:colcon.colcon_core.package_identification:_identify(simulaciones/2025-06-08_23-08-58) by extension 'python'
[0.506s] Level 1:colcon.colcon_core.package_identification:_identify(simulaciones/2025-06-08_23-08-58) by extensions ['python_setup_py']
[0.506s] Level 1:colcon.colcon_core.package_identification:_identify(simulaciones/2025-06-08_23-08-58) by extension 'python_setup_py'
[0.506s] Level 1:colcon.colcon_core.package_identification:_identify(simulaciones/2025-06-08_23-09-58) by extensions ['ignore', 'ignore_ament_install']
[0.507s] Level 1:colcon.colcon_core.package_identification:_identify(simulaciones/2025-06-08_23-09-58) by extension 'ignore'
[0.507s] Level 1:colcon.colcon_core.package_identification:_identify(simulaciones/2025-06-08_23-09-58) by extension 'ignore_ament_install'
[0.507s] Level 1:colcon.colcon_core.package_identification:_identify(simulaciones/2025-06-08_23-09-58) by extensions ['colcon_pkg']
[0.507s] Level 1:colcon.colcon_core.package_identification:_identify(simulaciones/2025-06-08_23-09-58) by extension 'colcon_pkg'
[0.507s] Level 1:colcon.colcon_core.package_identification:_identify(simulaciones/2025-06-08_23-09-58) by extensions ['colcon_meta']
[0.507s] Level 1:colcon.colcon_core.package_identification:_identify(simulaciones/2025-06-08_23-09-58) by extension 'colcon_meta'
[0.507s] Level 1:colcon.colcon_core.package_identification:_identify(simulaciones/2025-06-08_23-09-58) by extensions ['ros']
[0.507s] Level 1:colcon.colcon_core.package_identification:_identify(simulaciones/2025-06-08_23-09-58) by extension 'ros'
[0.507s] Level 1:colcon.colcon_core.package_identification:_identify(simulaciones/2025-06-08_23-09-58) by extensions ['cmake', 'python']
[0.507s] Level 1:colcon.colcon_core.package_identification:_identify(simulaciones/2025-06-08_23-09-58) by extension 'cmake'
[0.507s] Level 1:colcon.colcon_core.package_identification:_identify(simulaciones/2025-06-08_23-09-58) by extension 'python'
[0.507s] Level 1:colcon.colcon_core.package_identification:_identify(simulaciones/2025-06-08_23-09-58) by extensions ['python_setup_py']
[0.507s] Level 1:colcon.colcon_core.package_identification:_identify(simulaciones/2025-06-08_23-09-58) by extension 'python_setup_py'
[0.507s] Level 1:colcon.colcon_core.package_identification:_identify(simulaciones/2025-06-08_23-13-10) by extensions ['ignore', 'ignore_ament_install']
[0.507s] Level 1:colcon.colcon_core.package_identification:_identify(simulaciones/2025-06-08_23-13-10) by extension 'ignore'
[0.507s] Level 1:colcon.colcon_core.package_identification:_identify(simulaciones/2025-06-08_23-13-10) by extension 'ignore_ament_install'
[0.507s] Level 1:colcon.colcon_core.package_identification:_identify(simulaciones/2025-06-08_23-13-10) by extensions ['colcon_pkg']
[0.508s] Level 1:colcon.colcon_core.package_identification:_identify(simulaciones/2025-06-08_23-13-10) by extension 'colcon_pkg'
[0.508s] Level 1:colcon.colcon_core.package_identification:_identify(simulaciones/2025-06-08_23-13-10) by extensions ['colcon_meta']
[0.508s] Level 1:colcon.colcon_core.package_identification:_identify(simulaciones/2025-06-08_23-13-10) by extension 'colcon_meta'
[0.508s] Level 1:colcon.colcon_core.package_identification:_identify(simulaciones/2025-06-08_23-13-10) by extensions ['ros']
[0.508s] Level 1:colcon.colcon_core.package_identification:_identify(simulaciones/2025-06-08_23-13-10) by extension 'ros'
[0.508s] Level 1:colcon.colcon_core.package_identification:_identify(simulaciones/2025-06-08_23-13-10) by extensions ['cmake', 'python']
[0.508s] Level 1:colcon.colcon_core.package_identification:_identify(simulaciones/2025-06-08_23-13-10) by extension 'cmake'
[0.508s] Level 1:colcon.colcon_core.package_identification:_identify(simulaciones/2025-06-08_23-13-10) by extension 'python'
[0.508s] Level 1:colcon.colcon_core.package_identification:_identify(simulaciones/2025-06-08_23-13-10) by extensions ['python_setup_py']
[0.508s] Level 1:colcon.colcon_core.package_identification:_identify(simulaciones/2025-06-08_23-13-10) by extension 'python_setup_py'
[0.508s] Level 1:colcon.colcon_core.package_identification:_identify(simulaciones/2025-06-08_23-13-32) by extensions ['ignore', 'ignore_ament_install']
[0.508s] Level 1:colcon.colcon_core.package_identification:_identify(simulaciones/2025-06-08_23-13-32) by extension 'ignore'
[0.508s] Level 1:colcon.colcon_core.package_identification:_identify(simulaciones/2025-06-08_23-13-32) by extension 'ignore_ament_install'
[0.509s] Level 1:colcon.colcon_core.package_identification:_identify(simulaciones/2025-06-08_23-13-32) by extensions ['colcon_pkg']
[0.509s] Level 1:colcon.colcon_core.package_identification:_identify(simulaciones/2025-06-08_23-13-32) by extension 'colcon_pkg'
[0.509s] Level 1:colcon.colcon_core.package_identification:_identify(simulaciones/2025-06-08_23-13-32) by extensions ['colcon_meta']
[0.509s] Level 1:colcon.colcon_core.package_identification:_identify(simulaciones/2025-06-08_23-13-32) by extension 'colcon_meta'
[0.509s] Level 1:colcon.colcon_core.package_identification:_identify(simulaciones/2025-06-08_23-13-32) by extensions ['ros']
[0.509s] Level 1:colcon.colcon_core.package_identification:_identify(simulaciones/2025-06-08_23-13-32) by extension 'ros'
[0.509s] Level 1:colcon.colcon_core.package_identification:_identify(simulaciones/2025-06-08_23-13-32) by extensions ['cmake', 'python']
[0.509s] Level 1:colcon.colcon_core.package_identification:_identify(simulaciones/2025-06-08_23-13-32) by extension 'cmake'
[0.509s] Level 1:colcon.colcon_core.package_identification:_identify(simulaciones/2025-06-08_23-13-32) by extension 'python'
[0.509s] Level 1:colcon.colcon_core.package_identification:_identify(simulaciones/2025-06-08_23-13-32) by extensions ['python_setup_py']
[0.509s] Level 1:colcon.colcon_core.package_identification:_identify(simulaciones/2025-06-08_23-13-32) by extension 'python_setup_py'
[0.509s] Level 1:colcon.colcon_core.package_identification:_identify(simulaciones/2025-06-08_23-18-47) by extensions ['ignore', 'ignore_ament_install']
[0.509s] Level 1:colcon.colcon_core.package_identification:_identify(simulaciones/2025-06-08_23-18-47) by extension 'ignore'
[0.510s] Level 1:colcon.colcon_core.package_identification:_identify(simulaciones/2025-06-08_23-18-47) by extension 'ignore_ament_install'
[0.510s] Level 1:colcon.colcon_core.package_identification:_identify(simulaciones/2025-06-08_23-18-47) by extensions ['colcon_pkg']
[0.510s] Level 1:colcon.colcon_core.package_identification:_identify(simulaciones/2025-06-08_23-18-47) by extension 'colcon_pkg'
[0.510s] Level 1:colcon.colcon_core.package_identification:_identify(simulaciones/2025-06-08_23-18-47) by extensions ['colcon_meta']
[0.510s] Level 1:colcon.colcon_core.package_identification:_identify(simulaciones/2025-06-08_23-18-47) by extension 'colcon_meta'
[0.510s] Level 1:colcon.colcon_core.package_identification:_identify(simulaciones/2025-06-08_23-18-47) by extensions ['ros']
[0.510s] Level 1:colcon.colcon_core.package_identification:_identify(simulaciones/2025-06-08_23-18-47) by extension 'ros'
[0.510s] Level 1:colcon.colcon_core.package_identification:_identify(simulaciones/2025-06-08_23-18-47) by extensions ['cmake', 'python']
[0.510s] Level 1:colcon.colcon_core.package_identification:_identify(simulaciones/2025-06-08_23-18-47) by extension 'cmake'
[0.510s] Level 1:colcon.colcon_core.package_identification:_identify(simulaciones/2025-06-08_23-18-47) by extension 'python'
[0.510s] Level 1:colcon.colcon_core.package_identification:_identify(simulaciones/2025-06-08_23-18-47) by extensions ['python_setup_py']
[0.510s] Level 1:colcon.colcon_core.package_identification:_identify(simulaciones/2025-06-08_23-18-47) by extension 'python_setup_py'
[0.511s] Level 1:colcon.colcon_core.package_identification:_identify(simulaciones/2025-06-08_23-20-23) by extensions ['ignore', 'ignore_ament_install']
[0.511s] Level 1:colcon.colcon_core.package_identification:_identify(simulaciones/2025-06-08_23-20-23) by extension 'ignore'
[0.511s] Level 1:colcon.colcon_core.package_identification:_identify(simulaciones/2025-06-08_23-20-23) by extension 'ignore_ament_install'
[0.511s] Level 1:colcon.colcon_core.package_identification:_identify(simulaciones/2025-06-08_23-20-23) by extensions ['colcon_pkg']
[0.511s] Level 1:colcon.colcon_core.package_identification:_identify(simulaciones/2025-06-08_23-20-23) by extension 'colcon_pkg'
[0.511s] Level 1:colcon.colcon_core.package_identification:_identify(simulaciones/2025-06-08_23-20-23) by extensions ['colcon_meta']
[0.511s] Level 1:colcon.colcon_core.package_identification:_identify(simulaciones/2025-06-08_23-20-23) by extension 'colcon_meta'
[0.511s] Level 1:colcon.colcon_core.package_identification:_identify(simulaciones/2025-06-08_23-20-23) by extensions ['ros']
[0.511s] Level 1:colcon.colcon_core.package_identification:_identify(simulaciones/2025-06-08_23-20-23) by extension 'ros'
[0.511s] Level 1:colcon.colcon_core.package_identification:_identify(simulaciones/2025-06-08_23-20-23) by extensions ['cmake', 'python']
[0.512s] Level 1:colcon.colcon_core.package_identification:_identify(simulaciones/2025-06-08_23-20-23) by extension 'cmake'
[0.512s] Level 1:colcon.colcon_core.package_identification:_identify(simulaciones/2025-06-08_23-20-23) by extension 'python'
[0.512s] Level 1:colcon.colcon_core.package_identification:_identify(simulaciones/2025-06-08_23-20-23) by extensions ['python_setup_py']
[0.512s] Level 1:colcon.colcon_core.package_identification:_identify(simulaciones/2025-06-08_23-20-23) by extension 'python_setup_py'
[0.512s] Level 1:colcon.colcon_core.package_identification:_identify(simulaciones/2025-06-08_23-29-29) by extensions ['ignore', 'ignore_ament_install']
[0.512s] Level 1:colcon.colcon_core.package_identification:_identify(simulaciones/2025-06-08_23-29-29) by extension 'ignore'
[0.512s] Level 1:colcon.colcon_core.package_identification:_identify(simulaciones/2025-06-08_23-29-29) by extension 'ignore_ament_install'
[0.512s] Level 1:colcon.colcon_core.package_identification:_identify(simulaciones/2025-06-08_23-29-29) by extensions ['colcon_pkg']
[0.512s] Level 1:colcon.colcon_core.package_identification:_identify(simulaciones/2025-06-08_23-29-29) by extension 'colcon_pkg'
[0.512s] Level 1:colcon.colcon_core.package_identification:_identify(simulaciones/2025-06-08_23-29-29) by extensions ['colcon_meta']
[0.512s] Level 1:colcon.colcon_core.package_identification:_identify(simulaciones/2025-06-08_23-29-29) by extension 'colcon_meta'
[0.513s] Level 1:colcon.colcon_core.package_identification:_identify(simulaciones/2025-06-08_23-29-29) by extensions ['ros']
[0.513s] Level 1:colcon.colcon_core.package_identification:_identify(simulaciones/2025-06-08_23-29-29) by extension 'ros'
[0.513s] Level 1:colcon.colcon_core.package_identification:_identify(simulaciones/2025-06-08_23-29-29) by extensions ['cmake', 'python']
[0.513s] Level 1:colcon.colcon_core.package_identification:_identify(simulaciones/2025-06-08_23-29-29) by extension 'cmake'
[0.513s] Level 1:colcon.colcon_core.package_identification:_identify(simulaciones/2025-06-08_23-29-29) by extension 'python'
[0.513s] Level 1:colcon.colcon_core.package_identification:_identify(simulaciones/2025-06-08_23-29-29) by extensions ['python_setup_py']
[0.513s] Level 1:colcon.colcon_core.package_identification:_identify(simulaciones/2025-06-08_23-29-29) by extension 'python_setup_py'
[0.513s] Level 1:colcon.colcon_core.package_identification:_identify(simulaciones/2025-06-08_23-29-51) by extensions ['ignore', 'ignore_ament_install']
[0.513s] Level 1:colcon.colcon_core.package_identification:_identify(simulaciones/2025-06-08_23-29-51) by extension 'ignore'
[0.514s] Level 1:colcon.colcon_core.package_identification:_identify(simulaciones/2025-06-08_23-29-51) by extension 'ignore_ament_install'
[0.514s] Level 1:colcon.colcon_core.package_identification:_identify(simulaciones/2025-06-08_23-29-51) by extensions ['colcon_pkg']
[0.514s] Level 1:colcon.colcon_core.package_identification:_identify(simulaciones/2025-06-08_23-29-51) by extension 'colcon_pkg'
[0.514s] Level 1:colcon.colcon_core.package_identification:_identify(simulaciones/2025-06-08_23-29-51) by extensions ['colcon_meta']
[0.514s] Level 1:colcon.colcon_core.package_identification:_identify(simulaciones/2025-06-08_23-29-51) by extension 'colcon_meta'
[0.514s] Level 1:colcon.colcon_core.package_identification:_identify(simulaciones/2025-06-08_23-29-51) by extensions ['ros']
[0.514s] Level 1:colcon.colcon_core.package_identification:_identify(simulaciones/2025-06-08_23-29-51) by extension 'ros'
[0.514s] Level 1:colcon.colcon_core.package_identification:_identify(simulaciones/2025-06-08_23-29-51) by extensions ['cmake', 'python']
[0.514s] Level 1:colcon.colcon_core.package_identification:_identify(simulaciones/2025-06-08_23-29-51) by extension 'cmake'
[0.514s] Level 1:colcon.colcon_core.package_identification:_identify(simulaciones/2025-06-08_23-29-51) by extension 'python'
[0.514s] Level 1:colcon.colcon_core.package_identification:_identify(simulaciones/2025-06-08_23-29-51) by extensions ['python_setup_py']
[0.514s] Level 1:colcon.colcon_core.package_identification:_identify(simulaciones/2025-06-08_23-29-51) by extension 'python_setup_py'
[0.515s] Level 1:colcon.colcon_core.package_identification:_identify(simulaciones/2025-06-09_12-01-15) by extensions ['ignore', 'ignore_ament_install']
[0.515s] Level 1:colcon.colcon_core.package_identification:_identify(simulaciones/2025-06-09_12-01-15) by extension 'ignore'
[0.515s] Level 1:colcon.colcon_core.package_identification:_identify(simulaciones/2025-06-09_12-01-15) by extension 'ignore_ament_install'
[0.515s] Level 1:colcon.colcon_core.package_identification:_identify(simulaciones/2025-06-09_12-01-15) by extensions ['colcon_pkg']
[0.515s] Level 1:colcon.colcon_core.package_identification:_identify(simulaciones/2025-06-09_12-01-15) by extension 'colcon_pkg'
[0.515s] Level 1:colcon.colcon_core.package_identification:_identify(simulaciones/2025-06-09_12-01-15) by extensions ['colcon_meta']
[0.515s] Level 1:colcon.colcon_core.package_identification:_identify(simulaciones/2025-06-09_12-01-15) by extension 'colcon_meta'
[0.516s] Level 1:colcon.colcon_core.package_identification:_identify(simulaciones/2025-06-09_12-01-15) by extensions ['ros']
[0.516s] Level 1:colcon.colcon_core.package_identification:_identify(simulaciones/2025-06-09_12-01-15) by extension 'ros'
[0.516s] Level 1:colcon.colcon_core.package_identification:_identify(simulaciones/2025-06-09_12-01-15) by extensions ['cmake', 'python']
[0.516s] Level 1:colcon.colcon_core.package_identification:_identify(simulaciones/2025-06-09_12-01-15) by extension 'cmake'
[0.516s] Level 1:colcon.colcon_core.package_identification:_identify(simulaciones/2025-06-09_12-01-15) by extension 'python'
[0.516s] Level 1:colcon.colcon_core.package_identification:_identify(simulaciones/2025-06-09_12-01-15) by extensions ['python_setup_py']
[0.516s] Level 1:colcon.colcon_core.package_identification:_identify(simulaciones/2025-06-09_12-01-15) by extension 'python_setup_py'
[0.516s] Level 1:colcon.colcon_core.package_identification:_identify(simulaciones/2025-06-09_12-02-17) by extensions ['ignore', 'ignore_ament_install']
[0.516s] Level 1:colcon.colcon_core.package_identification:_identify(simulaciones/2025-06-09_12-02-17) by extension 'ignore'
[0.516s] Level 1:colcon.colcon_core.package_identification:_identify(simulaciones/2025-06-09_12-02-17) by extension 'ignore_ament_install'
[0.516s] Level 1:colcon.colcon_core.package_identification:_identify(simulaciones/2025-06-09_12-02-17) by extensions ['colcon_pkg']
[0.517s] Level 1:colcon.colcon_core.package_identification:_identify(simulaciones/2025-06-09_12-02-17) by extension 'colcon_pkg'
[0.517s] Level 1:colcon.colcon_core.package_identification:_identify(simulaciones/2025-06-09_12-02-17) by extensions ['colcon_meta']
[0.517s] Level 1:colcon.colcon_core.package_identification:_identify(simulaciones/2025-06-09_12-02-17) by extension 'colcon_meta'
[0.517s] Level 1:colcon.colcon_core.package_identification:_identify(simulaciones/2025-06-09_12-02-17) by extensions ['ros']
[0.517s] Level 1:colcon.colcon_core.package_identification:_identify(simulaciones/2025-06-09_12-02-17) by extension 'ros'
[0.517s] Level 1:colcon.colcon_core.package_identification:_identify(simulaciones/2025-06-09_12-02-17) by extensions ['cmake', 'python']
[0.517s] Level 1:colcon.colcon_core.package_identification:_identify(simulaciones/2025-06-09_12-02-17) by extension 'cmake'
[0.517s] Level 1:colcon.colcon_core.package_identification:_identify(simulaciones/2025-06-09_12-02-17) by extension 'python'
[0.517s] Level 1:colcon.colcon_core.package_identification:_identify(simulaciones/2025-06-09_12-02-17) by extensions ['python_setup_py']
[0.517s] Level 1:colcon.colcon_core.package_identification:_identify(simulaciones/2025-06-09_12-02-17) by extension 'python_setup_py'
[0.518s] Level 1:colcon.colcon_core.package_identification:_identify(simulaciones/2025-06-09_12-03-43) by extensions ['ignore', 'ignore_ament_install']
[0.518s] Level 1:colcon.colcon_core.package_identification:_identify(simulaciones/2025-06-09_12-03-43) by extension 'ignore'
[0.518s] Level 1:colcon.colcon_core.package_identification:_identify(simulaciones/2025-06-09_12-03-43) by extension 'ignore_ament_install'
[0.518s] Level 1:colcon.colcon_core.package_identification:_identify(simulaciones/2025-06-09_12-03-43) by extensions ['colcon_pkg']
[0.518s] Level 1:colcon.colcon_core.package_identification:_identify(simulaciones/2025-06-09_12-03-43) by extension 'colcon_pkg'
[0.518s] Level 1:colcon.colcon_core.package_identification:_identify(simulaciones/2025-06-09_12-03-43) by extensions ['colcon_meta']
[0.518s] Level 1:colcon.colcon_core.package_identification:_identify(simulaciones/2025-06-09_12-03-43) by extension 'colcon_meta'
[0.518s] Level 1:colcon.colcon_core.package_identification:_identify(simulaciones/2025-06-09_12-03-43) by extensions ['ros']
[0.518s] Level 1:colcon.colcon_core.package_identification:_identify(simulaciones/2025-06-09_12-03-43) by extension 'ros'
[0.518s] Level 1:colcon.colcon_core.package_identification:_identify(simulaciones/2025-06-09_12-03-43) by extensions ['cmake', 'python']
[0.518s] Level 1:colcon.colcon_core.package_identification:_identify(simulaciones/2025-06-09_12-03-43) by extension 'cmake'
[0.519s] Level 1:colcon.colcon_core.package_identification:_identify(simulaciones/2025-06-09_12-03-43) by extension 'python'
[0.519s] Level 1:colcon.colcon_core.package_identification:_identify(simulaciones/2025-06-09_12-03-43) by extensions ['python_setup_py']
[0.519s] Level 1:colcon.colcon_core.package_identification:_identify(simulaciones/2025-06-09_12-03-43) by extension 'python_setup_py'
[0.519s] Level 1:colcon.colcon_core.package_identification:_identify(simulaciones/2025-06-11_17-30-17) by extensions ['ignore', 'ignore_ament_install']
[0.519s] Level 1:colcon.colcon_core.package_identification:_identify(simulaciones/2025-06-11_17-30-17) by extension 'ignore'
[0.519s] Level 1:colcon.colcon_core.package_identification:_identify(simulaciones/2025-06-11_17-30-17) by extension 'ignore_ament_install'
[0.519s] Level 1:colcon.colcon_core.package_identification:_identify(simulaciones/2025-06-11_17-30-17) by extensions ['colcon_pkg']
[0.519s] Level 1:colcon.colcon_core.package_identification:_identify(simulaciones/2025-06-11_17-30-17) by extension 'colcon_pkg'
[0.519s] Level 1:colcon.colcon_core.package_identification:_identify(simulaciones/2025-06-11_17-30-17) by extensions ['colcon_meta']
[0.519s] Level 1:colcon.colcon_core.package_identification:_identify(simulaciones/2025-06-11_17-30-17) by extension 'colcon_meta'
[0.520s] Level 1:colcon.colcon_core.package_identification:_identify(simulaciones/2025-06-11_17-30-17) by extensions ['ros']
[0.520s] Level 1:colcon.colcon_core.package_identification:_identify(simulaciones/2025-06-11_17-30-17) by extension 'ros'
[0.520s] Level 1:colcon.colcon_core.package_identification:_identify(simulaciones/2025-06-11_17-30-17) by extensions ['cmake', 'python']
[0.520s] Level 1:colcon.colcon_core.package_identification:_identify(simulaciones/2025-06-11_17-30-17) by extension 'cmake'
[0.520s] Level 1:colcon.colcon_core.package_identification:_identify(simulaciones/2025-06-11_17-30-17) by extension 'python'
[0.520s] Level 1:colcon.colcon_core.package_identification:_identify(simulaciones/2025-06-11_17-30-17) by extensions ['python_setup_py']
[0.520s] Level 1:colcon.colcon_core.package_identification:_identify(simulaciones/2025-06-11_17-30-17) by extension 'python_setup_py'
[0.520s] Level 1:colcon.colcon_core.package_identification:_identify(simulaciones/2025-06-11_17-49-46) by extensions ['ignore', 'ignore_ament_install']
[0.521s] Level 1:colcon.colcon_core.package_identification:_identify(simulaciones/2025-06-11_17-49-46) by extension 'ignore'
[0.521s] Level 1:colcon.colcon_core.package_identification:_identify(simulaciones/2025-06-11_17-49-46) by extension 'ignore_ament_install'
[0.521s] Level 1:colcon.colcon_core.package_identification:_identify(simulaciones/2025-06-11_17-49-46) by extensions ['colcon_pkg']
[0.521s] Level 1:colcon.colcon_core.package_identification:_identify(simulaciones/2025-06-11_17-49-46) by extension 'colcon_pkg'
[0.521s] Level 1:colcon.colcon_core.package_identification:_identify(simulaciones/2025-06-11_17-49-46) by extensions ['colcon_meta']
[0.521s] Level 1:colcon.colcon_core.package_identification:_identify(simulaciones/2025-06-11_17-49-46) by extension 'colcon_meta'
[0.521s] Level 1:colcon.colcon_core.package_identification:_identify(simulaciones/2025-06-11_17-49-46) by extensions ['ros']
[0.521s] Level 1:colcon.colcon_core.package_identification:_identify(simulaciones/2025-06-11_17-49-46) by extension 'ros'
[0.521s] Level 1:colcon.colcon_core.package_identification:_identify(simulaciones/2025-06-11_17-49-46) by extensions ['cmake', 'python']
[0.522s] Level 1:colcon.colcon_core.package_identification:_identify(simulaciones/2025-06-11_17-49-46) by extension 'cmake'
[0.522s] Level 1:colcon.colcon_core.package_identification:_identify(simulaciones/2025-06-11_17-49-46) by extension 'python'
[0.522s] Level 1:colcon.colcon_core.package_identification:_identify(simulaciones/2025-06-11_17-49-46) by extensions ['python_setup_py']
[0.522s] Level 1:colcon.colcon_core.package_identification:_identify(simulaciones/2025-06-11_17-49-46) by extension 'python_setup_py'
[0.522s] Level 1:colcon.colcon_core.package_identification:_identify(simulaciones/Prueba_2) by extensions ['ignore', 'ignore_ament_install']
[0.522s] Level 1:colcon.colcon_core.package_identification:_identify(simulaciones/Prueba_2) by extension 'ignore'
[0.522s] Level 1:colcon.colcon_core.package_identification:_identify(simulaciones/Prueba_2) by extension 'ignore_ament_install'
[0.522s] Level 1:colcon.colcon_core.package_identification:_identify(simulaciones/Prueba_2) by extensions ['colcon_pkg']
[0.522s] Level 1:colcon.colcon_core.package_identification:_identify(simulaciones/Prueba_2) by extension 'colcon_pkg'
[0.523s] Level 1:colcon.colcon_core.package_identification:_identify(simulaciones/Prueba_2) by extensions ['colcon_meta']
[0.523s] Level 1:colcon.colcon_core.package_identification:_identify(simulaciones/Prueba_2) by extension 'colcon_meta'
[0.523s] Level 1:colcon.colcon_core.package_identification:_identify(simulaciones/Prueba_2) by extensions ['ros']
[0.523s] Level 1:colcon.colcon_core.package_identification:_identify(simulaciones/Prueba_2) by extension 'ros'
[0.523s] Level 1:colcon.colcon_core.package_identification:_identify(simulaciones/Prueba_2) by extensions ['cmake', 'python']
[0.523s] Level 1:colcon.colcon_core.package_identification:_identify(simulaciones/Prueba_2) by extension 'cmake'
[0.523s] Level 1:colcon.colcon_core.package_identification:_identify(simulaciones/Prueba_2) by extension 'python'
[0.523s] Level 1:colcon.colcon_core.package_identification:_identify(simulaciones/Prueba_2) by extensions ['python_setup_py']
[0.523s] Level 1:colcon.colcon_core.package_identification:_identify(simulaciones/Prueba_2) by extension 'python_setup_py'
[0.523s] Level 1:colcon.colcon_core.package_identification:_identify(simulaciones/Prueba_3) by extensions ['ignore', 'ignore_ament_install']
[0.523s] Level 1:colcon.colcon_core.package_identification:_identify(simulaciones/Prueba_3) by extension 'ignore'
[0.524s] Level 1:colcon.colcon_core.package_identification:_identify(simulaciones/Prueba_3) by extension 'ignore_ament_install'
[0.524s] Level 1:colcon.colcon_core.package_identification:_identify(simulaciones/Prueba_3) by extensions ['colcon_pkg']
[0.524s] Level 1:colcon.colcon_core.package_identification:_identify(simulaciones/Prueba_3) by extension 'colcon_pkg'
[0.524s] Level 1:colcon.colcon_core.package_identification:_identify(simulaciones/Prueba_3) by extensions ['colcon_meta']
[0.524s] Level 1:colcon.colcon_core.package_identification:_identify(simulaciones/Prueba_3) by extension 'colcon_meta'
[0.524s] Level 1:colcon.colcon_core.package_identification:_identify(simulaciones/Prueba_3) by extensions ['ros']
[0.524s] Level 1:colcon.colcon_core.package_identification:_identify(simulaciones/Prueba_3) by extension 'ros'
[0.524s] Level 1:colcon.colcon_core.package_identification:_identify(simulaciones/Prueba_3) by extensions ['cmake', 'python']
[0.524s] Level 1:colcon.colcon_core.package_identification:_identify(simulaciones/Prueba_3) by extension 'cmake'
[0.524s] Level 1:colcon.colcon_core.package_identification:_identify(simulaciones/Prueba_3) by extension 'python'
[0.524s] Level 1:colcon.colcon_core.package_identification:_identify(simulaciones/Prueba_3) by extensions ['python_setup_py']
[0.524s] Level 1:colcon.colcon_core.package_identification:_identify(simulaciones/Prueba_3) by extension 'python_setup_py'
[0.525s] Level 1:colcon.colcon_core.package_identification:_identify(simulaciones/Prueba_4) by extensions ['ignore', 'ignore_ament_install']
[0.525s] Level 1:colcon.colcon_core.package_identification:_identify(simulaciones/Prueba_4) by extension 'ignore'
[0.525s] Level 1:colcon.colcon_core.package_identification:_identify(simulaciones/Prueba_4) by extension 'ignore_ament_install'
[0.525s] Level 1:colcon.colcon_core.package_identification:_identify(simulaciones/Prueba_4) by extensions ['colcon_pkg']
[0.525s] Level 1:colcon.colcon_core.package_identification:_identify(simulaciones/Prueba_4) by extension 'colcon_pkg'
[0.525s] Level 1:colcon.colcon_core.package_identification:_identify(simulaciones/Prueba_4) by extensions ['colcon_meta']
[0.525s] Level 1:colcon.colcon_core.package_identification:_identify(simulaciones/Prueba_4) by extension 'colcon_meta'
[0.525s] Level 1:colcon.colcon_core.package_identification:_identify(simulaciones/Prueba_4) by extensions ['ros']
[0.525s] Level 1:colcon.colcon_core.package_identification:_identify(simulaciones/Prueba_4) by extension 'ros'
[0.526s] Level 1:colcon.colcon_core.package_identification:_identify(simulaciones/Prueba_4) by extensions ['cmake', 'python']
[0.526s] Level 1:colcon.colcon_core.package_identification:_identify(simulaciones/Prueba_4) by extension 'cmake'
[0.526s] Level 1:colcon.colcon_core.package_identification:_identify(simulaciones/Prueba_4) by extension 'python'
[0.526s] Level 1:colcon.colcon_core.package_identification:_identify(simulaciones/Prueba_4) by extensions ['python_setup_py']
[0.526s] Level 1:colcon.colcon_core.package_identification:_identify(simulaciones/Prueba_4) by extension 'python_setup_py'
[0.526s] Level 1:colcon.colcon_core.package_identification:_identify(simulaciones/Prueba_5) by extensions ['ignore', 'ignore_ament_install']
[0.526s] Level 1:colcon.colcon_core.package_identification:_identify(simulaciones/Prueba_5) by extension 'ignore'
[0.527s] Level 1:colcon.colcon_core.package_identification:_identify(simulaciones/Prueba_5) by extension 'ignore_ament_install'
[0.527s] Level 1:colcon.colcon_core.package_identification:_identify(simulaciones/Prueba_5) by extensions ['colcon_pkg']
[0.527s] Level 1:colcon.colcon_core.package_identification:_identify(simulaciones/Prueba_5) by extension 'colcon_pkg'
[0.527s] Level 1:colcon.colcon_core.package_identification:_identify(simulaciones/Prueba_5) by extensions ['colcon_meta']
[0.527s] Level 1:colcon.colcon_core.package_identification:_identify(simulaciones/Prueba_5) by extension 'colcon_meta'
[0.527s] Level 1:colcon.colcon_core.package_identification:_identify(simulaciones/Prueba_5) by extensions ['ros']
[0.527s] Level 1:colcon.colcon_core.package_identification:_identify(simulaciones/Prueba_5) by extension 'ros'
[0.527s] Level 1:colcon.colcon_core.package_identification:_identify(simulaciones/Prueba_5) by extensions ['cmake', 'python']
[0.527s] Level 1:colcon.colcon_core.package_identification:_identify(simulaciones/Prueba_5) by extension 'cmake'
[0.527s] Level 1:colcon.colcon_core.package_identification:_identify(simulaciones/Prueba_5) by extension 'python'
[0.527s] Level 1:colcon.colcon_core.package_identification:_identify(simulaciones/Prueba_5) by extensions ['python_setup_py']
[0.527s] Level 1:colcon.colcon_core.package_identification:_identify(simulaciones/Prueba_5) by extension 'python_setup_py'
[0.528s] Level 1:colcon.colcon_core.package_identification:_identify(simulaciones/Prueba_6) by extensions ['ignore', 'ignore_ament_install']
[0.528s] Level 1:colcon.colcon_core.package_identification:_identify(simulaciones/Prueba_6) by extension 'ignore'
[0.528s] Level 1:colcon.colcon_core.package_identification:_identify(simulaciones/Prueba_6) by extension 'ignore_ament_install'
[0.528s] Level 1:colcon.colcon_core.package_identification:_identify(simulaciones/Prueba_6) by extensions ['colcon_pkg']
[0.528s] Level 1:colcon.colcon_core.package_identification:_identify(simulaciones/Prueba_6) by extension 'colcon_pkg'
[0.528s] Level 1:colcon.colcon_core.package_identification:_identify(simulaciones/Prueba_6) by extensions ['colcon_meta']
[0.528s] Level 1:colcon.colcon_core.package_identification:_identify(simulaciones/Prueba_6) by extension 'colcon_meta'
[0.528s] Level 1:colcon.colcon_core.package_identification:_identify(simulaciones/Prueba_6) by extensions ['ros']
[0.528s] Level 1:colcon.colcon_core.package_identification:_identify(simulaciones/Prueba_6) by extension 'ros'
[0.529s] Level 1:colcon.colcon_core.package_identification:_identify(simulaciones/Prueba_6) by extensions ['cmake', 'python']
[0.529s] Level 1:colcon.colcon_core.package_identification:_identify(simulaciones/Prueba_6) by extension 'cmake'
[0.529s] Level 1:colcon.colcon_core.package_identification:_identify(simulaciones/Prueba_6) by extension 'python'
[0.529s] Level 1:colcon.colcon_core.package_identification:_identify(simulaciones/Prueba_6) by extensions ['python_setup_py']
[0.529s] Level 1:colcon.colcon_core.package_identification:_identify(simulaciones/Prueba_6) by extension 'python_setup_py'
[0.529s] Level 1:colcon.colcon_core.package_identification:_identify(simulaciones/Prueba_7) by extensions ['ignore', 'ignore_ament_install']
[0.529s] Level 1:colcon.colcon_core.package_identification:_identify(simulaciones/Prueba_7) by extension 'ignore'
[0.529s] Level 1:colcon.colcon_core.package_identification:_identify(simulaciones/Prueba_7) by extension 'ignore_ament_install'
[0.529s] Level 1:colcon.colcon_core.package_identification:_identify(simulaciones/Prueba_7) by extensions ['colcon_pkg']
[0.529s] Level 1:colcon.colcon_core.package_identification:_identify(simulaciones/Prueba_7) by extension 'colcon_pkg'
[0.529s] Level 1:colcon.colcon_core.package_identification:_identify(simulaciones/Prueba_7) by extensions ['colcon_meta']
[0.530s] Level 1:colcon.colcon_core.package_identification:_identify(simulaciones/Prueba_7) by extension 'colcon_meta'
[0.530s] Level 1:colcon.colcon_core.package_identification:_identify(simulaciones/Prueba_7) by extensions ['ros']
[0.530s] Level 1:colcon.colcon_core.package_identification:_identify(simulaciones/Prueba_7) by extension 'ros'
[0.530s] Level 1:colcon.colcon_core.package_identification:_identify(simulaciones/Prueba_7) by extensions ['cmake', 'python']
[0.530s] Level 1:colcon.colcon_core.package_identification:_identify(simulaciones/Prueba_7) by extension 'cmake'
[0.530s] Level 1:colcon.colcon_core.package_identification:_identify(simulaciones/Prueba_7) by extension 'python'
[0.530s] Level 1:colcon.colcon_core.package_identification:_identify(simulaciones/Prueba_7) by extensions ['python_setup_py']
[0.530s] Level 1:colcon.colcon_core.package_identification:_identify(simulaciones/Prueba_7) by extension 'python_setup_py'
[0.530s] Level 1:colcon.colcon_core.package_identification:_identify(simulaciones/Prueba_8) by extensions ['ignore', 'ignore_ament_install']
[0.530s] Level 1:colcon.colcon_core.package_identification:_identify(simulaciones/Prueba_8) by extension 'ignore'
[0.530s] Level 1:colcon.colcon_core.package_identification:_identify(simulaciones/Prueba_8) by extension 'ignore_ament_install'
[0.530s] Level 1:colcon.colcon_core.package_identification:_identify(simulaciones/Prueba_8) by extensions ['colcon_pkg']
[0.530s] Level 1:colcon.colcon_core.package_identification:_identify(simulaciones/Prueba_8) by extension 'colcon_pkg'
[0.531s] Level 1:colcon.colcon_core.package_identification:_identify(simulaciones/Prueba_8) by extensions ['colcon_meta']
[0.531s] Level 1:colcon.colcon_core.package_identification:_identify(simulaciones/Prueba_8) by extension 'colcon_meta'
[0.531s] Level 1:colcon.colcon_core.package_identification:_identify(simulaciones/Prueba_8) by extensions ['ros']
[0.531s] Level 1:colcon.colcon_core.package_identification:_identify(simulaciones/Prueba_8) by extension 'ros'
[0.531s] Level 1:colcon.colcon_core.package_identification:_identify(simulaciones/Prueba_8) by extensions ['cmake', 'python']
[0.531s] Level 1:colcon.colcon_core.package_identification:_identify(simulaciones/Prueba_8) by extension 'cmake'
[0.531s] Level 1:colcon.colcon_core.package_identification:_identify(simulaciones/Prueba_8) by extension 'python'
[0.531s] Level 1:colcon.colcon_core.package_identification:_identify(simulaciones/Prueba_8) by extensions ['python_setup_py']
[0.531s] Level 1:colcon.colcon_core.package_identification:_identify(simulaciones/Prueba_8) by extension 'python_setup_py'
[0.531s] Level 1:colcon.colcon_core.package_identification:_identify(simulaciones/Prueba_9) by extensions ['ignore', 'ignore_ament_install']
[0.531s] Level 1:colcon.colcon_core.package_identification:_identify(simulaciones/Prueba_9) by extension 'ignore'
[0.531s] Level 1:colcon.colcon_core.package_identification:_identify(simulaciones/Prueba_9) by extension 'ignore_ament_install'
[0.532s] Level 1:colcon.colcon_core.package_identification:_identify(simulaciones/Prueba_9) by extensions ['colcon_pkg']
[0.532s] Level 1:colcon.colcon_core.package_identification:_identify(simulaciones/Prueba_9) by extension 'colcon_pkg'
[0.532s] Level 1:colcon.colcon_core.package_identification:_identify(simulaciones/Prueba_9) by extensions ['colcon_meta']
[0.532s] Level 1:colcon.colcon_core.package_identification:_identify(simulaciones/Prueba_9) by extension 'colcon_meta'
[0.532s] Level 1:colcon.colcon_core.package_identification:_identify(simulaciones/Prueba_9) by extensions ['ros']
[0.532s] Level 1:colcon.colcon_core.package_identification:_identify(simulaciones/Prueba_9) by extension 'ros'
[0.532s] Level 1:colcon.colcon_core.package_identification:_identify(simulaciones/Prueba_9) by extensions ['cmake', 'python']
[0.532s] Level 1:colcon.colcon_core.package_identification:_identify(simulaciones/Prueba_9) by extension 'cmake'
[0.532s] Level 1:colcon.colcon_core.package_identification:_identify(simulaciones/Prueba_9) by extension 'python'
[0.532s] Level 1:colcon.colcon_core.package_identification:_identify(simulaciones/Prueba_9) by extensions ['python_setup_py']
[0.532s] Level 1:colcon.colcon_core.package_identification:_identify(simulaciones/Prueba_9) by extension 'python_setup_py'
[0.532s] Level 1:colcon.colcon_core.package_identification:_identify(simulaciones/Prueba_general_1) by extensions ['ignore', 'ignore_ament_install']
[0.533s] Level 1:colcon.colcon_core.package_identification:_identify(simulaciones/Prueba_general_1) by extension 'ignore'
[0.533s] Level 1:colcon.colcon_core.package_identification:_identify(simulaciones/Prueba_general_1) by extension 'ignore_ament_install'
[0.533s] Level 1:colcon.colcon_core.package_identification:_identify(simulaciones/Prueba_general_1) by extensions ['colcon_pkg']
[0.533s] Level 1:colcon.colcon_core.package_identification:_identify(simulaciones/Prueba_general_1) by extension 'colcon_pkg'
[0.533s] Level 1:colcon.colcon_core.package_identification:_identify(simulaciones/Prueba_general_1) by extensions ['colcon_meta']
[0.533s] Level 1:colcon.colcon_core.package_identification:_identify(simulaciones/Prueba_general_1) by extension 'colcon_meta'
[0.533s] Level 1:colcon.colcon_core.package_identification:_identify(simulaciones/Prueba_general_1) by extensions ['ros']
[0.533s] Level 1:colcon.colcon_core.package_identification:_identify(simulaciones/Prueba_general_1) by extension 'ros'
[0.533s] Level 1:colcon.colcon_core.package_identification:_identify(simulaciones/Prueba_general_1) by extensions ['cmake', 'python']
[0.533s] Level 1:colcon.colcon_core.package_identification:_identify(simulaciones/Prueba_general_1) by extension 'cmake'
[0.534s] Level 1:colcon.colcon_core.package_identification:_identify(simulaciones/Prueba_general_1) by extension 'python'
[0.534s] Level 1:colcon.colcon_core.package_identification:_identify(simulaciones/Prueba_general_1) by extensions ['python_setup_py']
[0.534s] Level 1:colcon.colcon_core.package_identification:_identify(simulaciones/Prueba_general_1) by extension 'python_setup_py'
[0.534s] Level 1:colcon.colcon_core.package_identification:_identify(simulaciones/Prueba_general_1/pruebaGeneral_1) by extensions ['ignore', 'ignore_ament_install']
[0.534s] Level 1:colcon.colcon_core.package_identification:_identify(simulaciones/Prueba_general_1/pruebaGeneral_1) by extension 'ignore'
[0.534s] Level 1:colcon.colcon_core.package_identification:_identify(simulaciones/Prueba_general_1/pruebaGeneral_1) by extension 'ignore_ament_install'
[0.534s] Level 1:colcon.colcon_core.package_identification:_identify(simulaciones/Prueba_general_1/pruebaGeneral_1) by extensions ['colcon_pkg']
[0.534s] Level 1:colcon.colcon_core.package_identification:_identify(simulaciones/Prueba_general_1/pruebaGeneral_1) by extension 'colcon_pkg'
[0.535s] Level 1:colcon.colcon_core.package_identification:_identify(simulaciones/Prueba_general_1/pruebaGeneral_1) by extensions ['colcon_meta']
[0.535s] Level 1:colcon.colcon_core.package_identification:_identify(simulaciones/Prueba_general_1/pruebaGeneral_1) by extension 'colcon_meta'
[0.535s] Level 1:colcon.colcon_core.package_identification:_identify(simulaciones/Prueba_general_1/pruebaGeneral_1) by extensions ['ros']
[0.535s] Level 1:colcon.colcon_core.package_identification:_identify(simulaciones/Prueba_general_1/pruebaGeneral_1) by extension 'ros'
[0.535s] Level 1:colcon.colcon_core.package_identification:_identify(simulaciones/Prueba_general_1/pruebaGeneral_1) by extensions ['cmake', 'python']
[0.535s] Level 1:colcon.colcon_core.package_identification:_identify(simulaciones/Prueba_general_1/pruebaGeneral_1) by extension 'cmake'
[0.535s] Level 1:colcon.colcon_core.package_identification:_identify(simulaciones/Prueba_general_1/pruebaGeneral_1) by extension 'python'
[0.535s] Level 1:colcon.colcon_core.package_identification:_identify(simulaciones/Prueba_general_1/pruebaGeneral_1) by extensions ['python_setup_py']
[0.535s] Level 1:colcon.colcon_core.package_identification:_identify(simulaciones/Prueba_general_1/pruebaGeneral_1) by extension 'python_setup_py'
[0.535s] Level 1:colcon.colcon_core.package_identification:_identify(src) by extensions ['ignore', 'ignore_ament_install']
[0.536s] Level 1:colcon.colcon_core.package_identification:_identify(src) by extension 'ignore'
[0.536s] Level 1:colcon.colcon_core.package_identification:_identify(src) by extension 'ignore_ament_install'
[0.536s] Level 1:colcon.colcon_core.package_identification:_identify(src) by extensions ['colcon_pkg']
[0.536s] Level 1:colcon.colcon_core.package_identification:_identify(src) by extension 'colcon_pkg'
[0.536s] Level 1:colcon.colcon_core.package_identification:_identify(src) by extensions ['colcon_meta']
[0.536s] Level 1:colcon.colcon_core.package_identification:_identify(src) by extension 'colcon_meta'
[0.536s] Level 1:colcon.colcon_core.package_identification:_identify(src) by extensions ['ros']
[0.536s] Level 1:colcon.colcon_core.package_identification:_identify(src) by extension 'ros'
[0.536s] Level 1:colcon.colcon_core.package_identification:_identify(src) by extensions ['cmake', 'python']
[0.536s] Level 1:colcon.colcon_core.package_identification:_identify(src) by extension 'cmake'
[0.537s] Level 1:colcon.colcon_core.package_identification:_identify(src) by extension 'python'
[0.537s] Level 1:colcon.colcon_core.package_identification:_identify(src) by extensions ['python_setup_py']
[0.537s] Level 1:colcon.colcon_core.package_identification:_identify(src) by extension 'python_setup_py'
[0.537s] Level 1:colcon.colcon_core.package_identification:_identify(src/depthai-ros) by extensions ['ignore', 'ignore_ament_install']
[0.537s] Level 1:colcon.colcon_core.package_identification:_identify(src/depthai-ros) by extension 'ignore'
[0.537s] Level 1:colcon.colcon_core.package_identification:_identify(src/depthai-ros) by extension 'ignore_ament_install'
[0.537s] Level 1:colcon.colcon_core.package_identification:_identify(src/depthai-ros) by extensions ['colcon_pkg']
[0.537s] Level 1:colcon.colcon_core.package_identification:_identify(src/depthai-ros) by extension 'colcon_pkg'
[0.537s] Level 1:colcon.colcon_core.package_identification:_identify(src/depthai-ros) by extensions ['colcon_meta']
[0.537s] Level 1:colcon.colcon_core.package_identification:_identify(src/depthai-ros) by extension 'colcon_meta'
[0.538s] Level 1:colcon.colcon_core.package_identification:_identify(src/depthai-ros) by extensions ['ros']
[0.538s] Level 1:colcon.colcon_core.package_identification:_identify(src/depthai-ros) by extension 'ros'
[0.538s] Level 1:colcon.colcon_core.package_identification:_identify(src/depthai-ros) by extensions ['cmake', 'python']
[0.538s] Level 1:colcon.colcon_core.package_identification:_identify(src/depthai-ros) by extension 'cmake'
[0.538s] Level 1:colcon.colcon_core.package_identification:_identify(src/depthai-ros) by extension 'python'
[0.538s] Level 1:colcon.colcon_core.package_identification:_identify(src/depthai-ros) by extensions ['python_setup_py']
[0.538s] Level 1:colcon.colcon_core.package_identification:_identify(src/depthai-ros) by extension 'python_setup_py'
[0.538s] Level 1:colcon.colcon_core.package_identification:_identify(src/formas) by extensions ['ignore', 'ignore_ament_install']
[0.538s] Level 1:colcon.colcon_core.package_identification:_identify(src/formas) by extension 'ignore'
[0.539s] Level 1:colcon.colcon_core.package_identification:_identify(src/formas) by extension 'ignore_ament_install'
[0.539s] Level 1:colcon.colcon_core.package_identification:_identify(src/formas) by extensions ['colcon_pkg']
[0.539s] Level 1:colcon.colcon_core.package_identification:_identify(src/formas) by extension 'colcon_pkg'
[0.539s] Level 1:colcon.colcon_core.package_identification:_identify(src/formas) by extensions ['colcon_meta']
[0.539s] Level 1:colcon.colcon_core.package_identification:_identify(src/formas) by extension 'colcon_meta'
[0.539s] Level 1:colcon.colcon_core.package_identification:_identify(src/formas) by extensions ['ros']
[0.539s] Level 1:colcon.colcon_core.package_identification:_identify(src/formas) by extension 'ros'
[0.545s] DEBUG:colcon.colcon_core.package_identification:Package 'src/formas' with type 'ros.ament_python' and name 'formas'
[0.545s] Level 1:colcon.colcon_core.package_identification:_identify(src/tb4_sim) by extensions ['ignore', 'ignore_ament_install']
[0.546s] Level 1:colcon.colcon_core.package_identification:_identify(src/tb4_sim) by extension 'ignore'
[0.546s] Level 1:colcon.colcon_core.package_identification:_identify(src/tb4_sim) by extension 'ignore_ament_install'
[0.546s] Level 1:colcon.colcon_core.package_identification:_identify(src/tb4_sim) by extensions ['colcon_pkg']
[0.546s] Level 1:colcon.colcon_core.package_identification:_identify(src/tb4_sim) by extension 'colcon_pkg'
[0.546s] Level 1:colcon.colcon_core.package_identification:_identify(src/tb4_sim) by extensions ['colcon_meta']
[0.546s] Level 1:colcon.colcon_core.package_identification:_identify(src/tb4_sim) by extension 'colcon_meta'
[0.546s] Level 1:colcon.colcon_core.package_identification:_identify(src/tb4_sim) by extensions ['ros']
[0.546s] Level 1:colcon.colcon_core.package_identification:_identify(src/tb4_sim) by extension 'ros'
[0.547s] DEBUG:colcon.colcon_core.package_identification:Package 'src/tb4_sim' with type 'ros.ament_python' and name 'tb4_sim'
[0.548s] Level 1:colcon.colcon_core.package_discovery:discover_packages(recursive) using defaults
[0.548s] Level 1:colcon.colcon_core.package_discovery:discover_packages(ignore) discover
[0.548s] Level 1:colcon.colcon_core.package_discovery:discover_packages(ignore) using defaults
[0.548s] Level 1:colcon.colcon_core.package_discovery:discover_packages(path) discover
[0.548s] Level 1:colcon.colcon_core.package_discovery:discover_packages(path) using defaults
[0.606s] Level 1:colcon.colcon_core.package_discovery:discover_packages(prefix_path) check parameters
[0.606s] Level 1:colcon.colcon_core.package_discovery:discover_packages(prefix_path) discover
[0.608s] DEBUG:colcon.colcon_installed_package_information.package_discovery:Found 2 installed packages in /home/echedey/Desktop/TFG/TFGwebots_ws/install
[0.611s] DEBUG:colcon.colcon_installed_package_information.package_discovery:Found 488 installed packages in /opt/ros/humble
[0.614s] Level 1:colcon.colcon_core.package_discovery:discover_packages(prefix_path) using defaults
[0.699s] Level 5:colcon.colcon_core.verb:set package 'formas' build argument 'cmake_args' from command line to 'None'
[0.699s] Level 5:colcon.colcon_core.verb:set package 'formas' build argument 'cmake_target' from command line to 'None'
[0.699s] Level 5:colcon.colcon_core.verb:set package 'formas' build argument 'cmake_target_skip_unavailable' from command line to 'False'
[0.699s] Level 5:colcon.colcon_core.verb:set package 'formas' build argument 'cmake_clean_cache' from command line to 'False'
[0.699s] Level 5:colcon.colcon_core.verb:set package 'formas' build argument 'cmake_clean_first' from command line to 'False'
[0.699s] Level 5:colcon.colcon_core.verb:set package 'formas' build argument 'cmake_force_configure' from command line to 'False'
[0.699s] Level 5:colcon.colcon_core.verb:set package 'formas' build argument 'ament_cmake_args' from command line to 'None'
[0.699s] Level 5:colcon.colcon_core.verb:set package 'formas' build argument 'catkin_cmake_args' from command line to 'None'
[0.699s] Level 5:colcon.colcon_core.verb:set package 'formas' build argument 'catkin_skip_building_tests' from command line to 'False'
[0.699s] DEBUG:colcon.colcon_core.verb:Building package 'formas' with the following arguments: {'ament_cmake_args': None, 'build_base': '/home/echedey/Desktop/TFG/TFGwebots_ws/build/formas', 'catkin_cmake_args': None, 'catkin_skip_building_tests': False, 'cmake_args': None, 'cmake_clean_cache': False, 'cmake_clean_first': False, 'cmake_force_configure': False, 'cmake_target': None, 'cmake_target_skip_unavailable': False, 'install_base': '/home/echedey/Desktop/TFG/TFGwebots_ws/install/formas', 'merge_install': False, 'path': '/home/echedey/Desktop/TFG/TFGwebots_ws/src/formas', 'symlink_install': False, 'test_result_base': None}
[0.700s] Level 5:colcon.colcon_core.verb:set package 'tb4_sim' build argument 'cmake_args' from command line to 'None'
[0.700s] Level 5:colcon.colcon_core.verb:set package 'tb4_sim' build argument 'cmake_target' from command line to 'None'
[0.700s] Level 5:colcon.colcon_core.verb:set package 'tb4_sim' build argument 'cmake_target_skip_unavailable' from command line to 'False'
[0.700s] Level 5:colcon.colcon_core.verb:set package 'tb4_sim' build argument 'cmake_clean_cache' from command line to 'False'
[0.700s] Level 5:colcon.colcon_core.verb:set package 'tb4_sim' build argument 'cmake_clean_first' from command line to 'False'
[0.700s] Level 5:colcon.colcon_core.verb:set package 'tb4_sim' build argument 'cmake_force_configure' from command line to 'False'
[0.700s] Level 5:colcon.colcon_core.verb:set package 'tb4_sim' build argument 'ament_cmake_args' from command line to 'None'
[0.700s] Level 5:colcon.colcon_core.verb:set package 'tb4_sim' build argument 'catkin_cmake_args' from command line to 'None'
[0.700s] Level 5:colcon.colcon_core.verb:set package 'tb4_sim' build argument 'catkin_skip_building_tests' from command line to 'False'
[0.700s] DEBUG:colcon.colcon_core.verb:Building package 'tb4_sim' with the following arguments: {'ament_cmake_args': None, 'build_base': '/home/echedey/Desktop/TFG/TFGwebots_ws/build/tb4_sim', 'catkin_cmake_args': None, 'catkin_skip_building_tests': False, 'cmake_args': None, 'cmake_clean_cache': False, 'cmake_clean_first': False, 'cmake_force_configure': False, 'cmake_target': None, 'cmake_target_skip_unavailable': False, 'install_base': '/home/echedey/Desktop/TFG/TFGwebots_ws/install/tb4_sim', 'merge_install': False, 'path': '/home/echedey/Desktop/TFG/TFGwebots_ws/src/tb4_sim', 'symlink_install': False, 'test_result_base': None}
[0.700s] INFO:colcon.colcon_core.executor:Executing jobs using 'parallel' executor
[0.702s] DEBUG:colcon.colcon_parallel_executor.executor.parallel:run_until_complete
[0.702s] INFO:colcon.colcon_ros.task.ament_python.build:Building ROS package in '/home/echedey/Desktop/TFG/TFGwebots_ws/src/formas' with build type 'ament_python'
[0.703s] Level 1:colcon.colcon_core.shell:create_environment_hook('formas', 'ament_prefix_path')
[0.706s] INFO:colcon.colcon_core.plugin_system:Skipping extension 'colcon_core.shell.bat': Not used on non-Windows systems
[0.706s] INFO:colcon.colcon_core.shell:Creating environment hook '/home/echedey/Desktop/TFG/TFGwebots_ws/install/formas/share/formas/hook/ament_prefix_path.ps1'
[0.707s] INFO:colcon.colcon_core.shell:Creating environment descriptor '/home/echedey/Desktop/TFG/TFGwebots_ws/install/formas/share/formas/hook/ament_prefix_path.dsv'
[0.708s] INFO:colcon.colcon_core.shell:Creating environment hook '/home/echedey/Desktop/TFG/TFGwebots_ws/install/formas/share/formas/hook/ament_prefix_path.sh'
[0.709s] INFO:colcon.colcon_core.shell:Skip shell extension 'powershell' for command environment: Not usable outside of PowerShell
[0.709s] DEBUG:colcon.colcon_core.shell:Skip shell extension 'dsv' for command environment
[0.716s] INFO:colcon.colcon_ros.task.ament_python.build:Building ROS package in '/home/echedey/Desktop/TFG/TFGwebots_ws/src/tb4_sim' with build type 'ament_python'
[0.717s] Level 1:colcon.colcon_core.shell:create_environment_hook('tb4_sim', 'ament_prefix_path')
[0.717s] INFO:colcon.colcon_core.shell:Creating environment hook '/home/echedey/Desktop/TFG/TFGwebots_ws/install/tb4_sim/share/tb4_sim/hook/ament_prefix_path.ps1'
[0.718s] INFO:colcon.colcon_core.shell:Creating environment descriptor '/home/echedey/Desktop/TFG/TFGwebots_ws/install/tb4_sim/share/tb4_sim/hook/ament_prefix_path.dsv'
[0.719s] INFO:colcon.colcon_core.shell:Creating environment hook '/home/echedey/Desktop/TFG/TFGwebots_ws/install/tb4_sim/share/tb4_sim/hook/ament_prefix_path.sh'
[0.721s] INFO:colcon.colcon_core.shell:Skip shell extension 'powershell' for command environment: Not usable outside of PowerShell
[0.721s] DEBUG:colcon.colcon_core.shell:Skip shell extension 'dsv' for command environment
[1.189s] INFO:colcon.colcon_core.task.python.build:Building Python package in '/home/echedey/Desktop/TFG/TFGwebots_ws/src/formas'
[1.190s] INFO:colcon.colcon_core.shell:Skip shell extension 'powershell' for command environment: Not usable outside of PowerShell
[1.190s] DEBUG:colcon.colcon_core.shell:Skip shell extension 'dsv' for command environment
[1.656s] INFO:colcon.colcon_core.task.python.build:Building Python package in '/home/echedey/Desktop/TFG/TFGwebots_ws/src/tb4_sim'
[1.657s] INFO:colcon.colcon_core.shell:Skip shell extension 'powershell' for command environment: Not usable outside of PowerShell
[1.657s] DEBUG:colcon.colcon_core.shell:Skip shell extension 'dsv' for command environment
[2.294s] DEBUG:colcon.colcon_core.event_handler.log_command:Invoking command in '/home/echedey/Desktop/TFG/TFGwebots_ws/src/tb4_sim': PYTHONPATH=/home/echedey/Desktop/TFG/TFGwebots_ws/build/tb4_sim/prefix_override:/usr/lib/python3/dist-packages/colcon_core/task/python/colcon_distutils_commands:/home/echedey/Desktop/TFG/TFGwebots_ws/install/tb4_sim/lib/python3.10/site-packages:${PYTHONPATH} /usr/bin/python3 -W ignore:setup.py install is deprecated -W ignore:easy_install command is deprecated setup.py egg_info --egg-base ../../build/tb4_sim build --build-base /home/echedey/Desktop/TFG/TFGwebots_ws/build/tb4_sim/build install --record /home/echedey/Desktop/TFG/TFGwebots_ws/build/tb4_sim/install.log --single-version-externally-managed install_data
[2.304s] DEBUG:colcon.colcon_core.event_handler.log_command:Invoking command in '/home/echedey/Desktop/TFG/TFGwebots_ws/src/formas': PYTHONPATH=/home/echedey/Desktop/TFG/TFGwebots_ws/build/formas/prefix_override:/usr/lib/python3/dist-packages/colcon_core/task/python/colcon_distutils_commands:/home/echedey/Desktop/TFG/TFGwebots_ws/install/formas/lib/python3.10/site-packages:${PYTHONPATH} /usr/bin/python3 -W ignore:setup.py install is deprecated -W ignore:easy_install command is deprecated setup.py egg_info --egg-base ../../build/formas build --build-base /home/echedey/Desktop/TFG/TFGwebots_ws/build/formas/build install --record /home/echedey/Desktop/TFG/TFGwebots_ws/build/formas/install.log --single-version-externally-managed install_data
[2.823s] DEBUG:colcon.colcon_core.event_handler.log_command:Invoked command in '/home/echedey/Desktop/TFG/TFGwebots_ws/src/tb4_sim' returned '0': PYTHONPATH=/home/echedey/Desktop/TFG/TFGwebots_ws/build/tb4_sim/prefix_override:/usr/lib/python3/dist-packages/colcon_core/task/python/colcon_distutils_commands:/home/echedey/Desktop/TFG/TFGwebots_ws/install/tb4_sim/lib/python3.10/site-packages:${PYTHONPATH} /usr/bin/python3 -W ignore:setup.py install is deprecated -W ignore:easy_install command is deprecated setup.py egg_info --egg-base ../../build/tb4_sim build --build-base /home/echedey/Desktop/TFG/TFGwebots_ws/build/tb4_sim/build install --record /home/echedey/Desktop/TFG/TFGwebots_ws/build/tb4_sim/install.log --single-version-externally-managed install_data
[2.828s] Level 1:colcon.colcon_core.environment:checking '/home/echedey/Desktop/TFG/TFGwebots_ws/install/tb4_sim' for CMake module files
[2.829s] Level 1:colcon.colcon_core.environment:checking '/home/echedey/Desktop/TFG/TFGwebots_ws/install/tb4_sim' for CMake config files
[2.830s] Level 1:colcon.colcon_core.environment:checking '/home/echedey/Desktop/TFG/TFGwebots_ws/install/tb4_sim/lib'
[2.831s] Level 1:colcon.colcon_core.environment:checking '/home/echedey/Desktop/TFG/TFGwebots_ws/install/tb4_sim/bin'
[2.831s] Level 1:colcon.colcon_core.environment:checking '/home/echedey/Desktop/TFG/TFGwebots_ws/install/tb4_sim/lib/pkgconfig/tb4_sim.pc'
[2.831s] Level 1:colcon.colcon_core.environment:checking '/home/echedey/Desktop/TFG/TFGwebots_ws/install/tb4_sim/lib/python3.10/site-packages'
[2.832s] Level 1:colcon.colcon_core.shell:create_environment_hook('tb4_sim', 'pythonpath')
[2.832s] INFO:colcon.colcon_core.shell:Creating environment hook '/home/echedey/Desktop/TFG/TFGwebots_ws/install/tb4_sim/share/tb4_sim/hook/pythonpath.ps1'
[2.833s] INFO:colcon.colcon_core.shell:Creating environment descriptor '/home/echedey/Desktop/TFG/TFGwebots_ws/install/tb4_sim/share/tb4_sim/hook/pythonpath.dsv'
[2.834s] INFO:colcon.colcon_core.shell:Creating environment hook '/home/echedey/Desktop/TFG/TFGwebots_ws/install/tb4_sim/share/tb4_sim/hook/pythonpath.sh'
[2.836s] Level 1:colcon.colcon_core.environment:checking '/home/echedey/Desktop/TFG/TFGwebots_ws/install/tb4_sim/bin'
[2.836s] Level 1:colcon.colcon_core.environment:create_environment_scripts_only(tb4_sim)
[2.837s] INFO:colcon.colcon_core.shell:Creating package script '/home/echedey/Desktop/TFG/TFGwebots_ws/install/tb4_sim/share/tb4_sim/package.ps1'
[2.839s] INFO:colcon.colcon_core.shell:Creating package descriptor '/home/echedey/Desktop/TFG/TFGwebots_ws/install/tb4_sim/share/tb4_sim/package.dsv'
[2.840s] INFO:colcon.colcon_core.shell:Creating package script '/home/echedey/Desktop/TFG/TFGwebots_ws/install/tb4_sim/share/tb4_sim/package.sh'
[2.842s] INFO:colcon.colcon_core.shell:Creating package script '/home/echedey/Desktop/TFG/TFGwebots_ws/install/tb4_sim/share/tb4_sim/package.bash'
[2.843s] INFO:colcon.colcon_core.shell:Creating package script '/home/echedey/Desktop/TFG/TFGwebots_ws/install/tb4_sim/share/tb4_sim/package.zsh'
[2.845s] Level 1:colcon.colcon_core.environment:create_file_with_runtime_dependencies(/home/echedey/Desktop/TFG/TFGwebots_ws/install/tb4_sim/share/colcon-core/packages/tb4_sim)
[2.849s] Level 1:colcon.colcon_core.environment:checking '/home/echedey/Desktop/TFG/TFGwebots_ws/install/formas' for CMake module files
[2.850s] DEBUG:colcon.colcon_core.event_handler.log_command:Invoked command in '/home/echedey/Desktop/TFG/TFGwebots_ws/src/formas' returned '0': PYTHONPATH=/home/echedey/Desktop/TFG/TFGwebots_ws/build/formas/prefix_override:/usr/lib/python3/dist-packages/colcon_core/task/python/colcon_distutils_commands:/home/echedey/Desktop/TFG/TFGwebots_ws/install/formas/lib/python3.10/site-packages:${PYTHONPATH} /usr/bin/python3 -W ignore:setup.py install is deprecated -W ignore:easy_install command is deprecated setup.py egg_info --egg-base ../../build/formas build --build-base /home/echedey/Desktop/TFG/TFGwebots_ws/build/formas/build install --record /home/echedey/Desktop/TFG/TFGwebots_ws/build/formas/install.log --single-version-externally-managed install_data
[2.851s] Level 1:colcon.colcon_core.environment:checking '/home/echedey/Desktop/TFG/TFGwebots_ws/install/formas' for CMake config files
[2.852s] Level 1:colcon.colcon_core.environment:checking '/home/echedey/Desktop/TFG/TFGwebots_ws/install/formas/lib'
[2.852s] Level 1:colcon.colcon_core.environment:checking '/home/echedey/Desktop/TFG/TFGwebots_ws/install/formas/bin'
[2.852s] Level 1:colcon.colcon_core.environment:checking '/home/echedey/Desktop/TFG/TFGwebots_ws/install/formas/lib/pkgconfig/formas.pc'
[2.853s] Level 1:colcon.colcon_core.environment:checking '/home/echedey/Desktop/TFG/TFGwebots_ws/install/formas/lib/python3.10/site-packages'
[2.853s] Level 1:colcon.colcon_core.shell:create_environment_hook('formas', 'pythonpath')
[2.853s] INFO:colcon.colcon_core.shell:Creating environment hook '/home/echedey/Desktop/TFG/TFGwebots_ws/install/formas/share/formas/hook/pythonpath.ps1'
[2.854s] INFO:colcon.colcon_core.shell:Creating environment descriptor '/home/echedey/Desktop/TFG/TFGwebots_ws/install/formas/share/formas/hook/pythonpath.dsv'
[2.855s] INFO:colcon.colcon_core.shell:Creating environment hook '/home/echedey/Desktop/TFG/TFGwebots_ws/install/formas/share/formas/hook/pythonpath.sh'
[2.856s] Level 1:colcon.colcon_core.environment:checking '/home/echedey/Desktop/TFG/TFGwebots_ws/install/formas/bin'
[2.856s] Level 1:colcon.colcon_core.environment:create_environment_scripts_only(formas)
[2.857s] INFO:colcon.colcon_core.shell:Creating package script '/home/echedey/Desktop/TFG/TFGwebots_ws/install/formas/share/formas/package.ps1'
[2.858s] INFO:colcon.colcon_core.shell:Creating package descriptor '/home/echedey/Desktop/TFG/TFGwebots_ws/install/formas/share/formas/package.dsv'
[2.859s] INFO:colcon.colcon_core.shell:Creating package script '/home/echedey/Desktop/TFG/TFGwebots_ws/install/formas/share/formas/package.sh'
[2.861s] INFO:colcon.colcon_core.shell:Creating package script '/home/echedey/Desktop/TFG/TFGwebots_ws/install/formas/share/formas/package.bash'
[2.862s] INFO:colcon.colcon_core.shell:Creating package script '/home/echedey/Desktop/TFG/TFGwebots_ws/install/formas/share/formas/package.zsh'
[2.863s] Level 1:colcon.colcon_core.environment:create_file_with_runtime_dependencies(/home/echedey/Desktop/TFG/TFGwebots_ws/install/formas/share/colcon-core/packages/formas)
[2.863s] DEBUG:colcon.colcon_parallel_executor.executor.parallel:closing loop
[2.864s] DEBUG:colcon.colcon_parallel_executor.executor.parallel:loop closed
[2.864s] DEBUG:colcon.colcon_parallel_executor.executor.parallel:run_until_complete finished with '0'
[2.864s] DEBUG:colcon.colcon_core.event_reactor:joining thread
[2.875s] INFO:colcon.colcon_core.plugin_system:Skipping extension 'colcon_notification.desktop_notification.terminal_notifier': Not used on non-Darwin systems
[2.875s] INFO:colcon.colcon_core.plugin_system:Skipping extension 'colcon_notification.desktop_notification.win32': Not used on non-Windows systems
[2.875s] INFO:colcon.colcon_notification.desktop_notification:Sending desktop notification using 'notify2'
[2.919s] DEBUG:colcon.colcon_core.event_reactor:joined thread
[2.919s] INFO:colcon.colcon_core.shell:Creating prefix script '/home/echedey/Desktop/TFG/TFGwebots_ws/install/local_setup.ps1'
[2.921s] INFO:colcon.colcon_core.shell:Creating prefix util module '/home/echedey/Desktop/TFG/TFGwebots_ws/install/_local_setup_util_ps1.py'
[2.923s] INFO:colcon.colcon_core.shell:Creating prefix chain script '/home/echedey/Desktop/TFG/TFGwebots_ws/install/setup.ps1'
[2.924s] INFO:colcon.colcon_core.shell:Creating prefix script '/home/echedey/Desktop/TFG/TFGwebots_ws/install/local_setup.sh'
[2.926s] INFO:colcon.colcon_core.shell:Creating prefix util module '/home/echedey/Desktop/TFG/TFGwebots_ws/install/_local_setup_util_sh.py'
[2.928s] INFO:colcon.colcon_core.shell:Creating prefix chain script '/home/echedey/Desktop/TFG/TFGwebots_ws/install/setup.sh'
[2.929s] INFO:colcon.colcon_core.shell:Creating prefix script '/home/echedey/Desktop/TFG/TFGwebots_ws/install/local_setup.bash'
[2.930s] INFO:colcon.colcon_core.shell:Creating prefix chain script '/home/echedey/Desktop/TFG/TFGwebots_ws/install/setup.bash'
[2.932s] INFO:colcon.colcon_core.shell:Creating prefix script '/home/echedey/Desktop/TFG/TFGwebots_ws/install/local_setup.zsh'
[2.933s] INFO:colcon.colcon_core.shell:Creating prefix chain script '/home/echedey/Desktop/TFG/TFGwebots_ws/install/setup.zsh'
