[0.247s] DEBUG:colcon:Command line arguments: ['/usr/bin/colcon', 'build', '--symlink-install']
[0.247s] DEBUG:colcon:Parsed command line arguments: Namespace(log_base=None, log_level=None, verb_name='build', build_base='build', install_base='install', merge_install=False, symlink_install=True, test_result_base=None, continue_on_error=False, executor='parallel', parallel_workers=16, event_handlers=None, ignore_user_meta=False, metas=['./colcon.meta'], base_paths=['.'], packages_ignore=None, packages_ignore_regex=None, paths=None, packages_up_to=None, packages_up_to_regex=None, packages_above=None, packages_above_and_dependencies=None, packages_above_depth=None, packages_select_by_dep=None, packages_skip_by_dep=None, packages_skip_up_to=None, packages_select_build_failed=False, packages_skip_build_finished=False, packages_select_test_failures=False, packages_skip_test_passed=False, packages_select=None, packages_skip=None, packages_select_regex=None, packages_skip_regex=None, packages_start=None, packages_end=None, allow_overriding=[], cmake_args=None, cmake_target=None, cmake_target_skip_unavailable=False, cmake_clean_cache=False, cmake_clean_first=False, cmake_force_configure=False, ament_cmake_args=None, catkin_cmake_args=None, catkin_skip_building_tests=False, mixin_files=None, mixin=None, verb_parser=<colcon_mixin.mixin.mixin_argument.MixinArgumentDecorator object at 0x73fc8462a740>, verb_extension=<colcon_core.verb.build.BuildVerb object at 0x73fc847e3df0>, main=<bound method BuildVerb.main of <colcon_core.verb.build.BuildVerb object at 0x73fc847e3df0>>, mixin_verb=('build',))
[0.490s] Level 1:colcon.colcon_core.package_discovery:discover_packages(colcon_meta) check parameters
[0.490s] Level 1:colcon.colcon_core.package_discovery:discover_packages(recursive) check parameters
[0.491s] Level 1:colcon.colcon_core.package_discovery:discover_packages(ignore) check parameters
[0.491s] Level 1:colcon.colcon_core.package_discovery:discover_packages(path) check parameters
[0.491s] Level 1:colcon.colcon_core.package_discovery:discover_packages(colcon_meta) discover
[0.491s] Level 1:colcon.colcon_core.package_discovery:discover_packages(recursive) discover
[0.491s] INFO:colcon.colcon_core.package_discovery:Crawling recursively for packages in '/home/echedey/Desktop/TFG/TFGwebots_ws'
[0.491s] Level 1:colcon.colcon_core.package_identification:_identify(.) by extensions ['ignore', 'ignore_ament_install']
[0.491s] Level 1:colcon.colcon_core.package_identification:_identify(.) by extension 'ignore'
[0.491s] Level 1:colcon.colcon_core.package_identification:_identify(.) by extension 'ignore_ament_install'
[0.491s] Level 1:colcon.colcon_core.package_identification:_identify(.) by extensions ['colcon_pkg']
[0.491s] Level 1:colcon.colcon_core.package_identification:_identify(.) by extension 'colcon_pkg'
[0.491s] Level 1:colcon.colcon_core.package_identification:_identify(.) by extensions ['colcon_meta']
[0.491s] Level 1:colcon.colcon_core.package_identification:_identify(.) by extension 'colcon_meta'
[0.491s] Level 1:colcon.colcon_core.package_identification:_identify(.) by extensions ['ros']
[0.491s] Level 1:colcon.colcon_core.package_identification:_identify(.) by extension 'ros'
[0.503s] Level 1:colcon.colcon_core.package_identification:_identify(.) by extensions ['cmake', 'python']
[0.503s] Level 1:colcon.colcon_core.package_identification:_identify(.) by extension 'cmake'
[0.503s] Level 1:colcon.colcon_core.package_identification:_identify(.) by extension 'python'
[0.503s] Level 1:colcon.colcon_core.package_identification:_identify(.) by extensions ['python_setup_py']
[0.503s] Level 1:colcon.colcon_core.package_identification:_identify(.) by extension 'python_setup_py'
[0.504s] Level 1:colcon.colcon_core.package_identification:_identify(View_frames) by extensions ['ignore', 'ignore_ament_install']
[0.504s] Level 1:colcon.colcon_core.package_identification:_identify(View_frames) by extension 'ignore'
[0.504s] Level 1:colcon.colcon_core.package_identification:_identify(View_frames) by extension 'ignore_ament_install'
[0.504s] Level 1:colcon.colcon_core.package_identification:_identify(View_frames) by extensions ['colcon_pkg']
[0.504s] Level 1:colcon.colcon_core.package_identification:_identify(View_frames) by extension 'colcon_pkg'
[0.504s] Level 1:colcon.colcon_core.package_identification:_identify(View_frames) by extensions ['colcon_meta']
[0.504s] Level 1:colcon.colcon_core.package_identification:_identify(View_frames) by extension 'colcon_meta'
[0.504s] Level 1:colcon.colcon_core.package_identification:_identify(View_frames) by extensions ['ros']
[0.504s] Level 1:colcon.colcon_core.package_identification:_identify(View_frames) by extension 'ros'
[0.504s] Level 1:colcon.colcon_core.package_identification:_identify(View_frames) by extensions ['cmake', 'python']
[0.504s] Level 1:colcon.colcon_core.package_identification:_identify(View_frames) by extension 'cmake'
[0.504s] Level 1:colcon.colcon_core.package_identification:_identify(View_frames) by extension 'python'
[0.504s] Level 1:colcon.colcon_core.package_identification:_identify(View_frames) by extensions ['python_setup_py']
[0.504s] Level 1:colcon.colcon_core.package_identification:_identify(View_frames) by extension 'python_setup_py'
[0.504s] Level 1:colcon.colcon_core.package_identification:_identify(build) by extensions ['ignore', 'ignore_ament_install']
[0.504s] Level 1:colcon.colcon_core.package_identification:_identify(build) by extension 'ignore'
[0.504s] Level 1:colcon.colcon_core.package_identification:_identify(build) ignored
[0.504s] Level 1:colcon.colcon_core.package_identification:_identify(install) by extensions ['ignore', 'ignore_ament_install']
[0.504s] Level 1:colcon.colcon_core.package_identification:_identify(install) by extension 'ignore'
[0.504s] Level 1:colcon.colcon_core.package_identification:_identify(install) ignored
[0.504s] Level 1:colcon.colcon_core.package_identification:_identify(log) by extensions ['ignore', 'ignore_ament_install']
[0.505s] Level 1:colcon.colcon_core.package_identification:_identify(log) by extension 'ignore'
[0.505s] Level 1:colcon.colcon_core.package_identification:_identify(log) ignored
[0.505s] Level 1:colcon.colcon_core.package_identification:_identify(simulaciones) by extensions ['ignore', 'ignore_ament_install']
[0.505s] Level 1:colcon.colcon_core.package_identification:_identify(simulaciones) by extension 'ignore'
[0.505s] Level 1:colcon.colcon_core.package_identification:_identify(simulaciones) by extension 'ignore_ament_install'
[0.505s] Level 1:colcon.colcon_core.package_identification:_identify(simulaciones) by extensions ['colcon_pkg']
[0.505s] Level 1:colcon.colcon_core.package_identification:_identify(simulaciones) by extension 'colcon_pkg'
[0.505s] Level 1:colcon.colcon_core.package_identification:_identify(simulaciones) by extensions ['colcon_meta']
[0.505s] Level 1:colcon.colcon_core.package_identification:_identify(simulaciones) by extension 'colcon_meta'
[0.505s] Level 1:colcon.colcon_core.package_identification:_identify(simulaciones) by extensions ['ros']
[0.505s] Level 1:colcon.colcon_core.package_identification:_identify(simulaciones) by extension 'ros'
[0.505s] Level 1:colcon.colcon_core.package_identification:_identify(simulaciones) by extensions ['cmake', 'python']
[0.505s] Level 1:colcon.colcon_core.package_identification:_identify(simulaciones) by extension 'cmake'
[0.505s] Level 1:colcon.colcon_core.package_identification:_identify(simulaciones) by extension 'python'
[0.505s] Level 1:colcon.colcon_core.package_identification:_identify(simulaciones) by extensions ['python_setup_py']
[0.505s] Level 1:colcon.colcon_core.package_identification:_identify(simulaciones) by extension 'python_setup_py'
[0.505s] Level 1:colcon.colcon_core.package_identification:_identify(simulaciones/Prueba_1) by extensions ['ignore', 'ignore_ament_install']
[0.505s] Level 1:colcon.colcon_core.package_identification:_identify(simulaciones/Prueba_1) by extension 'ignore'
[0.506s] Level 1:colcon.colcon_core.package_identification:_identify(simulaciones/Prueba_1) by extension 'ignore_ament_install'
[0.506s] Level 1:colcon.colcon_core.package_identification:_identify(simulaciones/Prueba_1) by extensions ['colcon_pkg']
[0.506s] Level 1:colcon.colcon_core.package_identification:_identify(simulaciones/Prueba_1) by extension 'colcon_pkg'
[0.506s] Level 1:colcon.colcon_core.package_identification:_identify(simulaciones/Prueba_1) by extensions ['colcon_meta']
[0.506s] Level 1:colcon.colcon_core.package_identification:_identify(simulaciones/Prueba_1) by extension 'colcon_meta'
[0.506s] Level 1:colcon.colcon_core.package_identification:_identify(simulaciones/Prueba_1) by extensions ['ros']
[0.506s] Level 1:colcon.colcon_core.package_identification:_identify(simulaciones/Prueba_1) by extension 'ros'
[0.506s] Level 1:colcon.colcon_core.package_identification:_identify(simulaciones/Prueba_1) by extensions ['cmake', 'python']
[0.506s] Level 1:colcon.colcon_core.package_identification:_identify(simulaciones/Prueba_1) by extension 'cmake'
[0.506s] Level 1:colcon.colcon_core.package_identification:_identify(simulaciones/Prueba_1) by extension 'python'
[0.506s] Level 1:colcon.colcon_core.package_identification:_identify(simulaciones/Prueba_1) by extensions ['python_setup_py']
[0.506s] Level 1:colcon.colcon_core.package_identification:_identify(simulaciones/Prueba_1) by extension 'python_setup_py'
[0.506s] Level 1:colcon.colcon_core.package_identification:_identify(simulaciones/Prueba_10) by extensions ['ignore', 'ignore_ament_install']
[0.506s] Level 1:colcon.colcon_core.package_identification:_identify(simulaciones/Prueba_10) by extension 'ignore'
[0.506s] Level 1:colcon.colcon_core.package_identification:_identify(simulaciones/Prueba_10) by extension 'ignore_ament_install'
[0.506s] Level 1:colcon.colcon_core.package_identification:_identify(simulaciones/Prueba_10) by extensions ['colcon_pkg']
[0.506s] Level 1:colcon.colcon_core.package_identification:_identify(simulaciones/Prueba_10) by extension 'colcon_pkg'
[0.506s] Level 1:colcon.colcon_core.package_identification:_identify(simulaciones/Prueba_10) by extensions ['colcon_meta']
[0.506s] Level 1:colcon.colcon_core.package_identification:_identify(simulaciones/Prueba_10) by extension 'colcon_meta'
[0.506s] Level 1:colcon.colcon_core.package_identification:_identify(simulaciones/Prueba_10) by extensions ['ros']
[0.506s] Level 1:colcon.colcon_core.package_identification:_identify(simulaciones/Prueba_10) by extension 'ros'
[0.506s] Level 1:colcon.colcon_core.package_identification:_identify(simulaciones/Prueba_10) by extensions ['cmake', 'python']
[0.506s] Level 1:colcon.colcon_core.package_identification:_identify(simulaciones/Prueba_10) by extension 'cmake'
[0.506s] Level 1:colcon.colcon_core.package_identification:_identify(simulaciones/Prueba_10) by extension 'python'
[0.507s] Level 1:colcon.colcon_core.package_identification:_identify(simulaciones/Prueba_10) by extensions ['python_setup_py']
[0.507s] Level 1:colcon.colcon_core.package_identification:_identify(simulaciones/Prueba_10) by extension 'python_setup_py'
[0.507s] Level 1:colcon.colcon_core.package_identification:_identify(simulaciones/Prueba_11) by extensions ['ignore', 'ignore_ament_install']
[0.507s] Level 1:colcon.colcon_core.package_identification:_identify(simulaciones/Prueba_11) by extension 'ignore'
[0.507s] Level 1:colcon.colcon_core.package_identification:_identify(simulaciones/Prueba_11) by extension 'ignore_ament_install'
[0.507s] Level 1:colcon.colcon_core.package_identification:_identify(simulaciones/Prueba_11) by extensions ['colcon_pkg']
[0.507s] Level 1:colcon.colcon_core.package_identification:_identify(simulaciones/Prueba_11) by extension 'colcon_pkg'
[0.507s] Level 1:colcon.colcon_core.package_identification:_identify(simulaciones/Prueba_11) by extensions ['colcon_meta']
[0.507s] Level 1:colcon.colcon_core.package_identification:_identify(simulaciones/Prueba_11) by extension 'colcon_meta'
[0.507s] Level 1:colcon.colcon_core.package_identification:_identify(simulaciones/Prueba_11) by extensions ['ros']
[0.507s] Level 1:colcon.colcon_core.package_identification:_identify(simulaciones/Prueba_11) by extension 'ros'
[0.507s] Level 1:colcon.colcon_core.package_identification:_identify(simulaciones/Prueba_11) by extensions ['cmake', 'python']
[0.507s] Level 1:colcon.colcon_core.package_identification:_identify(simulaciones/Prueba_11) by extension 'cmake'
[0.507s] Level 1:colcon.colcon_core.package_identification:_identify(simulaciones/Prueba_11) by extension 'python'
[0.507s] Level 1:colcon.colcon_core.package_identification:_identify(simulaciones/Prueba_11) by extensions ['python_setup_py']
[0.507s] Level 1:colcon.colcon_core.package_identification:_identify(simulaciones/Prueba_11) by extension 'python_setup_py'
[0.508s] Level 1:colcon.colcon_core.package_identification:_identify(simulaciones/Prueba_12) by extensions ['ignore', 'ignore_ament_install']
[0.508s] Level 1:colcon.colcon_core.package_identification:_identify(simulaciones/Prueba_12) by extension 'ignore'
[0.508s] Level 1:colcon.colcon_core.package_identification:_identify(simulaciones/Prueba_12) by extension 'ignore_ament_install'
[0.508s] Level 1:colcon.colcon_core.package_identification:_identify(simulaciones/Prueba_12) by extensions ['colcon_pkg']
[0.508s] Level 1:colcon.colcon_core.package_identification:_identify(simulaciones/Prueba_12) by extension 'colcon_pkg'
[0.508s] Level 1:colcon.colcon_core.package_identification:_identify(simulaciones/Prueba_12) by extensions ['colcon_meta']
[0.508s] Level 1:colcon.colcon_core.package_identification:_identify(simulaciones/Prueba_12) by extension 'colcon_meta'
[0.508s] Level 1:colcon.colcon_core.package_identification:_identify(simulaciones/Prueba_12) by extensions ['ros']
[0.508s] Level 1:colcon.colcon_core.package_identification:_identify(simulaciones/Prueba_12) by extension 'ros'
[0.508s] Level 1:colcon.colcon_core.package_identification:_identify(simulaciones/Prueba_12) by extensions ['cmake', 'python']
[0.508s] Level 1:colcon.colcon_core.package_identification:_identify(simulaciones/Prueba_12) by extension 'cmake'
[0.508s] Level 1:colcon.colcon_core.package_identification:_identify(simulaciones/Prueba_12) by extension 'python'
[0.508s] Level 1:colcon.colcon_core.package_identification:_identify(simulaciones/Prueba_12) by extensions ['python_setup_py']
[0.508s] Level 1:colcon.colcon_core.package_identification:_identify(simulaciones/Prueba_12) by extension 'python_setup_py'
[0.508s] Level 1:colcon.colcon_core.package_identification:_identify(simulaciones/Prueba_13) by extensions ['ignore', 'ignore_ament_install']
[0.508s] Level 1:colcon.colcon_core.package_identification:_identify(simulaciones/Prueba_13) by extension 'ignore'
[0.508s] Level 1:colcon.colcon_core.package_identification:_identify(simulaciones/Prueba_13) by extension 'ignore_ament_install'
[0.508s] Level 1:colcon.colcon_core.package_identification:_identify(simulaciones/Prueba_13) by extensions ['colcon_pkg']
[0.509s] Level 1:colcon.colcon_core.package_identification:_identify(simulaciones/Prueba_13) by extension 'colcon_pkg'
[0.509s] Level 1:colcon.colcon_core.package_identification:_identify(simulaciones/Prueba_13) by extensions ['colcon_meta']
[0.509s] Level 1:colcon.colcon_core.package_identification:_identify(simulaciones/Prueba_13) by extension 'colcon_meta'
[0.509s] Level 1:colcon.colcon_core.package_identification:_identify(simulaciones/Prueba_13) by extensions ['ros']
[0.509s] Level 1:colcon.colcon_core.package_identification:_identify(simulaciones/Prueba_13) by extension 'ros'
[0.509s] Level 1:colcon.colcon_core.package_identification:_identify(simulaciones/Prueba_13) by extensions ['cmake', 'python']
[0.509s] Level 1:colcon.colcon_core.package_identification:_identify(simulaciones/Prueba_13) by extension 'cmake'
[0.509s] Level 1:colcon.colcon_core.package_identification:_identify(simulaciones/Prueba_13) by extension 'python'
[0.509s] Level 1:colcon.colcon_core.package_identification:_identify(simulaciones/Prueba_13) by extensions ['python_setup_py']
[0.509s] Level 1:colcon.colcon_core.package_identification:_identify(simulaciones/Prueba_13) by extension 'python_setup_py'
[0.509s] Level 1:colcon.colcon_core.package_identification:_identify(simulaciones/Prueba_14) by extensions ['ignore', 'ignore_ament_install']
[0.509s] Level 1:colcon.colcon_core.package_identification:_identify(simulaciones/Prueba_14) by extension 'ignore'
[0.509s] Level 1:colcon.colcon_core.package_identification:_identify(simulaciones/Prueba_14) by extension 'ignore_ament_install'
[0.509s] Level 1:colcon.colcon_core.package_identification:_identify(simulaciones/Prueba_14) by extensions ['colcon_pkg']
[0.509s] Level 1:colcon.colcon_core.package_identification:_identify(simulaciones/Prueba_14) by extension 'colcon_pkg'
[0.509s] Level 1:colcon.colcon_core.package_identification:_identify(simulaciones/Prueba_14) by extensions ['colcon_meta']
[0.509s] Level 1:colcon.colcon_core.package_identification:_identify(simulaciones/Prueba_14) by extension 'colcon_meta'
[0.509s] Level 1:colcon.colcon_core.package_identification:_identify(simulaciones/Prueba_14) by extensions ['ros']
[0.509s] Level 1:colcon.colcon_core.package_identification:_identify(simulaciones/Prueba_14) by extension 'ros'
[0.509s] Level 1:colcon.colcon_core.package_identification:_identify(simulaciones/Prueba_14) by extensions ['cmake', 'python']
[0.509s] Level 1:colcon.colcon_core.package_identification:_identify(simulaciones/Prueba_14) by extension 'cmake'
[0.509s] Level 1:colcon.colcon_core.package_identification:_identify(simulaciones/Prueba_14) by extension 'python'
[0.509s] Level 1:colcon.colcon_core.package_identification:_identify(simulaciones/Prueba_14) by extensions ['python_setup_py']
[0.509s] Level 1:colcon.colcon_core.package_identification:_identify(simulaciones/Prueba_14) by extension 'python_setup_py'
[0.510s] Level 1:colcon.colcon_core.package_identification:_identify(simulaciones/Prueba_16) by extensions ['ignore', 'ignore_ament_install']
[0.510s] Level 1:colcon.colcon_core.package_identification:_identify(simulaciones/Prueba_16) by extension 'ignore'
[0.510s] Level 1:colcon.colcon_core.package_identification:_identify(simulaciones/Prueba_16) by extension 'ignore_ament_install'
[0.510s] Level 1:colcon.colcon_core.package_identification:_identify(simulaciones/Prueba_16) by extensions ['colcon_pkg']
[0.510s] Level 1:colcon.colcon_core.package_identification:_identify(simulaciones/Prueba_16) by extension 'colcon_pkg'
[0.510s] Level 1:colcon.colcon_core.package_identification:_identify(simulaciones/Prueba_16) by extensions ['colcon_meta']
[0.510s] Level 1:colcon.colcon_core.package_identification:_identify(simulaciones/Prueba_16) by extension 'colcon_meta'
[0.510s] Level 1:colcon.colcon_core.package_identification:_identify(simulaciones/Prueba_16) by extensions ['ros']
[0.510s] Level 1:colcon.colcon_core.package_identification:_identify(simulaciones/Prueba_16) by extension 'ros'
[0.510s] Level 1:colcon.colcon_core.package_identification:_identify(simulaciones/Prueba_16) by extensions ['cmake', 'python']
[0.510s] Level 1:colcon.colcon_core.package_identification:_identify(simulaciones/Prueba_16) by extension 'cmake'
[0.510s] Level 1:colcon.colcon_core.package_identification:_identify(simulaciones/Prueba_16) by extension 'python'
[0.510s] Level 1:colcon.colcon_core.package_identification:_identify(simulaciones/Prueba_16) by extensions ['python_setup_py']
[0.510s] Level 1:colcon.colcon_core.package_identification:_identify(simulaciones/Prueba_16) by extension 'python_setup_py'
[0.510s] Level 1:colcon.colcon_core.package_identification:_identify(simulaciones/Prueba_17) by extensions ['ignore', 'ignore_ament_install']
[0.510s] Level 1:colcon.colcon_core.package_identification:_identify(simulaciones/Prueba_17) by extension 'ignore'
[0.510s] Level 1:colcon.colcon_core.package_identification:_identify(simulaciones/Prueba_17) by extension 'ignore_ament_install'
[0.511s] Level 1:colcon.colcon_core.package_identification:_identify(simulaciones/Prueba_17) by extensions ['colcon_pkg']
[0.511s] Level 1:colcon.colcon_core.package_identification:_identify(simulaciones/Prueba_17) by extension 'colcon_pkg'
[0.511s] Level 1:colcon.colcon_core.package_identification:_identify(simulaciones/Prueba_17) by extensions ['colcon_meta']
[0.511s] Level 1:colcon.colcon_core.package_identification:_identify(simulaciones/Prueba_17) by extension 'colcon_meta'
[0.511s] Level 1:colcon.colcon_core.package_identification:_identify(simulaciones/Prueba_17) by extensions ['ros']
[0.511s] Level 1:colcon.colcon_core.package_identification:_identify(simulaciones/Prueba_17) by extension 'ros'
[0.511s] Level 1:colcon.colcon_core.package_identification:_identify(simulaciones/Prueba_17) by extensions ['cmake', 'python']
[0.511s] Level 1:colcon.colcon_core.package_identification:_identify(simulaciones/Prueba_17) by extension 'cmake'
[0.511s] Level 1:colcon.colcon_core.package_identification:_identify(simulaciones/Prueba_17) by extension 'python'
[0.511s] Level 1:colcon.colcon_core.package_identification:_identify(simulaciones/Prueba_17) by extensions ['python_setup_py']
[0.511s] Level 1:colcon.colcon_core.package_identification:_identify(simulaciones/Prueba_17) by extension 'python_setup_py'
[0.511s] Level 1:colcon.colcon_core.package_identification:_identify(simulaciones/Prueba_18) by extensions ['ignore', 'ignore_ament_install']
[0.511s] Level 1:colcon.colcon_core.package_identification:_identify(simulaciones/Prueba_18) by extension 'ignore'
[0.511s] Level 1:colcon.colcon_core.package_identification:_identify(simulaciones/Prueba_18) by extension 'ignore_ament_install'
[0.511s] Level 1:colcon.colcon_core.package_identification:_identify(simulaciones/Prueba_18) by extensions ['colcon_pkg']
[0.511s] Level 1:colcon.colcon_core.package_identification:_identify(simulaciones/Prueba_18) by extension 'colcon_pkg'
[0.512s] Level 1:colcon.colcon_core.package_identification:_identify(simulaciones/Prueba_18) by extensions ['colcon_meta']
[0.512s] Level 1:colcon.colcon_core.package_identification:_identify(simulaciones/Prueba_18) by extension 'colcon_meta'
[0.512s] Level 1:colcon.colcon_core.package_identification:_identify(simulaciones/Prueba_18) by extensions ['ros']
[0.512s] Level 1:colcon.colcon_core.package_identification:_identify(simulaciones/Prueba_18) by extension 'ros'
[0.512s] Level 1:colcon.colcon_core.package_identification:_identify(simulaciones/Prueba_18) by extensions ['cmake', 'python']
[0.512s] Level 1:colcon.colcon_core.package_identification:_identify(simulaciones/Prueba_18) by extension 'cmake'
[0.512s] Level 1:colcon.colcon_core.package_identification:_identify(simulaciones/Prueba_18) by extension 'python'
[0.512s] Level 1:colcon.colcon_core.package_identification:_identify(simulaciones/Prueba_18) by extensions ['python_setup_py']
[0.512s] Level 1:colcon.colcon_core.package_identification:_identify(simulaciones/Prueba_18) by extension 'python_setup_py'
[0.512s] Level 1:colcon.colcon_core.package_identification:_identify(simulaciones/Prueba_19) by extensions ['ignore', 'ignore_ament_install']
[0.512s] Level 1:colcon.colcon_core.package_identification:_identify(simulaciones/Prueba_19) by extension 'ignore'
[0.512s] Level 1:colcon.colcon_core.package_identification:_identify(simulaciones/Prueba_19) by extension 'ignore_ament_install'
[0.512s] Level 1:colcon.colcon_core.package_identification:_identify(simulaciones/Prueba_19) by extensions ['colcon_pkg']
[0.512s] Level 1:colcon.colcon_core.package_identification:_identify(simulaciones/Prueba_19) by extension 'colcon_pkg'
[0.512s] Level 1:colcon.colcon_core.package_identification:_identify(simulaciones/Prueba_19) by extensions ['colcon_meta']
[0.512s] Level 1:colcon.colcon_core.package_identification:_identify(simulaciones/Prueba_19) by extension 'colcon_meta'
[0.512s] Level 1:colcon.colcon_core.package_identification:_identify(simulaciones/Prueba_19) by extensions ['ros']
[0.512s] Level 1:colcon.colcon_core.package_identification:_identify(simulaciones/Prueba_19) by extension 'ros'
[0.512s] Level 1:colcon.colcon_core.package_identification:_identify(simulaciones/Prueba_19) by extensions ['cmake', 'python']
[0.512s] Level 1:colcon.colcon_core.package_identification:_identify(simulaciones/Prueba_19) by extension 'cmake'
[0.512s] Level 1:colcon.colcon_core.package_identification:_identify(simulaciones/Prueba_19) by extension 'python'
[0.512s] Level 1:colcon.colcon_core.package_identification:_identify(simulaciones/Prueba_19) by extensions ['python_setup_py']
[0.512s] Level 1:colcon.colcon_core.package_identification:_identify(simulaciones/Prueba_19) by extension 'python_setup_py'
[0.513s] Level 1:colcon.colcon_core.package_identification:_identify(simulaciones/Prueba_2) by extensions ['ignore', 'ignore_ament_install']
[0.513s] Level 1:colcon.colcon_core.package_identification:_identify(simulaciones/Prueba_2) by extension 'ignore'
[0.513s] Level 1:colcon.colcon_core.package_identification:_identify(simulaciones/Prueba_2) by extension 'ignore_ament_install'
[0.513s] Level 1:colcon.colcon_core.package_identification:_identify(simulaciones/Prueba_2) by extensions ['colcon_pkg']
[0.513s] Level 1:colcon.colcon_core.package_identification:_identify(simulaciones/Prueba_2) by extension 'colcon_pkg'
[0.513s] Level 1:colcon.colcon_core.package_identification:_identify(simulaciones/Prueba_2) by extensions ['colcon_meta']
[0.513s] Level 1:colcon.colcon_core.package_identification:_identify(simulaciones/Prueba_2) by extension 'colcon_meta'
[0.513s] Level 1:colcon.colcon_core.package_identification:_identify(simulaciones/Prueba_2) by extensions ['ros']
[0.513s] Level 1:colcon.colcon_core.package_identification:_identify(simulaciones/Prueba_2) by extension 'ros'
[0.513s] Level 1:colcon.colcon_core.package_identification:_identify(simulaciones/Prueba_2) by extensions ['cmake', 'python']
[0.513s] Level 1:colcon.colcon_core.package_identification:_identify(simulaciones/Prueba_2) by extension 'cmake'
[0.513s] Level 1:colcon.colcon_core.package_identification:_identify(simulaciones/Prueba_2) by extension 'python'
[0.513s] Level 1:colcon.colcon_core.package_identification:_identify(simulaciones/Prueba_2) by extensions ['python_setup_py']
[0.513s] Level 1:colcon.colcon_core.package_identification:_identify(simulaciones/Prueba_2) by extension 'python_setup_py'
[0.513s] Level 1:colcon.colcon_core.package_identification:_identify(simulaciones/Prueba_20) by extensions ['ignore', 'ignore_ament_install']
[0.513s] Level 1:colcon.colcon_core.package_identification:_identify(simulaciones/Prueba_20) by extension 'ignore'
[0.513s] Level 1:colcon.colcon_core.package_identification:_identify(simulaciones/Prueba_20) by extension 'ignore_ament_install'
[0.513s] Level 1:colcon.colcon_core.package_identification:_identify(simulaciones/Prueba_20) by extensions ['colcon_pkg']
[0.513s] Level 1:colcon.colcon_core.package_identification:_identify(simulaciones/Prueba_20) by extension 'colcon_pkg'
[0.513s] Level 1:colcon.colcon_core.package_identification:_identify(simulaciones/Prueba_20) by extensions ['colcon_meta']
[0.513s] Level 1:colcon.colcon_core.package_identification:_identify(simulaciones/Prueba_20) by extension 'colcon_meta'
[0.514s] Level 1:colcon.colcon_core.package_identification:_identify(simulaciones/Prueba_20) by extensions ['ros']
[0.514s] Level 1:colcon.colcon_core.package_identification:_identify(simulaciones/Prueba_20) by extension 'ros'
[0.514s] Level 1:colcon.colcon_core.package_identification:_identify(simulaciones/Prueba_20) by extensions ['cmake', 'python']
[0.514s] Level 1:colcon.colcon_core.package_identification:_identify(simulaciones/Prueba_20) by extension 'cmake'
[0.514s] Level 1:colcon.colcon_core.package_identification:_identify(simulaciones/Prueba_20) by extension 'python'
[0.514s] Level 1:colcon.colcon_core.package_identification:_identify(simulaciones/Prueba_20) by extensions ['python_setup_py']
[0.514s] Level 1:colcon.colcon_core.package_identification:_identify(simulaciones/Prueba_20) by extension 'python_setup_py'
[0.514s] Level 1:colcon.colcon_core.package_identification:_identify(simulaciones/Prueba_22) by extensions ['ignore', 'ignore_ament_install']
[0.514s] Level 1:colcon.colcon_core.package_identification:_identify(simulaciones/Prueba_22) by extension 'ignore'
[0.514s] Level 1:colcon.colcon_core.package_identification:_identify(simulaciones/Prueba_22) by extension 'ignore_ament_install'
[0.514s] Level 1:colcon.colcon_core.package_identification:_identify(simulaciones/Prueba_22) by extensions ['colcon_pkg']
[0.514s] Level 1:colcon.colcon_core.package_identification:_identify(simulaciones/Prueba_22) by extension 'colcon_pkg'
[0.514s] Level 1:colcon.colcon_core.package_identification:_identify(simulaciones/Prueba_22) by extensions ['colcon_meta']
[0.514s] Level 1:colcon.colcon_core.package_identification:_identify(simulaciones/Prueba_22) by extension 'colcon_meta'
[0.514s] Level 1:colcon.colcon_core.package_identification:_identify(simulaciones/Prueba_22) by extensions ['ros']
[0.514s] Level 1:colcon.colcon_core.package_identification:_identify(simulaciones/Prueba_22) by extension 'ros'
[0.514s] Level 1:colcon.colcon_core.package_identification:_identify(simulaciones/Prueba_22) by extensions ['cmake', 'python']
[0.514s] Level 1:colcon.colcon_core.package_identification:_identify(simulaciones/Prueba_22) by extension 'cmake'
[0.514s] Level 1:colcon.colcon_core.package_identification:_identify(simulaciones/Prueba_22) by extension 'python'
[0.514s] Level 1:colcon.colcon_core.package_identification:_identify(simulaciones/Prueba_22) by extensions ['python_setup_py']
[0.514s] Level 1:colcon.colcon_core.package_identification:_identify(simulaciones/Prueba_22) by extension 'python_setup_py'
[0.515s] Level 1:colcon.colcon_core.package_identification:_identify(simulaciones/Prueba_23) by extensions ['ignore', 'ignore_ament_install']
[0.515s] Level 1:colcon.colcon_core.package_identification:_identify(simulaciones/Prueba_23) by extension 'ignore'
[0.515s] Level 1:colcon.colcon_core.package_identification:_identify(simulaciones/Prueba_23) by extension 'ignore_ament_install'
[0.515s] Level 1:colcon.colcon_core.package_identification:_identify(simulaciones/Prueba_23) by extensions ['colcon_pkg']
[0.515s] Level 1:colcon.colcon_core.package_identification:_identify(simulaciones/Prueba_23) by extension 'colcon_pkg'
[0.515s] Level 1:colcon.colcon_core.package_identification:_identify(simulaciones/Prueba_23) by extensions ['colcon_meta']
[0.515s] Level 1:colcon.colcon_core.package_identification:_identify(simulaciones/Prueba_23) by extension 'colcon_meta'
[0.515s] Level 1:colcon.colcon_core.package_identification:_identify(simulaciones/Prueba_23) by extensions ['ros']
[0.515s] Level 1:colcon.colcon_core.package_identification:_identify(simulaciones/Prueba_23) by extension 'ros'
[0.515s] Level 1:colcon.colcon_core.package_identification:_identify(simulaciones/Prueba_23) by extensions ['cmake', 'python']
[0.515s] Level 1:colcon.colcon_core.package_identification:_identify(simulaciones/Prueba_23) by extension 'cmake'
[0.515s] Level 1:colcon.colcon_core.package_identification:_identify(simulaciones/Prueba_23) by extension 'python'
[0.515s] Level 1:colcon.colcon_core.package_identification:_identify(simulaciones/Prueba_23) by extensions ['python_setup_py']
[0.515s] Level 1:colcon.colcon_core.package_identification:_identify(simulaciones/Prueba_23) by extension 'python_setup_py'
[0.515s] Level 1:colcon.colcon_core.package_identification:_identify(simulaciones/Prueba_24) by extensions ['ignore', 'ignore_ament_install']
[0.515s] Level 1:colcon.colcon_core.package_identification:_identify(simulaciones/Prueba_24) by extension 'ignore'
[0.515s] Level 1:colcon.colcon_core.package_identification:_identify(simulaciones/Prueba_24) by extension 'ignore_ament_install'
[0.515s] Level 1:colcon.colcon_core.package_identification:_identify(simulaciones/Prueba_24) by extensions ['colcon_pkg']
[0.515s] Level 1:colcon.colcon_core.package_identification:_identify(simulaciones/Prueba_24) by extension 'colcon_pkg'
[0.515s] Level 1:colcon.colcon_core.package_identification:_identify(simulaciones/Prueba_24) by extensions ['colcon_meta']
[0.515s] Level 1:colcon.colcon_core.package_identification:_identify(simulaciones/Prueba_24) by extension 'colcon_meta'
[0.515s] Level 1:colcon.colcon_core.package_identification:_identify(simulaciones/Prueba_24) by extensions ['ros']
[0.515s] Level 1:colcon.colcon_core.package_identification:_identify(simulaciones/Prueba_24) by extension 'ros'
[0.516s] Level 1:colcon.colcon_core.package_identification:_identify(simulaciones/Prueba_24) by extensions ['cmake', 'python']
[0.516s] Level 1:colcon.colcon_core.package_identification:_identify(simulaciones/Prueba_24) by extension 'cmake'
[0.516s] Level 1:colcon.colcon_core.package_identification:_identify(simulaciones/Prueba_24) by extension 'python'
[0.516s] Level 1:colcon.colcon_core.package_identification:_identify(simulaciones/Prueba_24) by extensions ['python_setup_py']
[0.516s] Level 1:colcon.colcon_core.package_identification:_identify(simulaciones/Prueba_24) by extension 'python_setup_py'
[0.516s] Level 1:colcon.colcon_core.package_identification:_identify(simulaciones/Prueba_25) by extensions ['ignore', 'ignore_ament_install']
[0.516s] Level 1:colcon.colcon_core.package_identification:_identify(simulaciones/Prueba_25) by extension 'ignore'
[0.516s] Level 1:colcon.colcon_core.package_identification:_identify(simulaciones/Prueba_25) by extension 'ignore_ament_install'
[0.516s] Level 1:colcon.colcon_core.package_identification:_identify(simulaciones/Prueba_25) by extensions ['colcon_pkg']
[0.516s] Level 1:colcon.colcon_core.package_identification:_identify(simulaciones/Prueba_25) by extension 'colcon_pkg'
[0.516s] Level 1:colcon.colcon_core.package_identification:_identify(simulaciones/Prueba_25) by extensions ['colcon_meta']
[0.516s] Level 1:colcon.colcon_core.package_identification:_identify(simulaciones/Prueba_25) by extension 'colcon_meta'
[0.516s] Level 1:colcon.colcon_core.package_identification:_identify(simulaciones/Prueba_25) by extensions ['ros']
[0.516s] Level 1:colcon.colcon_core.package_identification:_identify(simulaciones/Prueba_25) by extension 'ros'
[0.516s] Level 1:colcon.colcon_core.package_identification:_identify(simulaciones/Prueba_25) by extensions ['cmake', 'python']
[0.516s] Level 1:colcon.colcon_core.package_identification:_identify(simulaciones/Prueba_25) by extension 'cmake'
[0.516s] Level 1:colcon.colcon_core.package_identification:_identify(simulaciones/Prueba_25) by extension 'python'
[0.516s] Level 1:colcon.colcon_core.package_identification:_identify(simulaciones/Prueba_25) by extensions ['python_setup_py']
[0.516s] Level 1:colcon.colcon_core.package_identification:_identify(simulaciones/Prueba_25) by extension 'python_setup_py'
[0.516s] Level 1:colcon.colcon_core.package_identification:_identify(simulaciones/Prueba_26) by extensions ['ignore', 'ignore_ament_install']
[0.517s] Level 1:colcon.colcon_core.package_identification:_identify(simulaciones/Prueba_26) by extension 'ignore'
[0.517s] Level 1:colcon.colcon_core.package_identification:_identify(simulaciones/Prueba_26) by extension 'ignore_ament_install'
[0.517s] Level 1:colcon.colcon_core.package_identification:_identify(simulaciones/Prueba_26) by extensions ['colcon_pkg']
[0.517s] Level 1:colcon.colcon_core.package_identification:_identify(simulaciones/Prueba_26) by extension 'colcon_pkg'
[0.517s] Level 1:colcon.colcon_core.package_identification:_identify(simulaciones/Prueba_26) by extensions ['colcon_meta']
[0.517s] Level 1:colcon.colcon_core.package_identification:_identify(simulaciones/Prueba_26) by extension 'colcon_meta'
[0.517s] Level 1:colcon.colcon_core.package_identification:_identify(simulaciones/Prueba_26) by extensions ['ros']
[0.517s] Level 1:colcon.colcon_core.package_identification:_identify(simulaciones/Prueba_26) by extension 'ros'
[0.517s] Level 1:colcon.colcon_core.package_identification:_identify(simulaciones/Prueba_26) by extensions ['cmake', 'python']
[0.517s] Level 1:colcon.colcon_core.package_identification:_identify(simulaciones/Prueba_26) by extension 'cmake'
[0.517s] Level 1:colcon.colcon_core.package_identification:_identify(simulaciones/Prueba_26) by extension 'python'
[0.517s] Level 1:colcon.colcon_core.package_identification:_identify(simulaciones/Prueba_26) by extensions ['python_setup_py']
[0.517s] Level 1:colcon.colcon_core.package_identification:_identify(simulaciones/Prueba_26) by extension 'python_setup_py'
[0.517s] Level 1:colcon.colcon_core.package_identification:_identify(simulaciones/Prueba_27) by extensions ['ignore', 'ignore_ament_install']
[0.517s] Level 1:colcon.colcon_core.package_identification:_identify(simulaciones/Prueba_27) by extension 'ignore'
[0.517s] Level 1:colcon.colcon_core.package_identification:_identify(simulaciones/Prueba_27) by extension 'ignore_ament_install'
[0.517s] Level 1:colcon.colcon_core.package_identification:_identify(simulaciones/Prueba_27) by extensions ['colcon_pkg']
[0.517s] Level 1:colcon.colcon_core.package_identification:_identify(simulaciones/Prueba_27) by extension 'colcon_pkg'
[0.517s] Level 1:colcon.colcon_core.package_identification:_identify(simulaciones/Prueba_27) by extensions ['colcon_meta']
[0.517s] Level 1:colcon.colcon_core.package_identification:_identify(simulaciones/Prueba_27) by extension 'colcon_meta'
[0.517s] Level 1:colcon.colcon_core.package_identification:_identify(simulaciones/Prueba_27) by extensions ['ros']
[0.517s] Level 1:colcon.colcon_core.package_identification:_identify(simulaciones/Prueba_27) by extension 'ros'
[0.517s] Level 1:colcon.colcon_core.package_identification:_identify(simulaciones/Prueba_27) by extensions ['cmake', 'python']
[0.517s] Level 1:colcon.colcon_core.package_identification:_identify(simulaciones/Prueba_27) by extension 'cmake'
[0.518s] Level 1:colcon.colcon_core.package_identification:_identify(simulaciones/Prueba_27) by extension 'python'
[0.518s] Level 1:colcon.colcon_core.package_identification:_identify(simulaciones/Prueba_27) by extensions ['python_setup_py']
[0.518s] Level 1:colcon.colcon_core.package_identification:_identify(simulaciones/Prueba_27) by extension 'python_setup_py'
[0.518s] Level 1:colcon.colcon_core.package_identification:_identify(simulaciones/Prueba_28) by extensions ['ignore', 'ignore_ament_install']
[0.518s] Level 1:colcon.colcon_core.package_identification:_identify(simulaciones/Prueba_28) by extension 'ignore'
[0.518s] Level 1:colcon.colcon_core.package_identification:_identify(simulaciones/Prueba_28) by extension 'ignore_ament_install'
[0.518s] Level 1:colcon.colcon_core.package_identification:_identify(simulaciones/Prueba_28) by extensions ['colcon_pkg']
[0.518s] Level 1:colcon.colcon_core.package_identification:_identify(simulaciones/Prueba_28) by extension 'colcon_pkg'
[0.518s] Level 1:colcon.colcon_core.package_identification:_identify(simulaciones/Prueba_28) by extensions ['colcon_meta']
[0.518s] Level 1:colcon.colcon_core.package_identification:_identify(simulaciones/Prueba_28) by extension 'colcon_meta'
[0.518s] Level 1:colcon.colcon_core.package_identification:_identify(simulaciones/Prueba_28) by extensions ['ros']
[0.518s] Level 1:colcon.colcon_core.package_identification:_identify(simulaciones/Prueba_28) by extension 'ros'
[0.518s] Level 1:colcon.colcon_core.package_identification:_identify(simulaciones/Prueba_28) by extensions ['cmake', 'python']
[0.518s] Level 1:colcon.colcon_core.package_identification:_identify(simulaciones/Prueba_28) by extension 'cmake'
[0.518s] Level 1:colcon.colcon_core.package_identification:_identify(simulaciones/Prueba_28) by extension 'python'
[0.518s] Level 1:colcon.colcon_core.package_identification:_identify(simulaciones/Prueba_28) by extensions ['python_setup_py']
[0.518s] Level 1:colcon.colcon_core.package_identification:_identify(simulaciones/Prueba_28) by extension 'python_setup_py'
[0.518s] Level 1:colcon.colcon_core.package_identification:_identify(simulaciones/Prueba_29) by extensions ['ignore', 'ignore_ament_install']
[0.519s] Level 1:colcon.colcon_core.package_identification:_identify(simulaciones/Prueba_29) by extension 'ignore'
[0.519s] Level 1:colcon.colcon_core.package_identification:_identify(simulaciones/Prueba_29) by extension 'ignore_ament_install'
[0.519s] Level 1:colcon.colcon_core.package_identification:_identify(simulaciones/Prueba_29) by extensions ['colcon_pkg']
[0.519s] Level 1:colcon.colcon_core.package_identification:_identify(simulaciones/Prueba_29) by extension 'colcon_pkg'
[0.519s] Level 1:colcon.colcon_core.package_identification:_identify(simulaciones/Prueba_29) by extensions ['colcon_meta']
[0.519s] Level 1:colcon.colcon_core.package_identification:_identify(simulaciones/Prueba_29) by extension 'colcon_meta'
[0.519s] Level 1:colcon.colcon_core.package_identification:_identify(simulaciones/Prueba_29) by extensions ['ros']
[0.519s] Level 1:colcon.colcon_core.package_identification:_identify(simulaciones/Prueba_29) by extension 'ros'
[0.519s] Level 1:colcon.colcon_core.package_identification:_identify(simulaciones/Prueba_29) by extensions ['cmake', 'python']
[0.519s] Level 1:colcon.colcon_core.package_identification:_identify(simulaciones/Prueba_29) by extension 'cmake'
[0.519s] Level 1:colcon.colcon_core.package_identification:_identify(simulaciones/Prueba_29) by extension 'python'
[0.519s] Level 1:colcon.colcon_core.package_identification:_identify(simulaciones/Prueba_29) by extensions ['python_setup_py']
[0.519s] Level 1:colcon.colcon_core.package_identification:_identify(simulaciones/Prueba_29) by extension 'python_setup_py'
[0.519s] Level 1:colcon.colcon_core.package_identification:_identify(simulaciones/Prueba_3) by extensions ['ignore', 'ignore_ament_install']
[0.519s] Level 1:colcon.colcon_core.package_identification:_identify(simulaciones/Prueba_3) by extension 'ignore'
[0.519s] Level 1:colcon.colcon_core.package_identification:_identify(simulaciones/Prueba_3) by extension 'ignore_ament_install'
[0.519s] Level 1:colcon.colcon_core.package_identification:_identify(simulaciones/Prueba_3) by extensions ['colcon_pkg']
[0.519s] Level 1:colcon.colcon_core.package_identification:_identify(simulaciones/Prueba_3) by extension 'colcon_pkg'
[0.519s] Level 1:colcon.colcon_core.package_identification:_identify(simulaciones/Prueba_3) by extensions ['colcon_meta']
[0.519s] Level 1:colcon.colcon_core.package_identification:_identify(simulaciones/Prueba_3) by extension 'colcon_meta'
[0.519s] Level 1:colcon.colcon_core.package_identification:_identify(simulaciones/Prueba_3) by extensions ['ros']
[0.519s] Level 1:colcon.colcon_core.package_identification:_identify(simulaciones/Prueba_3) by extension 'ros'
[0.519s] Level 1:colcon.colcon_core.package_identification:_identify(simulaciones/Prueba_3) by extensions ['cmake', 'python']
[0.519s] Level 1:colcon.colcon_core.package_identification:_identify(simulaciones/Prueba_3) by extension 'cmake'
[0.519s] Level 1:colcon.colcon_core.package_identification:_identify(simulaciones/Prueba_3) by extension 'python'
[0.520s] Level 1:colcon.colcon_core.package_identification:_identify(simulaciones/Prueba_3) by extensions ['python_setup_py']
[0.520s] Level 1:colcon.colcon_core.package_identification:_identify(simulaciones/Prueba_3) by extension 'python_setup_py'
[0.520s] Level 1:colcon.colcon_core.package_identification:_identify(simulaciones/Prueba_30) by extensions ['ignore', 'ignore_ament_install']
[0.520s] Level 1:colcon.colcon_core.package_identification:_identify(simulaciones/Prueba_30) by extension 'ignore'
[0.520s] Level 1:colcon.colcon_core.package_identification:_identify(simulaciones/Prueba_30) by extension 'ignore_ament_install'
[0.520s] Level 1:colcon.colcon_core.package_identification:_identify(simulaciones/Prueba_30) by extensions ['colcon_pkg']
[0.520s] Level 1:colcon.colcon_core.package_identification:_identify(simulaciones/Prueba_30) by extension 'colcon_pkg'
[0.520s] Level 1:colcon.colcon_core.package_identification:_identify(simulaciones/Prueba_30) by extensions ['colcon_meta']
[0.520s] Level 1:colcon.colcon_core.package_identification:_identify(simulaciones/Prueba_30) by extension 'colcon_meta'
[0.520s] Level 1:colcon.colcon_core.package_identification:_identify(simulaciones/Prueba_30) by extensions ['ros']
[0.520s] Level 1:colcon.colcon_core.package_identification:_identify(simulaciones/Prueba_30) by extension 'ros'
[0.520s] Level 1:colcon.colcon_core.package_identification:_identify(simulaciones/Prueba_30) by extensions ['cmake', 'python']
[0.520s] Level 1:colcon.colcon_core.package_identification:_identify(simulaciones/Prueba_30) by extension 'cmake'
[0.520s] Level 1:colcon.colcon_core.package_identification:_identify(simulaciones/Prueba_30) by extension 'python'
[0.520s] Level 1:colcon.colcon_core.package_identification:_identify(simulaciones/Prueba_30) by extensions ['python_setup_py']
[0.520s] Level 1:colcon.colcon_core.package_identification:_identify(simulaciones/Prueba_30) by extension 'python_setup_py'
[0.520s] Level 1:colcon.colcon_core.package_identification:_identify(simulaciones/Prueba_4) by extensions ['ignore', 'ignore_ament_install']
[0.520s] Level 1:colcon.colcon_core.package_identification:_identify(simulaciones/Prueba_4) by extension 'ignore'
[0.521s] Level 1:colcon.colcon_core.package_identification:_identify(simulaciones/Prueba_4) by extension 'ignore_ament_install'
[0.521s] Level 1:colcon.colcon_core.package_identification:_identify(simulaciones/Prueba_4) by extensions ['colcon_pkg']
[0.521s] Level 1:colcon.colcon_core.package_identification:_identify(simulaciones/Prueba_4) by extension 'colcon_pkg'
[0.521s] Level 1:colcon.colcon_core.package_identification:_identify(simulaciones/Prueba_4) by extensions ['colcon_meta']
[0.521s] Level 1:colcon.colcon_core.package_identification:_identify(simulaciones/Prueba_4) by extension 'colcon_meta'
[0.521s] Level 1:colcon.colcon_core.package_identification:_identify(simulaciones/Prueba_4) by extensions ['ros']
[0.521s] Level 1:colcon.colcon_core.package_identification:_identify(simulaciones/Prueba_4) by extension 'ros'
[0.521s] Level 1:colcon.colcon_core.package_identification:_identify(simulaciones/Prueba_4) by extensions ['cmake', 'python']
[0.521s] Level 1:colcon.colcon_core.package_identification:_identify(simulaciones/Prueba_4) by extension 'cmake'
[0.521s] Level 1:colcon.colcon_core.package_identification:_identify(simulaciones/Prueba_4) by extension 'python'
[0.521s] Level 1:colcon.colcon_core.package_identification:_identify(simulaciones/Prueba_4) by extensions ['python_setup_py']
[0.521s] Level 1:colcon.colcon_core.package_identification:_identify(simulaciones/Prueba_4) by extension 'python_setup_py'
[0.521s] Level 1:colcon.colcon_core.package_identification:_identify(simulaciones/Prueba_5) by extensions ['ignore', 'ignore_ament_install']
[0.521s] Level 1:colcon.colcon_core.package_identification:_identify(simulaciones/Prueba_5) by extension 'ignore'
[0.521s] Level 1:colcon.colcon_core.package_identification:_identify(simulaciones/Prueba_5) by extension 'ignore_ament_install'
[0.521s] Level 1:colcon.colcon_core.package_identification:_identify(simulaciones/Prueba_5) by extensions ['colcon_pkg']
[0.521s] Level 1:colcon.colcon_core.package_identification:_identify(simulaciones/Prueba_5) by extension 'colcon_pkg'
[0.521s] Level 1:colcon.colcon_core.package_identification:_identify(simulaciones/Prueba_5) by extensions ['colcon_meta']
[0.521s] Level 1:colcon.colcon_core.package_identification:_identify(simulaciones/Prueba_5) by extension 'colcon_meta'
[0.521s] Level 1:colcon.colcon_core.package_identification:_identify(simulaciones/Prueba_5) by extensions ['ros']
[0.521s] Level 1:colcon.colcon_core.package_identification:_identify(simulaciones/Prueba_5) by extension 'ros'
[0.521s] Level 1:colcon.colcon_core.package_identification:_identify(simulaciones/Prueba_5) by extensions ['cmake', 'python']
[0.521s] Level 1:colcon.colcon_core.package_identification:_identify(simulaciones/Prueba_5) by extension 'cmake'
[0.521s] Level 1:colcon.colcon_core.package_identification:_identify(simulaciones/Prueba_5) by extension 'python'
[0.521s] Level 1:colcon.colcon_core.package_identification:_identify(simulaciones/Prueba_5) by extensions ['python_setup_py']
[0.521s] Level 1:colcon.colcon_core.package_identification:_identify(simulaciones/Prueba_5) by extension 'python_setup_py'
[0.522s] Level 1:colcon.colcon_core.package_identification:_identify(simulaciones/Prueba_6) by extensions ['ignore', 'ignore_ament_install']
[0.522s] Level 1:colcon.colcon_core.package_identification:_identify(simulaciones/Prueba_6) by extension 'ignore'
[0.522s] Level 1:colcon.colcon_core.package_identification:_identify(simulaciones/Prueba_6) by extension 'ignore_ament_install'
[0.522s] Level 1:colcon.colcon_core.package_identification:_identify(simulaciones/Prueba_6) by extensions ['colcon_pkg']
[0.522s] Level 1:colcon.colcon_core.package_identification:_identify(simulaciones/Prueba_6) by extension 'colcon_pkg'
[0.522s] Level 1:colcon.colcon_core.package_identification:_identify(simulaciones/Prueba_6) by extensions ['colcon_meta']
[0.522s] Level 1:colcon.colcon_core.package_identification:_identify(simulaciones/Prueba_6) by extension 'colcon_meta'
[0.522s] Level 1:colcon.colcon_core.package_identification:_identify(simulaciones/Prueba_6) by extensions ['ros']
[0.522s] Level 1:colcon.colcon_core.package_identification:_identify(simulaciones/Prueba_6) by extension 'ros'
[0.522s] Level 1:colcon.colcon_core.package_identification:_identify(simulaciones/Prueba_6) by extensions ['cmake', 'python']
[0.522s] Level 1:colcon.colcon_core.package_identification:_identify(simulaciones/Prueba_6) by extension 'cmake'
[0.522s] Level 1:colcon.colcon_core.package_identification:_identify(simulaciones/Prueba_6) by extension 'python'
[0.522s] Level 1:colcon.colcon_core.package_identification:_identify(simulaciones/Prueba_6) by extensions ['python_setup_py']
[0.522s] Level 1:colcon.colcon_core.package_identification:_identify(simulaciones/Prueba_6) by extension 'python_setup_py'
[0.522s] Level 1:colcon.colcon_core.package_identification:_identify(simulaciones/Prueba_7) by extensions ['ignore', 'ignore_ament_install']
[0.522s] Level 1:colcon.colcon_core.package_identification:_identify(simulaciones/Prueba_7) by extension 'ignore'
[0.522s] Level 1:colcon.colcon_core.package_identification:_identify(simulaciones/Prueba_7) by extension 'ignore_ament_install'
[0.522s] Level 1:colcon.colcon_core.package_identification:_identify(simulaciones/Prueba_7) by extensions ['colcon_pkg']
[0.522s] Level 1:colcon.colcon_core.package_identification:_identify(simulaciones/Prueba_7) by extension 'colcon_pkg'
[0.522s] Level 1:colcon.colcon_core.package_identification:_identify(simulaciones/Prueba_7) by extensions ['colcon_meta']
[0.522s] Level 1:colcon.colcon_core.package_identification:_identify(simulaciones/Prueba_7) by extension 'colcon_meta'
[0.523s] Level 1:colcon.colcon_core.package_identification:_identify(simulaciones/Prueba_7) by extensions ['ros']
[0.523s] Level 1:colcon.colcon_core.package_identification:_identify(simulaciones/Prueba_7) by extension 'ros'
[0.523s] Level 1:colcon.colcon_core.package_identification:_identify(simulaciones/Prueba_7) by extensions ['cmake', 'python']
[0.523s] Level 1:colcon.colcon_core.package_identification:_identify(simulaciones/Prueba_7) by extension 'cmake'
[0.523s] Level 1:colcon.colcon_core.package_identification:_identify(simulaciones/Prueba_7) by extension 'python'
[0.523s] Level 1:colcon.colcon_core.package_identification:_identify(simulaciones/Prueba_7) by extensions ['python_setup_py']
[0.523s] Level 1:colcon.colcon_core.package_identification:_identify(simulaciones/Prueba_7) by extension 'python_setup_py'
[0.523s] Level 1:colcon.colcon_core.package_identification:_identify(simulaciones/Prueba_8) by extensions ['ignore', 'ignore_ament_install']
[0.523s] Level 1:colcon.colcon_core.package_identification:_identify(simulaciones/Prueba_8) by extension 'ignore'
[0.523s] Level 1:colcon.colcon_core.package_identification:_identify(simulaciones/Prueba_8) by extension 'ignore_ament_install'
[0.523s] Level 1:colcon.colcon_core.package_identification:_identify(simulaciones/Prueba_8) by extensions ['colcon_pkg']
[0.523s] Level 1:colcon.colcon_core.package_identification:_identify(simulaciones/Prueba_8) by extension 'colcon_pkg'
[0.523s] Level 1:colcon.colcon_core.package_identification:_identify(simulaciones/Prueba_8) by extensions ['colcon_meta']
[0.523s] Level 1:colcon.colcon_core.package_identification:_identify(simulaciones/Prueba_8) by extension 'colcon_meta'
[0.523s] Level 1:colcon.colcon_core.package_identification:_identify(simulaciones/Prueba_8) by extensions ['ros']
[0.523s] Level 1:colcon.colcon_core.package_identification:_identify(simulaciones/Prueba_8) by extension 'ros'
[0.523s] Level 1:colcon.colcon_core.package_identification:_identify(simulaciones/Prueba_8) by extensions ['cmake', 'python']
[0.523s] Level 1:colcon.colcon_core.package_identification:_identify(simulaciones/Prueba_8) by extension 'cmake'
[0.523s] Level 1:colcon.colcon_core.package_identification:_identify(simulaciones/Prueba_8) by extension 'python'
[0.523s] Level 1:colcon.colcon_core.package_identification:_identify(simulaciones/Prueba_8) by extensions ['python_setup_py']
[0.523s] Level 1:colcon.colcon_core.package_identification:_identify(simulaciones/Prueba_8) by extension 'python_setup_py'
[0.523s] Level 1:colcon.colcon_core.package_identification:_identify(simulaciones/Prueba_9) by extensions ['ignore', 'ignore_ament_install']
[0.524s] Level 1:colcon.colcon_core.package_identification:_identify(simulaciones/Prueba_9) by extension 'ignore'
[0.524s] Level 1:colcon.colcon_core.package_identification:_identify(simulaciones/Prueba_9) by extension 'ignore_ament_install'
[0.524s] Level 1:colcon.colcon_core.package_identification:_identify(simulaciones/Prueba_9) by extensions ['colcon_pkg']
[0.524s] Level 1:colcon.colcon_core.package_identification:_identify(simulaciones/Prueba_9) by extension 'colcon_pkg'
[0.524s] Level 1:colcon.colcon_core.package_identification:_identify(simulaciones/Prueba_9) by extensions ['colcon_meta']
[0.524s] Level 1:colcon.colcon_core.package_identification:_identify(simulaciones/Prueba_9) by extension 'colcon_meta'
[0.524s] Level 1:colcon.colcon_core.package_identification:_identify(simulaciones/Prueba_9) by extensions ['ros']
[0.524s] Level 1:colcon.colcon_core.package_identification:_identify(simulaciones/Prueba_9) by extension 'ros'
[0.524s] Level 1:colcon.colcon_core.package_identification:_identify(simulaciones/Prueba_9) by extensions ['cmake', 'python']
[0.524s] Level 1:colcon.colcon_core.package_identification:_identify(simulaciones/Prueba_9) by extension 'cmake'
[0.524s] Level 1:colcon.colcon_core.package_identification:_identify(simulaciones/Prueba_9) by extension 'python'
[0.524s] Level 1:colcon.colcon_core.package_identification:_identify(simulaciones/Prueba_9) by extensions ['python_setup_py']
[0.524s] Level 1:colcon.colcon_core.package_identification:_identify(simulaciones/Prueba_9) by extension 'python_setup_py'
[0.524s] Level 1:colcon.colcon_core.package_identification:_identify(simulaciones/Prueba_general_1) by extensions ['ignore', 'ignore_ament_install']
[0.524s] Level 1:colcon.colcon_core.package_identification:_identify(simulaciones/Prueba_general_1) by extension 'ignore'
[0.524s] Level 1:colcon.colcon_core.package_identification:_identify(simulaciones/Prueba_general_1) by extension 'ignore_ament_install'
[0.524s] Level 1:colcon.colcon_core.package_identification:_identify(simulaciones/Prueba_general_1) by extensions ['colcon_pkg']
[0.524s] Level 1:colcon.colcon_core.package_identification:_identify(simulaciones/Prueba_general_1) by extension 'colcon_pkg'
[0.524s] Level 1:colcon.colcon_core.package_identification:_identify(simulaciones/Prueba_general_1) by extensions ['colcon_meta']
[0.524s] Level 1:colcon.colcon_core.package_identification:_identify(simulaciones/Prueba_general_1) by extension 'colcon_meta'
[0.524s] Level 1:colcon.colcon_core.package_identification:_identify(simulaciones/Prueba_general_1) by extensions ['ros']
[0.524s] Level 1:colcon.colcon_core.package_identification:_identify(simulaciones/Prueba_general_1) by extension 'ros'
[0.525s] Level 1:colcon.colcon_core.package_identification:_identify(simulaciones/Prueba_general_1) by extensions ['cmake', 'python']
[0.525s] Level 1:colcon.colcon_core.package_identification:_identify(simulaciones/Prueba_general_1) by extension 'cmake'
[0.525s] Level 1:colcon.colcon_core.package_identification:_identify(simulaciones/Prueba_general_1) by extension 'python'
[0.525s] Level 1:colcon.colcon_core.package_identification:_identify(simulaciones/Prueba_general_1) by extensions ['python_setup_py']
[0.525s] Level 1:colcon.colcon_core.package_identification:_identify(simulaciones/Prueba_general_1) by extension 'python_setup_py'
[0.525s] Level 1:colcon.colcon_core.package_identification:_identify(simulaciones/Prueba_general_1/pruebaGeneral_1) by extensions ['ignore', 'ignore_ament_install']
[0.525s] Level 1:colcon.colcon_core.package_identification:_identify(simulaciones/Prueba_general_1/pruebaGeneral_1) by extension 'ignore'
[0.525s] Level 1:colcon.colcon_core.package_identification:_identify(simulaciones/Prueba_general_1/pruebaGeneral_1) by extension 'ignore_ament_install'
[0.525s] Level 1:colcon.colcon_core.package_identification:_identify(simulaciones/Prueba_general_1/pruebaGeneral_1) by extensions ['colcon_pkg']
[0.525s] Level 1:colcon.colcon_core.package_identification:_identify(simulaciones/Prueba_general_1/pruebaGeneral_1) by extension 'colcon_pkg'
[0.525s] Level 1:colcon.colcon_core.package_identification:_identify(simulaciones/Prueba_general_1/pruebaGeneral_1) by extensions ['colcon_meta']
[0.525s] Level 1:colcon.colcon_core.package_identification:_identify(simulaciones/Prueba_general_1/pruebaGeneral_1) by extension 'colcon_meta'
[0.525s] Level 1:colcon.colcon_core.package_identification:_identify(simulaciones/Prueba_general_1/pruebaGeneral_1) by extensions ['ros']
[0.525s] Level 1:colcon.colcon_core.package_identification:_identify(simulaciones/Prueba_general_1/pruebaGeneral_1) by extension 'ros'
[0.525s] Level 1:colcon.colcon_core.package_identification:_identify(simulaciones/Prueba_general_1/pruebaGeneral_1) by extensions ['cmake', 'python']
[0.525s] Level 1:colcon.colcon_core.package_identification:_identify(simulaciones/Prueba_general_1/pruebaGeneral_1) by extension 'cmake'
[0.525s] Level 1:colcon.colcon_core.package_identification:_identify(simulaciones/Prueba_general_1/pruebaGeneral_1) by extension 'python'
[0.525s] Level 1:colcon.colcon_core.package_identification:_identify(simulaciones/Prueba_general_1/pruebaGeneral_1) by extensions ['python_setup_py']
[0.525s] Level 1:colcon.colcon_core.package_identification:_identify(simulaciones/Prueba_general_1/pruebaGeneral_1) by extension 'python_setup_py'
[0.525s] Level 1:colcon.colcon_core.package_identification:_identify(src) by extensions ['ignore', 'ignore_ament_install']
[0.525s] Level 1:colcon.colcon_core.package_identification:_identify(src) by extension 'ignore'
[0.525s] Level 1:colcon.colcon_core.package_identification:_identify(src) by extension 'ignore_ament_install'
[0.526s] Level 1:colcon.colcon_core.package_identification:_identify(src) by extensions ['colcon_pkg']
[0.526s] Level 1:colcon.colcon_core.package_identification:_identify(src) by extension 'colcon_pkg'
[0.526s] Level 1:colcon.colcon_core.package_identification:_identify(src) by extensions ['colcon_meta']
[0.526s] Level 1:colcon.colcon_core.package_identification:_identify(src) by extension 'colcon_meta'
[0.526s] Level 1:colcon.colcon_core.package_identification:_identify(src) by extensions ['ros']
[0.526s] Level 1:colcon.colcon_core.package_identification:_identify(src) by extension 'ros'
[0.526s] Level 1:colcon.colcon_core.package_identification:_identify(src) by extensions ['cmake', 'python']
[0.526s] Level 1:colcon.colcon_core.package_identification:_identify(src) by extension 'cmake'
[0.526s] Level 1:colcon.colcon_core.package_identification:_identify(src) by extension 'python'
[0.526s] Level 1:colcon.colcon_core.package_identification:_identify(src) by extensions ['python_setup_py']
[0.526s] Level 1:colcon.colcon_core.package_identification:_identify(src) by extension 'python_setup_py'
[0.526s] Level 1:colcon.colcon_core.package_identification:_identify(src/depthai-ros) by extensions ['ignore', 'ignore_ament_install']
[0.526s] Level 1:colcon.colcon_core.package_identification:_identify(src/depthai-ros) by extension 'ignore'
[0.526s] Level 1:colcon.colcon_core.package_identification:_identify(src/depthai-ros) by extension 'ignore_ament_install'
[0.526s] Level 1:colcon.colcon_core.package_identification:_identify(src/depthai-ros) by extensions ['colcon_pkg']
[0.526s] Level 1:colcon.colcon_core.package_identification:_identify(src/depthai-ros) by extension 'colcon_pkg'
[0.526s] Level 1:colcon.colcon_core.package_identification:_identify(src/depthai-ros) by extensions ['colcon_meta']
[0.526s] Level 1:colcon.colcon_core.package_identification:_identify(src/depthai-ros) by extension 'colcon_meta'
[0.526s] Level 1:colcon.colcon_core.package_identification:_identify(src/depthai-ros) by extensions ['ros']
[0.526s] Level 1:colcon.colcon_core.package_identification:_identify(src/depthai-ros) by extension 'ros'
[0.526s] Level 1:colcon.colcon_core.package_identification:_identify(src/depthai-ros) by extensions ['cmake', 'python']
[0.526s] Level 1:colcon.colcon_core.package_identification:_identify(src/depthai-ros) by extension 'cmake'
[0.526s] Level 1:colcon.colcon_core.package_identification:_identify(src/depthai-ros) by extension 'python'
[0.526s] Level 1:colcon.colcon_core.package_identification:_identify(src/depthai-ros) by extensions ['python_setup_py']
[0.526s] Level 1:colcon.colcon_core.package_identification:_identify(src/depthai-ros) by extension 'python_setup_py'
[0.526s] Level 1:colcon.colcon_core.package_identification:_identify(src/formas) by extensions ['ignore', 'ignore_ament_install']
[0.526s] Level 1:colcon.colcon_core.package_identification:_identify(src/formas) by extension 'ignore'
[0.526s] Level 1:colcon.colcon_core.package_identification:_identify(src/formas) by extension 'ignore_ament_install'
[0.527s] Level 1:colcon.colcon_core.package_identification:_identify(src/formas) by extensions ['colcon_pkg']
[0.527s] Level 1:colcon.colcon_core.package_identification:_identify(src/formas) by extension 'colcon_pkg'
[0.527s] Level 1:colcon.colcon_core.package_identification:_identify(src/formas) by extensions ['colcon_meta']
[0.527s] Level 1:colcon.colcon_core.package_identification:_identify(src/formas) by extension 'colcon_meta'
[0.527s] Level 1:colcon.colcon_core.package_identification:_identify(src/formas) by extensions ['ros']
[0.527s] Level 1:colcon.colcon_core.package_identification:_identify(src/formas) by extension 'ros'
[0.530s] DEBUG:colcon.colcon_core.package_identification:Package 'src/formas' with type 'ros.ament_python' and name 'formas'
[0.530s] Level 1:colcon.colcon_core.package_identification:_identify(src/tb4_sim) by extensions ['ignore', 'ignore_ament_install']
[0.530s] Level 1:colcon.colcon_core.package_identification:_identify(src/tb4_sim) by extension 'ignore'
[0.530s] Level 1:colcon.colcon_core.package_identification:_identify(src/tb4_sim) by extension 'ignore_ament_install'
[0.530s] Level 1:colcon.colcon_core.package_identification:_identify(src/tb4_sim) by extensions ['colcon_pkg']
[0.530s] Level 1:colcon.colcon_core.package_identification:_identify(src/tb4_sim) by extension 'colcon_pkg'
[0.530s] Level 1:colcon.colcon_core.package_identification:_identify(src/tb4_sim) by extensions ['colcon_meta']
[0.530s] Level 1:colcon.colcon_core.package_identification:_identify(src/tb4_sim) by extension 'colcon_meta'
[0.530s] Level 1:colcon.colcon_core.package_identification:_identify(src/tb4_sim) by extensions ['ros']
[0.530s] Level 1:colcon.colcon_core.package_identification:_identify(src/tb4_sim) by extension 'ros'
[0.550s] DEBUG:colcon.colcon_core.package_identification:Package 'src/tb4_sim' with type 'ros.ament_python' and name 'tb4_sim'
[0.550s] Level 1:colcon.colcon_core.package_discovery:discover_packages(recursive) using defaults
[0.550s] Level 1:colcon.colcon_core.package_discovery:discover_packages(ignore) discover
[0.550s] Level 1:colcon.colcon_core.package_discovery:discover_packages(ignore) using defaults
[0.550s] Level 1:colcon.colcon_core.package_discovery:discover_packages(path) discover
[0.550s] Level 1:colcon.colcon_core.package_discovery:discover_packages(path) using defaults
[0.576s] Level 1:colcon.colcon_core.package_discovery:discover_packages(prefix_path) check parameters
[0.576s] Level 1:colcon.colcon_core.package_discovery:discover_packages(prefix_path) discover
[0.580s] DEBUG:colcon.colcon_installed_package_information.package_discovery:Found 488 installed packages in /opt/ros/humble
[0.582s] Level 1:colcon.colcon_core.package_discovery:discover_packages(prefix_path) using defaults
[0.629s] Level 5:colcon.colcon_core.verb:set package 'formas' build argument 'cmake_args' from command line to 'None'
[0.629s] Level 5:colcon.colcon_core.verb:set package 'formas' build argument 'cmake_target' from command line to 'None'
[0.629s] Level 5:colcon.colcon_core.verb:set package 'formas' build argument 'cmake_target_skip_unavailable' from command line to 'False'
[0.629s] Level 5:colcon.colcon_core.verb:set package 'formas' build argument 'cmake_clean_cache' from command line to 'False'
[0.629s] Level 5:colcon.colcon_core.verb:set package 'formas' build argument 'cmake_clean_first' from command line to 'False'
[0.629s] Level 5:colcon.colcon_core.verb:set package 'formas' build argument 'cmake_force_configure' from command line to 'False'
[0.629s] Level 5:colcon.colcon_core.verb:set package 'formas' build argument 'ament_cmake_args' from command line to 'None'
[0.629s] Level 5:colcon.colcon_core.verb:set package 'formas' build argument 'catkin_cmake_args' from command line to 'None'
[0.629s] Level 5:colcon.colcon_core.verb:set package 'formas' build argument 'catkin_skip_building_tests' from command line to 'False'
[0.629s] DEBUG:colcon.colcon_core.verb:Building package 'formas' with the following arguments: {'ament_cmake_args': None, 'build_base': '/home/echedey/Desktop/TFG/TFGwebots_ws/build/formas', 'catkin_cmake_args': None, 'catkin_skip_building_tests': False, 'cmake_args': None, 'cmake_clean_cache': False, 'cmake_clean_first': False, 'cmake_force_configure': False, 'cmake_target': None, 'cmake_target_skip_unavailable': False, 'install_base': '/home/echedey/Desktop/TFG/TFGwebots_ws/install/formas', 'merge_install': False, 'path': '/home/echedey/Desktop/TFG/TFGwebots_ws/src/formas', 'symlink_install': True, 'test_result_base': None}
[0.630s] Level 5:colcon.colcon_core.verb:set package 'tb4_sim' build argument 'cmake_args' from command line to 'None'
[0.630s] Level 5:colcon.colcon_core.verb:set package 'tb4_sim' build argument 'cmake_target' from command line to 'None'
[0.630s] Level 5:colcon.colcon_core.verb:set package 'tb4_sim' build argument 'cmake_target_skip_unavailable' from command line to 'False'
[0.630s] Level 5:colcon.colcon_core.verb:set package 'tb4_sim' build argument 'cmake_clean_cache' from command line to 'False'
[0.630s] Level 5:colcon.colcon_core.verb:set package 'tb4_sim' build argument 'cmake_clean_first' from command line to 'False'
[0.630s] Level 5:colcon.colcon_core.verb:set package 'tb4_sim' build argument 'cmake_force_configure' from command line to 'False'
[0.630s] Level 5:colcon.colcon_core.verb:set package 'tb4_sim' build argument 'ament_cmake_args' from command line to 'None'
[0.630s] Level 5:colcon.colcon_core.verb:set package 'tb4_sim' build argument 'catkin_cmake_args' from command line to 'None'
[0.630s] Level 5:colcon.colcon_core.verb:set package 'tb4_sim' build argument 'catkin_skip_building_tests' from command line to 'False'
[0.630s] DEBUG:colcon.colcon_core.verb:Building package 'tb4_sim' with the following arguments: {'ament_cmake_args': None, 'build_base': '/home/echedey/Desktop/TFG/TFGwebots_ws/build/tb4_sim', 'catkin_cmake_args': None, 'catkin_skip_building_tests': False, 'cmake_args': None, 'cmake_clean_cache': False, 'cmake_clean_first': False, 'cmake_force_configure': False, 'cmake_target': None, 'cmake_target_skip_unavailable': False, 'install_base': '/home/echedey/Desktop/TFG/TFGwebots_ws/install/tb4_sim', 'merge_install': False, 'path': '/home/echedey/Desktop/TFG/TFGwebots_ws/src/tb4_sim', 'symlink_install': True, 'test_result_base': None}
[0.630s] INFO:colcon.colcon_core.executor:Executing jobs using 'parallel' executor
[0.631s] DEBUG:colcon.colcon_parallel_executor.executor.parallel:run_until_complete
[0.632s] INFO:colcon.colcon_ros.task.ament_python.build:Building ROS package in '/home/echedey/Desktop/TFG/TFGwebots_ws/src/formas' with build type 'ament_python'
[0.632s] Level 1:colcon.colcon_core.shell:create_environment_hook('formas', 'ament_prefix_path')
[0.636s] INFO:colcon.colcon_core.plugin_system:Skipping extension 'colcon_core.shell.bat': Not used on non-Windows systems
[0.636s] INFO:colcon.colcon_core.shell:Creating environment hook '/home/echedey/Desktop/TFG/TFGwebots_ws/install/formas/share/formas/hook/ament_prefix_path.ps1'
[0.637s] INFO:colcon.colcon_core.shell:Creating environment descriptor '/home/echedey/Desktop/TFG/TFGwebots_ws/install/formas/share/formas/hook/ament_prefix_path.dsv'
[0.638s] INFO:colcon.colcon_core.shell:Creating environment hook '/home/echedey/Desktop/TFG/TFGwebots_ws/install/formas/share/formas/hook/ament_prefix_path.sh'
[0.639s] INFO:colcon.colcon_core.shell:Skip shell extension 'powershell' for command environment: Not usable outside of PowerShell
[0.639s] DEBUG:colcon.colcon_core.shell:Skip shell extension 'dsv' for command environment
[0.643s] INFO:colcon.colcon_ros.task.ament_python.build:Building ROS package in '/home/echedey/Desktop/TFG/TFGwebots_ws/src/tb4_sim' with build type 'ament_python'
[0.644s] Level 1:colcon.colcon_core.shell:create_environment_hook('tb4_sim', 'ament_prefix_path')
[0.644s] INFO:colcon.colcon_core.shell:Creating environment hook '/home/echedey/Desktop/TFG/TFGwebots_ws/install/tb4_sim/share/tb4_sim/hook/ament_prefix_path.ps1'
[0.646s] INFO:colcon.colcon_core.shell:Creating environment descriptor '/home/echedey/Desktop/TFG/TFGwebots_ws/install/tb4_sim/share/tb4_sim/hook/ament_prefix_path.dsv'
[0.647s] INFO:colcon.colcon_core.shell:Creating environment hook '/home/echedey/Desktop/TFG/TFGwebots_ws/install/tb4_sim/share/tb4_sim/hook/ament_prefix_path.sh'
[0.647s] INFO:colcon.colcon_core.shell:Skip shell extension 'powershell' for command environment: Not usable outside of PowerShell
[0.647s] DEBUG:colcon.colcon_core.shell:Skip shell extension 'dsv' for command environment
[0.914s] INFO:colcon.colcon_core.task.python.build:Building Python package in '/home/echedey/Desktop/TFG/TFGwebots_ws/src/formas'
[0.915s] INFO:colcon.colcon_core.shell:Skip shell extension 'powershell' for command environment: Not usable outside of PowerShell
[0.915s] DEBUG:colcon.colcon_core.shell:Skip shell extension 'dsv' for command environment
[1.187s] INFO:colcon.colcon_core.task.python.build:Building Python package in '/home/echedey/Desktop/TFG/TFGwebots_ws/src/tb4_sim'
[1.188s] INFO:colcon.colcon_core.shell:Skip shell extension 'powershell' for command environment: Not usable outside of PowerShell
[1.188s] DEBUG:colcon.colcon_core.shell:Skip shell extension 'dsv' for command environment
[1.574s] DEBUG:colcon.colcon_core.event_handler.log_command:Invoking command in '/home/echedey/Desktop/TFG/TFGwebots_ws/build/tb4_sim': PYTHONPATH=/home/echedey/Desktop/TFG/TFGwebots_ws/build/tb4_sim/prefix_override:/usr/lib/python3/dist-packages/colcon_core/task/python/colcon_distutils_commands:/home/echedey/Desktop/TFG/TFGwebots_ws/install/tb4_sim/lib/python3.10/site-packages:${PYTHONPATH} /usr/bin/python3 -W ignore:setup.py install is deprecated -W ignore:easy_install command is deprecated setup.py develop --editable --build-directory /home/echedey/Desktop/TFG/TFGwebots_ws/build/tb4_sim/build --no-deps symlink_data
[1.579s] DEBUG:colcon.colcon_core.event_handler.log_command:Invoking command in '/home/echedey/Desktop/TFG/TFGwebots_ws/build/formas': PYTHONPATH=/home/echedey/Desktop/TFG/TFGwebots_ws/build/formas/prefix_override:/usr/lib/python3/dist-packages/colcon_core/task/python/colcon_distutils_commands:/home/echedey/Desktop/TFG/TFGwebots_ws/install/formas/lib/python3.10/site-packages:${PYTHONPATH} /usr/bin/python3 -W ignore:setup.py install is deprecated -W ignore:easy_install command is deprecated setup.py develop --editable --build-directory /home/echedey/Desktop/TFG/TFGwebots_ws/build/formas/build --no-deps symlink_data
[2.046s] Level 1:colcon.colcon_core.shell:create_environment_hook('formas', 'pythonpath_develop')
[2.047s] INFO:colcon.colcon_core.shell:Creating environment hook '/home/echedey/Desktop/TFG/TFGwebots_ws/build/formas/share/formas/hook/pythonpath_develop.ps1'
[2.047s] DEBUG:colcon.colcon_core.event_handler.log_command:Invoked command in '/home/echedey/Desktop/TFG/TFGwebots_ws/build/formas' returned '0': PYTHONPATH=/home/echedey/Desktop/TFG/TFGwebots_ws/build/formas/prefix_override:/usr/lib/python3/dist-packages/colcon_core/task/python/colcon_distutils_commands:/home/echedey/Desktop/TFG/TFGwebots_ws/install/formas/lib/python3.10/site-packages:${PYTHONPATH} /usr/bin/python3 -W ignore:setup.py install is deprecated -W ignore:easy_install command is deprecated setup.py develop --editable --build-directory /home/echedey/Desktop/TFG/TFGwebots_ws/build/formas/build --no-deps symlink_data
[2.049s] INFO:colcon.colcon_core.shell:Creating environment descriptor '/home/echedey/Desktop/TFG/TFGwebots_ws/build/formas/share/formas/hook/pythonpath_develop.dsv'
[2.049s] INFO:colcon.colcon_core.shell:Creating environment hook '/home/echedey/Desktop/TFG/TFGwebots_ws/build/formas/share/formas/hook/pythonpath_develop.sh'
[2.054s] Level 1:colcon.colcon_core.environment:checking '/home/echedey/Desktop/TFG/TFGwebots_ws/install/formas' for CMake module files
[2.055s] Level 1:colcon.colcon_core.environment:checking '/home/echedey/Desktop/TFG/TFGwebots_ws/install/formas' for CMake config files
[2.056s] Level 1:colcon.colcon_core.environment:checking '/home/echedey/Desktop/TFG/TFGwebots_ws/install/formas/lib'
[2.056s] Level 1:colcon.colcon_core.environment:checking '/home/echedey/Desktop/TFG/TFGwebots_ws/install/formas/bin'
[2.056s] Level 1:colcon.colcon_core.environment:checking '/home/echedey/Desktop/TFG/TFGwebots_ws/install/formas/lib/pkgconfig/formas.pc'
[2.056s] Level 1:colcon.colcon_core.environment:checking '/home/echedey/Desktop/TFG/TFGwebots_ws/install/formas/lib/python3.10/site-packages'
[2.056s] Level 1:colcon.colcon_core.shell:create_environment_hook('formas', 'pythonpath')
[2.056s] INFO:colcon.colcon_core.shell:Creating environment hook '/home/echedey/Desktop/TFG/TFGwebots_ws/install/formas/share/formas/hook/pythonpath.ps1'
[2.057s] INFO:colcon.colcon_core.shell:Creating environment descriptor '/home/echedey/Desktop/TFG/TFGwebots_ws/install/formas/share/formas/hook/pythonpath.dsv'
[2.057s] INFO:colcon.colcon_core.shell:Creating environment hook '/home/echedey/Desktop/TFG/TFGwebots_ws/install/formas/share/formas/hook/pythonpath.sh'
[2.058s] Level 1:colcon.colcon_core.environment:checking '/home/echedey/Desktop/TFG/TFGwebots_ws/install/formas/bin'
[2.058s] Level 1:colcon.colcon_core.environment:create_environment_scripts_only(formas)
[2.058s] INFO:colcon.colcon_core.shell:Creating package script '/home/echedey/Desktop/TFG/TFGwebots_ws/install/formas/share/formas/package.ps1'
[2.059s] INFO:colcon.colcon_core.shell:Creating package descriptor '/home/echedey/Desktop/TFG/TFGwebots_ws/install/formas/share/formas/package.dsv'
[2.060s] INFO:colcon.colcon_core.shell:Creating package script '/home/echedey/Desktop/TFG/TFGwebots_ws/install/formas/share/formas/package.sh'
[2.060s] INFO:colcon.colcon_core.shell:Creating package script '/home/echedey/Desktop/TFG/TFGwebots_ws/install/formas/share/formas/package.bash'
[2.061s] INFO:colcon.colcon_core.shell:Creating package script '/home/echedey/Desktop/TFG/TFGwebots_ws/install/formas/share/formas/package.zsh'
[2.062s] Level 1:colcon.colcon_core.environment:create_file_with_runtime_dependencies(/home/echedey/Desktop/TFG/TFGwebots_ws/install/formas/share/colcon-core/packages/formas)
[2.064s] Level 1:colcon.colcon_core.shell:create_environment_hook('tb4_sim', 'pythonpath_develop')
[2.064s] INFO:colcon.colcon_core.shell:Creating environment hook '/home/echedey/Desktop/TFG/TFGwebots_ws/build/tb4_sim/share/tb4_sim/hook/pythonpath_develop.ps1'
[2.065s] DEBUG:colcon.colcon_core.event_handler.log_command:Invoked command in '/home/echedey/Desktop/TFG/TFGwebots_ws/build/tb4_sim' returned '0': PYTHONPATH=/home/echedey/Desktop/TFG/TFGwebots_ws/build/tb4_sim/prefix_override:/usr/lib/python3/dist-packages/colcon_core/task/python/colcon_distutils_commands:/home/echedey/Desktop/TFG/TFGwebots_ws/install/tb4_sim/lib/python3.10/site-packages:${PYTHONPATH} /usr/bin/python3 -W ignore:setup.py install is deprecated -W ignore:easy_install command is deprecated setup.py develop --editable --build-directory /home/echedey/Desktop/TFG/TFGwebots_ws/build/tb4_sim/build --no-deps symlink_data
[2.065s] INFO:colcon.colcon_core.shell:Creating environment descriptor '/home/echedey/Desktop/TFG/TFGwebots_ws/build/tb4_sim/share/tb4_sim/hook/pythonpath_develop.dsv'
[2.066s] INFO:colcon.colcon_core.shell:Creating environment hook '/home/echedey/Desktop/TFG/TFGwebots_ws/build/tb4_sim/share/tb4_sim/hook/pythonpath_develop.sh'
[2.066s] Level 1:colcon.colcon_core.environment:checking '/home/echedey/Desktop/TFG/TFGwebots_ws/install/tb4_sim' for CMake module files
[2.067s] Level 1:colcon.colcon_core.environment:checking '/home/echedey/Desktop/TFG/TFGwebots_ws/install/tb4_sim' for CMake config files
[2.068s] Level 1:colcon.colcon_core.environment:checking '/home/echedey/Desktop/TFG/TFGwebots_ws/install/tb4_sim/lib'
[2.068s] Level 1:colcon.colcon_core.environment:checking '/home/echedey/Desktop/TFG/TFGwebots_ws/install/tb4_sim/bin'
[2.068s] Level 1:colcon.colcon_core.environment:checking '/home/echedey/Desktop/TFG/TFGwebots_ws/install/tb4_sim/lib/pkgconfig/tb4_sim.pc'
[2.068s] Level 1:colcon.colcon_core.environment:checking '/home/echedey/Desktop/TFG/TFGwebots_ws/install/tb4_sim/lib/python3.10/site-packages'
[2.068s] Level 1:colcon.colcon_core.shell:create_environment_hook('tb4_sim', 'pythonpath')
[2.068s] INFO:colcon.colcon_core.shell:Creating environment hook '/home/echedey/Desktop/TFG/TFGwebots_ws/install/tb4_sim/share/tb4_sim/hook/pythonpath.ps1'
[2.069s] INFO:colcon.colcon_core.shell:Creating environment descriptor '/home/echedey/Desktop/TFG/TFGwebots_ws/install/tb4_sim/share/tb4_sim/hook/pythonpath.dsv'
[2.069s] INFO:colcon.colcon_core.shell:Creating environment hook '/home/echedey/Desktop/TFG/TFGwebots_ws/install/tb4_sim/share/tb4_sim/hook/pythonpath.sh'
[2.069s] Level 1:colcon.colcon_core.environment:checking '/home/echedey/Desktop/TFG/TFGwebots_ws/install/tb4_sim/bin'
[2.070s] Level 1:colcon.colcon_core.environment:create_environment_scripts_only(tb4_sim)
[2.070s] INFO:colcon.colcon_core.shell:Creating package script '/home/echedey/Desktop/TFG/TFGwebots_ws/install/tb4_sim/share/tb4_sim/package.ps1'
[2.070s] INFO:colcon.colcon_core.shell:Creating package descriptor '/home/echedey/Desktop/TFG/TFGwebots_ws/install/tb4_sim/share/tb4_sim/package.dsv'
[2.071s] INFO:colcon.colcon_core.shell:Creating package script '/home/echedey/Desktop/TFG/TFGwebots_ws/install/tb4_sim/share/tb4_sim/package.sh'
[2.071s] INFO:colcon.colcon_core.shell:Creating package script '/home/echedey/Desktop/TFG/TFGwebots_ws/install/tb4_sim/share/tb4_sim/package.bash'
[2.071s] INFO:colcon.colcon_core.shell:Creating package script '/home/echedey/Desktop/TFG/TFGwebots_ws/install/tb4_sim/share/tb4_sim/package.zsh'
[2.071s] Level 1:colcon.colcon_core.environment:create_file_with_runtime_dependencies(/home/echedey/Desktop/TFG/TFGwebots_ws/install/tb4_sim/share/colcon-core/packages/tb4_sim)
[2.072s] DEBUG:colcon.colcon_parallel_executor.executor.parallel:closing loop
[2.072s] DEBUG:colcon.colcon_parallel_executor.executor.parallel:loop closed
[2.072s] DEBUG:colcon.colcon_parallel_executor.executor.parallel:run_until_complete finished with '0'
[2.072s] DEBUG:colcon.colcon_core.event_reactor:joining thread
[2.079s] INFO:colcon.colcon_core.plugin_system:Skipping extension 'colcon_notification.desktop_notification.terminal_notifier': Not used on non-Darwin systems
[2.079s] INFO:colcon.colcon_core.plugin_system:Skipping extension 'colcon_notification.desktop_notification.win32': Not used on non-Windows systems
[2.080s] INFO:colcon.colcon_notification.desktop_notification:Sending desktop notification using 'notify2'
[2.101s] DEBUG:colcon.colcon_core.event_reactor:joined thread
[2.102s] INFO:colcon.colcon_core.shell:Creating prefix script '/home/echedey/Desktop/TFG/TFGwebots_ws/install/local_setup.ps1'
[2.103s] INFO:colcon.colcon_core.shell:Creating prefix util module '/home/echedey/Desktop/TFG/TFGwebots_ws/install/_local_setup_util_ps1.py'
[2.105s] INFO:colcon.colcon_core.shell:Creating prefix chain script '/home/echedey/Desktop/TFG/TFGwebots_ws/install/setup.ps1'
[2.106s] INFO:colcon.colcon_core.shell:Creating prefix script '/home/echedey/Desktop/TFG/TFGwebots_ws/install/local_setup.sh'
[2.106s] INFO:colcon.colcon_core.shell:Creating prefix util module '/home/echedey/Desktop/TFG/TFGwebots_ws/install/_local_setup_util_sh.py'
[2.107s] INFO:colcon.colcon_core.shell:Creating prefix chain script '/home/echedey/Desktop/TFG/TFGwebots_ws/install/setup.sh'
[2.108s] INFO:colcon.colcon_core.shell:Creating prefix script '/home/echedey/Desktop/TFG/TFGwebots_ws/install/local_setup.bash'
[2.109s] INFO:colcon.colcon_core.shell:Creating prefix chain script '/home/echedey/Desktop/TFG/TFGwebots_ws/install/setup.bash'
[2.109s] INFO:colcon.colcon_core.shell:Creating prefix script '/home/echedey/Desktop/TFG/TFGwebots_ws/install/local_setup.zsh'
[2.110s] INFO:colcon.colcon_core.shell:Creating prefix chain script '/home/echedey/Desktop/TFG/TFGwebots_ws/install/setup.zsh'
