[0.914s] Invoking command in '/home/echedey/Desktop/TFG/TFGwebots_ws/src/formas': PYTHONPATH=/home/echedey/Desktop/TFG/TFGwebots_ws/build/formas/prefix_override:/usr/lib/python3/dist-packages/colcon_core/task/python/colcon_distutils_commands:/home/echedey/Desktop/TFG/TFGwebots_ws/install/formas/lib/python3.10/site-packages:${PYTHONPATH} /usr/bin/python3 -W ignore:setup.py install is deprecated -W ignore:easy_install command is deprecated setup.py egg_info --egg-base ../../build/formas build --build-base /home/echedey/Desktop/TFG/TFGwebots_ws/build/formas/build install --record /home/echedey/Desktop/TFG/TFGwebots_ws/build/formas/install.log --single-version-externally-managed install_data
[1.147s] running egg_info
[1.148s] writing ../../build/formas/formas.egg-info/PKG-INFO
[1.148s] writing dependency_links to ../../build/formas/formas.egg-info/dependency_links.txt
[1.149s] writing entry points to ../../build/formas/formas.egg-info/entry_points.txt
[1.149s] writing requirements to ../../build/formas/formas.egg-info/requires.txt
[1.149s] writing top-level names to ../../build/formas/formas.egg-info/top_level.txt
[1.151s] reading manifest file '../../build/formas/formas.egg-info/SOURCES.txt'
[1.152s] writing manifest file '../../build/formas/formas.egg-info/SOURCES.txt'
[1.152s] running build
[1.152s] running build_py
[1.152s] copying formas/sala_ruido.py -> /home/echedey/Desktop/TFG/TFGwebots_ws/build/formas/build/lib/formas
[1.152s] running install
[1.153s] running install_lib
[1.154s] copying /home/echedey/Desktop/TFG/TFGwebots_ws/build/formas/build/lib/formas/sala_ruido.py -> /home/echedey/Desktop/TFG/TFGwebots_ws/install/formas/lib/python3.10/site-packages/formas
[1.154s] byte-compiling /home/echedey/Desktop/TFG/TFGwebots_ws/install/formas/lib/python3.10/site-packages/formas/sala_ruido.py to sala_ruido.cpython-310.pyc
[1.155s] running install_data
[1.155s] running install_egg_info
[1.158s] removing '/home/echedey/Desktop/TFG/TFGwebots_ws/install/formas/lib/python3.10/site-packages/formas-0.0.0-py3.10.egg-info' (and everything under it)
[1.159s] Copying ../../build/formas/formas.egg-info to /home/echedey/Desktop/TFG/TFGwebots_ws/install/formas/lib/python3.10/site-packages/formas-0.0.0-py3.10.egg-info
[1.160s] running install_scripts
[1.183s] Installing cuadrado script to /home/echedey/Desktop/TFG/TFGwebots_ws/install/formas/lib/formas
[1.183s] Installing linea_recta script to /home/echedey/Desktop/TFG/TFGwebots_ws/install/formas/lib/formas
[1.183s] Installing sala script to /home/echedey/Desktop/TFG/TFGwebots_ws/install/formas/lib/formas
[1.183s] Installing sala_ruido script to /home/echedey/Desktop/TFG/TFGwebots_ws/install/formas/lib/formas
[1.184s] writing list of installed files to '/home/echedey/Desktop/TFG/TFGwebots_ws/build/formas/install.log'
[1.236s] Invoked command in '/home/echedey/Desktop/TFG/TFGwebots_ws/src/formas' returned '0': PYTHONPATH=/home/echedey/Desktop/TFG/TFGwebots_ws/build/formas/prefix_override:/usr/lib/python3/dist-packages/colcon_core/task/python/colcon_distutils_commands:/home/echedey/Desktop/TFG/TFGwebots_ws/install/formas/lib/python3.10/site-packages:${PYTHONPATH} /usr/bin/python3 -W ignore:setup.py install is deprecated -W ignore:easy_install command is deprecated setup.py egg_info --egg-base ../../build/formas build --build-base /home/echedey/Desktop/TFG/TFGwebots_ws/build/formas/build install --record /home/echedey/Desktop/TFG/TFGwebots_ws/build/formas/install.log --single-version-externally-managed install_data
