[0.089s] DEBUG:colcon:Command line arguments: ['/usr/bin/colcon', 'build', '--symlink-install']
[0.090s] DEBUG:colcon:Parsed command line arguments: Namespace(log_base=None, log_level=None, verb_name='build', build_base='build', install_base='install', merge_install=False, symlink_install=True, test_result_base=None, continue_on_error=False, executor='parallel', parallel_workers=16, event_handlers=None, ignore_user_meta=False, metas=['./colcon.meta'], base_paths=['.'], packages_ignore=None, packages_ignore_regex=None, paths=None, packages_up_to=None, packages_up_to_regex=None, packages_above=None, packages_above_and_dependencies=None, packages_above_depth=None, packages_select_by_dep=None, packages_skip_by_dep=None, packages_skip_up_to=None, packages_select_build_failed=False, packages_skip_build_finished=False, packages_select_test_failures=False, packages_skip_test_passed=False, packages_select=None, packages_skip=None, packages_select_regex=None, packages_skip_regex=None, packages_start=None, packages_end=None, allow_overriding=[], cmake_args=None, cmake_target=None, cmake_target_skip_unavailable=False, cmake_clean_cache=False, cmake_clean_first=False, cmake_force_configure=False, ament_cmake_args=None, catkin_cmake_args=None, catkin_skip_building_tests=False, mixin_files=None, mixin=None, verb_parser=<colcon_mixin.mixin.mixin_argument.MixinArgumentDecorator object at 0x74878fa277f0>, verb_extension=<colcon_core.verb.build.BuildVerb object at 0x74878f9e0ee0>, main=<bound method BuildVerb.main of <colcon_core.verb.build.BuildVerb object at 0x74878f9e0ee0>>, mixin_verb=('build',))
[0.238s] Level 1:colcon.colcon_core.package_discovery:discover_packages(colcon_meta) check parameters
[0.239s] Level 1:colcon.colcon_core.package_discovery:discover_packages(recursive) check parameters
[0.239s] Level 1:colcon.colcon_core.package_discovery:discover_packages(ignore) check parameters
[0.239s] Level 1:colcon.colcon_core.package_discovery:discover_packages(path) check parameters
[0.239s] Level 1:colcon.colcon_core.package_discovery:discover_packages(colcon_meta) discover
[0.239s] Level 1:colcon.colcon_core.package_discovery:discover_packages(recursive) discover
[0.239s] INFO:colcon.colcon_core.package_discovery:Crawling recursively for packages in '/home/echedey/Desktop/TFG/TFGwebots_ws'
[0.239s] Level 1:colcon.colcon_core.package_identification:_identify(.) by extensions ['ignore', 'ignore_ament_install']
[0.239s] Level 1:colcon.colcon_core.package_identification:_identify(.) by extension 'ignore'
[0.239s] Level 1:colcon.colcon_core.package_identification:_identify(.) by extension 'ignore_ament_install'
[0.239s] Level 1:colcon.colcon_core.package_identification:_identify(.) by extensions ['colcon_pkg']
[0.239s] Level 1:colcon.colcon_core.package_identification:_identify(.) by extension 'colcon_pkg'
[0.239s] Level 1:colcon.colcon_core.package_identification:_identify(.) by extensions ['colcon_meta']
[0.239s] Level 1:colcon.colcon_core.package_identification:_identify(.) by extension 'colcon_meta'
[0.239s] Level 1:colcon.colcon_core.package_identification:_identify(.) by extensions ['ros']
[0.239s] Level 1:colcon.colcon_core.package_identification:_identify(.) by extension 'ros'
[0.248s] Level 1:colcon.colcon_core.package_identification:_identify(.) by extensions ['cmake', 'python']
[0.248s] Level 1:colcon.colcon_core.package_identification:_identify(.) by extension 'cmake'
[0.248s] Level 1:colcon.colcon_core.package_identification:_identify(.) by extension 'python'
[0.248s] Level 1:colcon.colcon_core.package_identification:_identify(.) by extensions ['python_setup_py']
[0.248s] Level 1:colcon.colcon_core.package_identification:_identify(.) by extension 'python_setup_py'
[0.248s] Level 1:colcon.colcon_core.package_identification:_identify(View_frames) by extensions ['ignore', 'ignore_ament_install']
[0.248s] Level 1:colcon.colcon_core.package_identification:_identify(View_frames) by extension 'ignore'
[0.248s] Level 1:colcon.colcon_core.package_identification:_identify(View_frames) by extension 'ignore_ament_install'
[0.248s] Level 1:colcon.colcon_core.package_identification:_identify(View_frames) by extensions ['colcon_pkg']
[0.248s] Level 1:colcon.colcon_core.package_identification:_identify(View_frames) by extension 'colcon_pkg'
[0.248s] Level 1:colcon.colcon_core.package_identification:_identify(View_frames) by extensions ['colcon_meta']
[0.248s] Level 1:colcon.colcon_core.package_identification:_identify(View_frames) by extension 'colcon_meta'
[0.248s] Level 1:colcon.colcon_core.package_identification:_identify(View_frames) by extensions ['ros']
[0.248s] Level 1:colcon.colcon_core.package_identification:_identify(View_frames) by extension 'ros'
[0.249s] Level 1:colcon.colcon_core.package_identification:_identify(View_frames) by extensions ['cmake', 'python']
[0.249s] Level 1:colcon.colcon_core.package_identification:_identify(View_frames) by extension 'cmake'
[0.249s] Level 1:colcon.colcon_core.package_identification:_identify(View_frames) by extension 'python'
[0.249s] Level 1:colcon.colcon_core.package_identification:_identify(View_frames) by extensions ['python_setup_py']
[0.249s] Level 1:colcon.colcon_core.package_identification:_identify(View_frames) by extension 'python_setup_py'
[0.249s] Level 1:colcon.colcon_core.package_identification:_identify(build) by extensions ['ignore', 'ignore_ament_install']
[0.249s] Level 1:colcon.colcon_core.package_identification:_identify(build) by extension 'ignore'
[0.249s] Level 1:colcon.colcon_core.package_identification:_identify(build) ignored
[0.249s] Level 1:colcon.colcon_core.package_identification:_identify(install) by extensions ['ignore', 'ignore_ament_install']
[0.249s] Level 1:colcon.colcon_core.package_identification:_identify(install) by extension 'ignore'
[0.249s] Level 1:colcon.colcon_core.package_identification:_identify(install) ignored
[0.249s] Level 1:colcon.colcon_core.package_identification:_identify(log) by extensions ['ignore', 'ignore_ament_install']
[0.249s] Level 1:colcon.colcon_core.package_identification:_identify(log) by extension 'ignore'
[0.249s] Level 1:colcon.colcon_core.package_identification:_identify(log) ignored
[0.249s] Level 1:colcon.colcon_core.package_identification:_identify(simulaciones) by extensions ['ignore', 'ignore_ament_install']
[0.249s] Level 1:colcon.colcon_core.package_identification:_identify(simulaciones) by extension 'ignore'
[0.249s] Level 1:colcon.colcon_core.package_identification:_identify(simulaciones) by extension 'ignore_ament_install'
[0.249s] Level 1:colcon.colcon_core.package_identification:_identify(simulaciones) by extensions ['colcon_pkg']
[0.249s] Level 1:colcon.colcon_core.package_identification:_identify(simulaciones) by extension 'colcon_pkg'
[0.249s] Level 1:colcon.colcon_core.package_identification:_identify(simulaciones) by extensions ['colcon_meta']
[0.249s] Level 1:colcon.colcon_core.package_identification:_identify(simulaciones) by extension 'colcon_meta'
[0.249s] Level 1:colcon.colcon_core.package_identification:_identify(simulaciones) by extensions ['ros']
[0.249s] Level 1:colcon.colcon_core.package_identification:_identify(simulaciones) by extension 'ros'
[0.250s] Level 1:colcon.colcon_core.package_identification:_identify(simulaciones) by extensions ['cmake', 'python']
[0.250s] Level 1:colcon.colcon_core.package_identification:_identify(simulaciones) by extension 'cmake'
[0.250s] Level 1:colcon.colcon_core.package_identification:_identify(simulaciones) by extension 'python'
[0.250s] Level 1:colcon.colcon_core.package_identification:_identify(simulaciones) by extensions ['python_setup_py']
[0.250s] Level 1:colcon.colcon_core.package_identification:_identify(simulaciones) by extension 'python_setup_py'
[0.250s] Level 1:colcon.colcon_core.package_identification:_identify(simulaciones/2025-06-08_22-51-24) by extensions ['ignore', 'ignore_ament_install']
[0.250s] Level 1:colcon.colcon_core.package_identification:_identify(simulaciones/2025-06-08_22-51-24) by extension 'ignore'
[0.250s] Level 1:colcon.colcon_core.package_identification:_identify(simulaciones/2025-06-08_22-51-24) by extension 'ignore_ament_install'
[0.250s] Level 1:colcon.colcon_core.package_identification:_identify(simulaciones/2025-06-08_22-51-24) by extensions ['colcon_pkg']
[0.250s] Level 1:colcon.colcon_core.package_identification:_identify(simulaciones/2025-06-08_22-51-24) by extension 'colcon_pkg'
[0.250s] Level 1:colcon.colcon_core.package_identification:_identify(simulaciones/2025-06-08_22-51-24) by extensions ['colcon_meta']
[0.250s] Level 1:colcon.colcon_core.package_identification:_identify(simulaciones/2025-06-08_22-51-24) by extension 'colcon_meta'
[0.250s] Level 1:colcon.colcon_core.package_identification:_identify(simulaciones/2025-06-08_22-51-24) by extensions ['ros']
[0.250s] Level 1:colcon.colcon_core.package_identification:_identify(simulaciones/2025-06-08_22-51-24) by extension 'ros'
[0.250s] Level 1:colcon.colcon_core.package_identification:_identify(simulaciones/2025-06-08_22-51-24) by extensions ['cmake', 'python']
[0.250s] Level 1:colcon.colcon_core.package_identification:_identify(simulaciones/2025-06-08_22-51-24) by extension 'cmake'
[0.250s] Level 1:colcon.colcon_core.package_identification:_identify(simulaciones/2025-06-08_22-51-24) by extension 'python'
[0.250s] Level 1:colcon.colcon_core.package_identification:_identify(simulaciones/2025-06-08_22-51-24) by extensions ['python_setup_py']
[0.250s] Level 1:colcon.colcon_core.package_identification:_identify(simulaciones/2025-06-08_22-51-24) by extension 'python_setup_py'
[0.250s] Level 1:colcon.colcon_core.package_identification:_identify(simulaciones/2025-06-08_22-55-16) by extensions ['ignore', 'ignore_ament_install']
[0.250s] Level 1:colcon.colcon_core.package_identification:_identify(simulaciones/2025-06-08_22-55-16) by extension 'ignore'
[0.250s] Level 1:colcon.colcon_core.package_identification:_identify(simulaciones/2025-06-08_22-55-16) by extension 'ignore_ament_install'
[0.250s] Level 1:colcon.colcon_core.package_identification:_identify(simulaciones/2025-06-08_22-55-16) by extensions ['colcon_pkg']
[0.250s] Level 1:colcon.colcon_core.package_identification:_identify(simulaciones/2025-06-08_22-55-16) by extension 'colcon_pkg'
[0.250s] Level 1:colcon.colcon_core.package_identification:_identify(simulaciones/2025-06-08_22-55-16) by extensions ['colcon_meta']
[0.250s] Level 1:colcon.colcon_core.package_identification:_identify(simulaciones/2025-06-08_22-55-16) by extension 'colcon_meta'
[0.250s] Level 1:colcon.colcon_core.package_identification:_identify(simulaciones/2025-06-08_22-55-16) by extensions ['ros']
[0.250s] Level 1:colcon.colcon_core.package_identification:_identify(simulaciones/2025-06-08_22-55-16) by extension 'ros'
[0.251s] Level 1:colcon.colcon_core.package_identification:_identify(simulaciones/2025-06-08_22-55-16) by extensions ['cmake', 'python']
[0.251s] Level 1:colcon.colcon_core.package_identification:_identify(simulaciones/2025-06-08_22-55-16) by extension 'cmake'
[0.251s] Level 1:colcon.colcon_core.package_identification:_identify(simulaciones/2025-06-08_22-55-16) by extension 'python'
[0.251s] Level 1:colcon.colcon_core.package_identification:_identify(simulaciones/2025-06-08_22-55-16) by extensions ['python_setup_py']
[0.251s] Level 1:colcon.colcon_core.package_identification:_identify(simulaciones/2025-06-08_22-55-16) by extension 'python_setup_py'
[0.251s] Level 1:colcon.colcon_core.package_identification:_identify(simulaciones/2025-06-08_22-55-51) by extensions ['ignore', 'ignore_ament_install']
[0.251s] Level 1:colcon.colcon_core.package_identification:_identify(simulaciones/2025-06-08_22-55-51) by extension 'ignore'
[0.251s] Level 1:colcon.colcon_core.package_identification:_identify(simulaciones/2025-06-08_22-55-51) by extension 'ignore_ament_install'
[0.251s] Level 1:colcon.colcon_core.package_identification:_identify(simulaciones/2025-06-08_22-55-51) by extensions ['colcon_pkg']
[0.251s] Level 1:colcon.colcon_core.package_identification:_identify(simulaciones/2025-06-08_22-55-51) by extension 'colcon_pkg'
[0.251s] Level 1:colcon.colcon_core.package_identification:_identify(simulaciones/2025-06-08_22-55-51) by extensions ['colcon_meta']
[0.251s] Level 1:colcon.colcon_core.package_identification:_identify(simulaciones/2025-06-08_22-55-51) by extension 'colcon_meta'
[0.251s] Level 1:colcon.colcon_core.package_identification:_identify(simulaciones/2025-06-08_22-55-51) by extensions ['ros']
[0.251s] Level 1:colcon.colcon_core.package_identification:_identify(simulaciones/2025-06-08_22-55-51) by extension 'ros'
[0.251s] Level 1:colcon.colcon_core.package_identification:_identify(simulaciones/2025-06-08_22-55-51) by extensions ['cmake', 'python']
[0.251s] Level 1:colcon.colcon_core.package_identification:_identify(simulaciones/2025-06-08_22-55-51) by extension 'cmake'
[0.251s] Level 1:colcon.colcon_core.package_identification:_identify(simulaciones/2025-06-08_22-55-51) by extension 'python'
[0.251s] Level 1:colcon.colcon_core.package_identification:_identify(simulaciones/2025-06-08_22-55-51) by extensions ['python_setup_py']
[0.251s] Level 1:colcon.colcon_core.package_identification:_identify(simulaciones/2025-06-08_22-55-51) by extension 'python_setup_py'
[0.251s] Level 1:colcon.colcon_core.package_identification:_identify(simulaciones/2025-06-08_23-08-58) by extensions ['ignore', 'ignore_ament_install']
[0.251s] Level 1:colcon.colcon_core.package_identification:_identify(simulaciones/2025-06-08_23-08-58) by extension 'ignore'
[0.251s] Level 1:colcon.colcon_core.package_identification:_identify(simulaciones/2025-06-08_23-08-58) by extension 'ignore_ament_install'
[0.251s] Level 1:colcon.colcon_core.package_identification:_identify(simulaciones/2025-06-08_23-08-58) by extensions ['colcon_pkg']
[0.251s] Level 1:colcon.colcon_core.package_identification:_identify(simulaciones/2025-06-08_23-08-58) by extension 'colcon_pkg'
[0.251s] Level 1:colcon.colcon_core.package_identification:_identify(simulaciones/2025-06-08_23-08-58) by extensions ['colcon_meta']
[0.251s] Level 1:colcon.colcon_core.package_identification:_identify(simulaciones/2025-06-08_23-08-58) by extension 'colcon_meta'
[0.251s] Level 1:colcon.colcon_core.package_identification:_identify(simulaciones/2025-06-08_23-08-58) by extensions ['ros']
[0.251s] Level 1:colcon.colcon_core.package_identification:_identify(simulaciones/2025-06-08_23-08-58) by extension 'ros'
[0.252s] Level 1:colcon.colcon_core.package_identification:_identify(simulaciones/2025-06-08_23-08-58) by extensions ['cmake', 'python']
[0.252s] Level 1:colcon.colcon_core.package_identification:_identify(simulaciones/2025-06-08_23-08-58) by extension 'cmake'
[0.252s] Level 1:colcon.colcon_core.package_identification:_identify(simulaciones/2025-06-08_23-08-58) by extension 'python'
[0.252s] Level 1:colcon.colcon_core.package_identification:_identify(simulaciones/2025-06-08_23-08-58) by extensions ['python_setup_py']
[0.252s] Level 1:colcon.colcon_core.package_identification:_identify(simulaciones/2025-06-08_23-08-58) by extension 'python_setup_py'
[0.252s] Level 1:colcon.colcon_core.package_identification:_identify(simulaciones/2025-06-08_23-09-58) by extensions ['ignore', 'ignore_ament_install']
[0.252s] Level 1:colcon.colcon_core.package_identification:_identify(simulaciones/2025-06-08_23-09-58) by extension 'ignore'
[0.252s] Level 1:colcon.colcon_core.package_identification:_identify(simulaciones/2025-06-08_23-09-58) by extension 'ignore_ament_install'
[0.252s] Level 1:colcon.colcon_core.package_identification:_identify(simulaciones/2025-06-08_23-09-58) by extensions ['colcon_pkg']
[0.252s] Level 1:colcon.colcon_core.package_identification:_identify(simulaciones/2025-06-08_23-09-58) by extension 'colcon_pkg'
[0.252s] Level 1:colcon.colcon_core.package_identification:_identify(simulaciones/2025-06-08_23-09-58) by extensions ['colcon_meta']
[0.252s] Level 1:colcon.colcon_core.package_identification:_identify(simulaciones/2025-06-08_23-09-58) by extension 'colcon_meta'
[0.252s] Level 1:colcon.colcon_core.package_identification:_identify(simulaciones/2025-06-08_23-09-58) by extensions ['ros']
[0.252s] Level 1:colcon.colcon_core.package_identification:_identify(simulaciones/2025-06-08_23-09-58) by extension 'ros'
[0.252s] Level 1:colcon.colcon_core.package_identification:_identify(simulaciones/2025-06-08_23-09-58) by extensions ['cmake', 'python']
[0.252s] Level 1:colcon.colcon_core.package_identification:_identify(simulaciones/2025-06-08_23-09-58) by extension 'cmake'
[0.252s] Level 1:colcon.colcon_core.package_identification:_identify(simulaciones/2025-06-08_23-09-58) by extension 'python'
[0.252s] Level 1:colcon.colcon_core.package_identification:_identify(simulaciones/2025-06-08_23-09-58) by extensions ['python_setup_py']
[0.252s] Level 1:colcon.colcon_core.package_identification:_identify(simulaciones/2025-06-08_23-09-58) by extension 'python_setup_py'
[0.252s] Level 1:colcon.colcon_core.package_identification:_identify(simulaciones/2025-06-08_23-13-10) by extensions ['ignore', 'ignore_ament_install']
[0.252s] Level 1:colcon.colcon_core.package_identification:_identify(simulaciones/2025-06-08_23-13-10) by extension 'ignore'
[0.252s] Level 1:colcon.colcon_core.package_identification:_identify(simulaciones/2025-06-08_23-13-10) by extension 'ignore_ament_install'
[0.252s] Level 1:colcon.colcon_core.package_identification:_identify(simulaciones/2025-06-08_23-13-10) by extensions ['colcon_pkg']
[0.252s] Level 1:colcon.colcon_core.package_identification:_identify(simulaciones/2025-06-08_23-13-10) by extension 'colcon_pkg'
[0.252s] Level 1:colcon.colcon_core.package_identification:_identify(simulaciones/2025-06-08_23-13-10) by extensions ['colcon_meta']
[0.252s] Level 1:colcon.colcon_core.package_identification:_identify(simulaciones/2025-06-08_23-13-10) by extension 'colcon_meta'
[0.252s] Level 1:colcon.colcon_core.package_identification:_identify(simulaciones/2025-06-08_23-13-10) by extensions ['ros']
[0.253s] Level 1:colcon.colcon_core.package_identification:_identify(simulaciones/2025-06-08_23-13-10) by extension 'ros'
[0.253s] Level 1:colcon.colcon_core.package_identification:_identify(simulaciones/2025-06-08_23-13-10) by extensions ['cmake', 'python']
[0.253s] Level 1:colcon.colcon_core.package_identification:_identify(simulaciones/2025-06-08_23-13-10) by extension 'cmake'
[0.253s] Level 1:colcon.colcon_core.package_identification:_identify(simulaciones/2025-06-08_23-13-10) by extension 'python'
[0.253s] Level 1:colcon.colcon_core.package_identification:_identify(simulaciones/2025-06-08_23-13-10) by extensions ['python_setup_py']
[0.253s] Level 1:colcon.colcon_core.package_identification:_identify(simulaciones/2025-06-08_23-13-10) by extension 'python_setup_py'
[0.253s] Level 1:colcon.colcon_core.package_identification:_identify(simulaciones/2025-06-08_23-13-32) by extensions ['ignore', 'ignore_ament_install']
[0.253s] Level 1:colcon.colcon_core.package_identification:_identify(simulaciones/2025-06-08_23-13-32) by extension 'ignore'
[0.253s] Level 1:colcon.colcon_core.package_identification:_identify(simulaciones/2025-06-08_23-13-32) by extension 'ignore_ament_install'
[0.253s] Level 1:colcon.colcon_core.package_identification:_identify(simulaciones/2025-06-08_23-13-32) by extensions ['colcon_pkg']
[0.253s] Level 1:colcon.colcon_core.package_identification:_identify(simulaciones/2025-06-08_23-13-32) by extension 'colcon_pkg'
[0.253s] Level 1:colcon.colcon_core.package_identification:_identify(simulaciones/2025-06-08_23-13-32) by extensions ['colcon_meta']
[0.253s] Level 1:colcon.colcon_core.package_identification:_identify(simulaciones/2025-06-08_23-13-32) by extension 'colcon_meta'
[0.253s] Level 1:colcon.colcon_core.package_identification:_identify(simulaciones/2025-06-08_23-13-32) by extensions ['ros']
[0.253s] Level 1:colcon.colcon_core.package_identification:_identify(simulaciones/2025-06-08_23-13-32) by extension 'ros'
[0.253s] Level 1:colcon.colcon_core.package_identification:_identify(simulaciones/2025-06-08_23-13-32) by extensions ['cmake', 'python']
[0.253s] Level 1:colcon.colcon_core.package_identification:_identify(simulaciones/2025-06-08_23-13-32) by extension 'cmake'
[0.253s] Level 1:colcon.colcon_core.package_identification:_identify(simulaciones/2025-06-08_23-13-32) by extension 'python'
[0.253s] Level 1:colcon.colcon_core.package_identification:_identify(simulaciones/2025-06-08_23-13-32) by extensions ['python_setup_py']
[0.253s] Level 1:colcon.colcon_core.package_identification:_identify(simulaciones/2025-06-08_23-13-32) by extension 'python_setup_py'
[0.253s] Level 1:colcon.colcon_core.package_identification:_identify(simulaciones/Prueba_2) by extensions ['ignore', 'ignore_ament_install']
[0.253s] Level 1:colcon.colcon_core.package_identification:_identify(simulaciones/Prueba_2) by extension 'ignore'
[0.253s] Level 1:colcon.colcon_core.package_identification:_identify(simulaciones/Prueba_2) by extension 'ignore_ament_install'
[0.253s] Level 1:colcon.colcon_core.package_identification:_identify(simulaciones/Prueba_2) by extensions ['colcon_pkg']
[0.253s] Level 1:colcon.colcon_core.package_identification:_identify(simulaciones/Prueba_2) by extension 'colcon_pkg'
[0.253s] Level 1:colcon.colcon_core.package_identification:_identify(simulaciones/Prueba_2) by extensions ['colcon_meta']
[0.253s] Level 1:colcon.colcon_core.package_identification:_identify(simulaciones/Prueba_2) by extension 'colcon_meta'
[0.254s] Level 1:colcon.colcon_core.package_identification:_identify(simulaciones/Prueba_2) by extensions ['ros']
[0.254s] Level 1:colcon.colcon_core.package_identification:_identify(simulaciones/Prueba_2) by extension 'ros'
[0.254s] Level 1:colcon.colcon_core.package_identification:_identify(simulaciones/Prueba_2) by extensions ['cmake', 'python']
[0.254s] Level 1:colcon.colcon_core.package_identification:_identify(simulaciones/Prueba_2) by extension 'cmake'
[0.254s] Level 1:colcon.colcon_core.package_identification:_identify(simulaciones/Prueba_2) by extension 'python'
[0.254s] Level 1:colcon.colcon_core.package_identification:_identify(simulaciones/Prueba_2) by extensions ['python_setup_py']
[0.254s] Level 1:colcon.colcon_core.package_identification:_identify(simulaciones/Prueba_2) by extension 'python_setup_py'
[0.254s] Level 1:colcon.colcon_core.package_identification:_identify(simulaciones/Prueba_3) by extensions ['ignore', 'ignore_ament_install']
[0.254s] Level 1:colcon.colcon_core.package_identification:_identify(simulaciones/Prueba_3) by extension 'ignore'
[0.254s] Level 1:colcon.colcon_core.package_identification:_identify(simulaciones/Prueba_3) by extension 'ignore_ament_install'
[0.254s] Level 1:colcon.colcon_core.package_identification:_identify(simulaciones/Prueba_3) by extensions ['colcon_pkg']
[0.254s] Level 1:colcon.colcon_core.package_identification:_identify(simulaciones/Prueba_3) by extension 'colcon_pkg'
[0.254s] Level 1:colcon.colcon_core.package_identification:_identify(simulaciones/Prueba_3) by extensions ['colcon_meta']
[0.254s] Level 1:colcon.colcon_core.package_identification:_identify(simulaciones/Prueba_3) by extension 'colcon_meta'
[0.254s] Level 1:colcon.colcon_core.package_identification:_identify(simulaciones/Prueba_3) by extensions ['ros']
[0.254s] Level 1:colcon.colcon_core.package_identification:_identify(simulaciones/Prueba_3) by extension 'ros'
[0.254s] Level 1:colcon.colcon_core.package_identification:_identify(simulaciones/Prueba_3) by extensions ['cmake', 'python']
[0.254s] Level 1:colcon.colcon_core.package_identification:_identify(simulaciones/Prueba_3) by extension 'cmake'
[0.254s] Level 1:colcon.colcon_core.package_identification:_identify(simulaciones/Prueba_3) by extension 'python'
[0.254s] Level 1:colcon.colcon_core.package_identification:_identify(simulaciones/Prueba_3) by extensions ['python_setup_py']
[0.254s] Level 1:colcon.colcon_core.package_identification:_identify(simulaciones/Prueba_3) by extension 'python_setup_py'
[0.254s] Level 1:colcon.colcon_core.package_identification:_identify(simulaciones/Prueba_4) by extensions ['ignore', 'ignore_ament_install']
[0.254s] Level 1:colcon.colcon_core.package_identification:_identify(simulaciones/Prueba_4) by extension 'ignore'
[0.254s] Level 1:colcon.colcon_core.package_identification:_identify(simulaciones/Prueba_4) by extension 'ignore_ament_install'
[0.254s] Level 1:colcon.colcon_core.package_identification:_identify(simulaciones/Prueba_4) by extensions ['colcon_pkg']
[0.254s] Level 1:colcon.colcon_core.package_identification:_identify(simulaciones/Prueba_4) by extension 'colcon_pkg'
[0.254s] Level 1:colcon.colcon_core.package_identification:_identify(simulaciones/Prueba_4) by extensions ['colcon_meta']
[0.254s] Level 1:colcon.colcon_core.package_identification:_identify(simulaciones/Prueba_4) by extension 'colcon_meta'
[0.255s] Level 1:colcon.colcon_core.package_identification:_identify(simulaciones/Prueba_4) by extensions ['ros']
[0.255s] Level 1:colcon.colcon_core.package_identification:_identify(simulaciones/Prueba_4) by extension 'ros'
[0.255s] Level 1:colcon.colcon_core.package_identification:_identify(simulaciones/Prueba_4) by extensions ['cmake', 'python']
[0.255s] Level 1:colcon.colcon_core.package_identification:_identify(simulaciones/Prueba_4) by extension 'cmake'
[0.255s] Level 1:colcon.colcon_core.package_identification:_identify(simulaciones/Prueba_4) by extension 'python'
[0.255s] Level 1:colcon.colcon_core.package_identification:_identify(simulaciones/Prueba_4) by extensions ['python_setup_py']
[0.255s] Level 1:colcon.colcon_core.package_identification:_identify(simulaciones/Prueba_4) by extension 'python_setup_py'
[0.255s] Level 1:colcon.colcon_core.package_identification:_identify(simulaciones/Prueba_5) by extensions ['ignore', 'ignore_ament_install']
[0.255s] Level 1:colcon.colcon_core.package_identification:_identify(simulaciones/Prueba_5) by extension 'ignore'
[0.255s] Level 1:colcon.colcon_core.package_identification:_identify(simulaciones/Prueba_5) by extension 'ignore_ament_install'
[0.255s] Level 1:colcon.colcon_core.package_identification:_identify(simulaciones/Prueba_5) by extensions ['colcon_pkg']
[0.255s] Level 1:colcon.colcon_core.package_identification:_identify(simulaciones/Prueba_5) by extension 'colcon_pkg'
[0.255s] Level 1:colcon.colcon_core.package_identification:_identify(simulaciones/Prueba_5) by extensions ['colcon_meta']
[0.255s] Level 1:colcon.colcon_core.package_identification:_identify(simulaciones/Prueba_5) by extension 'colcon_meta'
[0.255s] Level 1:colcon.colcon_core.package_identification:_identify(simulaciones/Prueba_5) by extensions ['ros']
[0.255s] Level 1:colcon.colcon_core.package_identification:_identify(simulaciones/Prueba_5) by extension 'ros'
[0.255s] Level 1:colcon.colcon_core.package_identification:_identify(simulaciones/Prueba_5) by extensions ['cmake', 'python']
[0.255s] Level 1:colcon.colcon_core.package_identification:_identify(simulaciones/Prueba_5) by extension 'cmake'
[0.255s] Level 1:colcon.colcon_core.package_identification:_identify(simulaciones/Prueba_5) by extension 'python'
[0.255s] Level 1:colcon.colcon_core.package_identification:_identify(simulaciones/Prueba_5) by extensions ['python_setup_py']
[0.255s] Level 1:colcon.colcon_core.package_identification:_identify(simulaciones/Prueba_5) by extension 'python_setup_py'
[0.255s] Level 1:colcon.colcon_core.package_identification:_identify(simulaciones/Prueba_6) by extensions ['ignore', 'ignore_ament_install']
[0.256s] Level 1:colcon.colcon_core.package_identification:_identify(simulaciones/Prueba_6) by extension 'ignore'
[0.257s] Level 1:colcon.colcon_core.package_identification:_identify(simulaciones/Prueba_6) by extension 'ignore_ament_install'
[0.257s] Level 1:colcon.colcon_core.package_identification:_identify(simulaciones/Prueba_6) by extensions ['colcon_pkg']
[0.257s] Level 1:colcon.colcon_core.package_identification:_identify(simulaciones/Prueba_6) by extension 'colcon_pkg'
[0.257s] Level 1:colcon.colcon_core.package_identification:_identify(simulaciones/Prueba_6) by extensions ['colcon_meta']
[0.257s] Level 1:colcon.colcon_core.package_identification:_identify(simulaciones/Prueba_6) by extension 'colcon_meta'
[0.257s] Level 1:colcon.colcon_core.package_identification:_identify(simulaciones/Prueba_6) by extensions ['ros']
[0.257s] Level 1:colcon.colcon_core.package_identification:_identify(simulaciones/Prueba_6) by extension 'ros'
[0.257s] Level 1:colcon.colcon_core.package_identification:_identify(simulaciones/Prueba_6) by extensions ['cmake', 'python']
[0.257s] Level 1:colcon.colcon_core.package_identification:_identify(simulaciones/Prueba_6) by extension 'cmake'
[0.257s] Level 1:colcon.colcon_core.package_identification:_identify(simulaciones/Prueba_6) by extension 'python'
[0.257s] Level 1:colcon.colcon_core.package_identification:_identify(simulaciones/Prueba_6) by extensions ['python_setup_py']
[0.257s] Level 1:colcon.colcon_core.package_identification:_identify(simulaciones/Prueba_6) by extension 'python_setup_py'
[0.257s] Level 1:colcon.colcon_core.package_identification:_identify(simulaciones/Prueba_7) by extensions ['ignore', 'ignore_ament_install']
[0.257s] Level 1:colcon.colcon_core.package_identification:_identify(simulaciones/Prueba_7) by extension 'ignore'
[0.257s] Level 1:colcon.colcon_core.package_identification:_identify(simulaciones/Prueba_7) by extension 'ignore_ament_install'
[0.257s] Level 1:colcon.colcon_core.package_identification:_identify(simulaciones/Prueba_7) by extensions ['colcon_pkg']
[0.257s] Level 1:colcon.colcon_core.package_identification:_identify(simulaciones/Prueba_7) by extension 'colcon_pkg'
[0.257s] Level 1:colcon.colcon_core.package_identification:_identify(simulaciones/Prueba_7) by extensions ['colcon_meta']
[0.257s] Level 1:colcon.colcon_core.package_identification:_identify(simulaciones/Prueba_7) by extension 'colcon_meta'
[0.257s] Level 1:colcon.colcon_core.package_identification:_identify(simulaciones/Prueba_7) by extensions ['ros']
[0.257s] Level 1:colcon.colcon_core.package_identification:_identify(simulaciones/Prueba_7) by extension 'ros'
[0.257s] Level 1:colcon.colcon_core.package_identification:_identify(simulaciones/Prueba_7) by extensions ['cmake', 'python']
[0.257s] Level 1:colcon.colcon_core.package_identification:_identify(simulaciones/Prueba_7) by extension 'cmake'
[0.257s] Level 1:colcon.colcon_core.package_identification:_identify(simulaciones/Prueba_7) by extension 'python'
[0.257s] Level 1:colcon.colcon_core.package_identification:_identify(simulaciones/Prueba_7) by extensions ['python_setup_py']
[0.258s] Level 1:colcon.colcon_core.package_identification:_identify(simulaciones/Prueba_7) by extension 'python_setup_py'
[0.258s] Level 1:colcon.colcon_core.package_identification:_identify(simulaciones/Prueba_8) by extensions ['ignore', 'ignore_ament_install']
[0.258s] Level 1:colcon.colcon_core.package_identification:_identify(simulaciones/Prueba_8) by extension 'ignore'
[0.258s] Level 1:colcon.colcon_core.package_identification:_identify(simulaciones/Prueba_8) by extension 'ignore_ament_install'
[0.258s] Level 1:colcon.colcon_core.package_identification:_identify(simulaciones/Prueba_8) by extensions ['colcon_pkg']
[0.258s] Level 1:colcon.colcon_core.package_identification:_identify(simulaciones/Prueba_8) by extension 'colcon_pkg'
[0.258s] Level 1:colcon.colcon_core.package_identification:_identify(simulaciones/Prueba_8) by extensions ['colcon_meta']
[0.258s] Level 1:colcon.colcon_core.package_identification:_identify(simulaciones/Prueba_8) by extension 'colcon_meta'
[0.258s] Level 1:colcon.colcon_core.package_identification:_identify(simulaciones/Prueba_8) by extensions ['ros']
[0.258s] Level 1:colcon.colcon_core.package_identification:_identify(simulaciones/Prueba_8) by extension 'ros'
[0.258s] Level 1:colcon.colcon_core.package_identification:_identify(simulaciones/Prueba_8) by extensions ['cmake', 'python']
[0.258s] Level 1:colcon.colcon_core.package_identification:_identify(simulaciones/Prueba_8) by extension 'cmake'
[0.258s] Level 1:colcon.colcon_core.package_identification:_identify(simulaciones/Prueba_8) by extension 'python'
[0.258s] Level 1:colcon.colcon_core.package_identification:_identify(simulaciones/Prueba_8) by extensions ['python_setup_py']
[0.258s] Level 1:colcon.colcon_core.package_identification:_identify(simulaciones/Prueba_8) by extension 'python_setup_py'
[0.258s] Level 1:colcon.colcon_core.package_identification:_identify(simulaciones/Prueba_9) by extensions ['ignore', 'ignore_ament_install']
[0.258s] Level 1:colcon.colcon_core.package_identification:_identify(simulaciones/Prueba_9) by extension 'ignore'
[0.258s] Level 1:colcon.colcon_core.package_identification:_identify(simulaciones/Prueba_9) by extension 'ignore_ament_install'
[0.258s] Level 1:colcon.colcon_core.package_identification:_identify(simulaciones/Prueba_9) by extensions ['colcon_pkg']
[0.258s] Level 1:colcon.colcon_core.package_identification:_identify(simulaciones/Prueba_9) by extension 'colcon_pkg'
[0.258s] Level 1:colcon.colcon_core.package_identification:_identify(simulaciones/Prueba_9) by extensions ['colcon_meta']
[0.258s] Level 1:colcon.colcon_core.package_identification:_identify(simulaciones/Prueba_9) by extension 'colcon_meta'
[0.258s] Level 1:colcon.colcon_core.package_identification:_identify(simulaciones/Prueba_9) by extensions ['ros']
[0.258s] Level 1:colcon.colcon_core.package_identification:_identify(simulaciones/Prueba_9) by extension 'ros'
[0.258s] Level 1:colcon.colcon_core.package_identification:_identify(simulaciones/Prueba_9) by extensions ['cmake', 'python']
[0.258s] Level 1:colcon.colcon_core.package_identification:_identify(simulaciones/Prueba_9) by extension 'cmake'
[0.258s] Level 1:colcon.colcon_core.package_identification:_identify(simulaciones/Prueba_9) by extension 'python'
[0.258s] Level 1:colcon.colcon_core.package_identification:_identify(simulaciones/Prueba_9) by extensions ['python_setup_py']
[0.258s] Level 1:colcon.colcon_core.package_identification:_identify(simulaciones/Prueba_9) by extension 'python_setup_py'
[0.259s] Level 1:colcon.colcon_core.package_identification:_identify(simulaciones/Prueba_general_1) by extensions ['ignore', 'ignore_ament_install']
[0.259s] Level 1:colcon.colcon_core.package_identification:_identify(simulaciones/Prueba_general_1) by extension 'ignore'
[0.259s] Level 1:colcon.colcon_core.package_identification:_identify(simulaciones/Prueba_general_1) by extension 'ignore_ament_install'
[0.259s] Level 1:colcon.colcon_core.package_identification:_identify(simulaciones/Prueba_general_1) by extensions ['colcon_pkg']
[0.259s] Level 1:colcon.colcon_core.package_identification:_identify(simulaciones/Prueba_general_1) by extension 'colcon_pkg'
[0.259s] Level 1:colcon.colcon_core.package_identification:_identify(simulaciones/Prueba_general_1) by extensions ['colcon_meta']
[0.259s] Level 1:colcon.colcon_core.package_identification:_identify(simulaciones/Prueba_general_1) by extension 'colcon_meta'
[0.259s] Level 1:colcon.colcon_core.package_identification:_identify(simulaciones/Prueba_general_1) by extensions ['ros']
[0.259s] Level 1:colcon.colcon_core.package_identification:_identify(simulaciones/Prueba_general_1) by extension 'ros'
[0.259s] Level 1:colcon.colcon_core.package_identification:_identify(simulaciones/Prueba_general_1) by extensions ['cmake', 'python']
[0.259s] Level 1:colcon.colcon_core.package_identification:_identify(simulaciones/Prueba_general_1) by extension 'cmake'
[0.259s] Level 1:colcon.colcon_core.package_identification:_identify(simulaciones/Prueba_general_1) by extension 'python'
[0.259s] Level 1:colcon.colcon_core.package_identification:_identify(simulaciones/Prueba_general_1) by extensions ['python_setup_py']
[0.259s] Level 1:colcon.colcon_core.package_identification:_identify(simulaciones/Prueba_general_1) by extension 'python_setup_py'
[0.259s] Level 1:colcon.colcon_core.package_identification:_identify(simulaciones/Prueba_general_1/pruebaGeneral_1) by extensions ['ignore', 'ignore_ament_install']
[0.259s] Level 1:colcon.colcon_core.package_identification:_identify(simulaciones/Prueba_general_1/pruebaGeneral_1) by extension 'ignore'
[0.259s] Level 1:colcon.colcon_core.package_identification:_identify(simulaciones/Prueba_general_1/pruebaGeneral_1) by extension 'ignore_ament_install'
[0.259s] Level 1:colcon.colcon_core.package_identification:_identify(simulaciones/Prueba_general_1/pruebaGeneral_1) by extensions ['colcon_pkg']
[0.259s] Level 1:colcon.colcon_core.package_identification:_identify(simulaciones/Prueba_general_1/pruebaGeneral_1) by extension 'colcon_pkg'
[0.259s] Level 1:colcon.colcon_core.package_identification:_identify(simulaciones/Prueba_general_1/pruebaGeneral_1) by extensions ['colcon_meta']
[0.259s] Level 1:colcon.colcon_core.package_identification:_identify(simulaciones/Prueba_general_1/pruebaGeneral_1) by extension 'colcon_meta'
[0.259s] Level 1:colcon.colcon_core.package_identification:_identify(simulaciones/Prueba_general_1/pruebaGeneral_1) by extensions ['ros']
[0.259s] Level 1:colcon.colcon_core.package_identification:_identify(simulaciones/Prueba_general_1/pruebaGeneral_1) by extension 'ros'
[0.259s] Level 1:colcon.colcon_core.package_identification:_identify(simulaciones/Prueba_general_1/pruebaGeneral_1) by extensions ['cmake', 'python']
[0.259s] Level 1:colcon.colcon_core.package_identification:_identify(simulaciones/Prueba_general_1/pruebaGeneral_1) by extension 'cmake'
[0.259s] Level 1:colcon.colcon_core.package_identification:_identify(simulaciones/Prueba_general_1/pruebaGeneral_1) by extension 'python'
[0.259s] Level 1:colcon.colcon_core.package_identification:_identify(simulaciones/Prueba_general_1/pruebaGeneral_1) by extensions ['python_setup_py']
[0.259s] Level 1:colcon.colcon_core.package_identification:_identify(simulaciones/Prueba_general_1/pruebaGeneral_1) by extension 'python_setup_py'
[0.260s] Level 1:colcon.colcon_core.package_identification:_identify(src) by extensions ['ignore', 'ignore_ament_install']
[0.260s] Level 1:colcon.colcon_core.package_identification:_identify(src) by extension 'ignore'
[0.260s] Level 1:colcon.colcon_core.package_identification:_identify(src) by extension 'ignore_ament_install'
[0.260s] Level 1:colcon.colcon_core.package_identification:_identify(src) by extensions ['colcon_pkg']
[0.260s] Level 1:colcon.colcon_core.package_identification:_identify(src) by extension 'colcon_pkg'
[0.260s] Level 1:colcon.colcon_core.package_identification:_identify(src) by extensions ['colcon_meta']
[0.260s] Level 1:colcon.colcon_core.package_identification:_identify(src) by extension 'colcon_meta'
[0.260s] Level 1:colcon.colcon_core.package_identification:_identify(src) by extensions ['ros']
[0.260s] Level 1:colcon.colcon_core.package_identification:_identify(src) by extension 'ros'
[0.260s] Level 1:colcon.colcon_core.package_identification:_identify(src) by extensions ['cmake', 'python']
[0.260s] Level 1:colcon.colcon_core.package_identification:_identify(src) by extension 'cmake'
[0.260s] Level 1:colcon.colcon_core.package_identification:_identify(src) by extension 'python'
[0.260s] Level 1:colcon.colcon_core.package_identification:_identify(src) by extensions ['python_setup_py']
[0.260s] Level 1:colcon.colcon_core.package_identification:_identify(src) by extension 'python_setup_py'
[0.260s] Level 1:colcon.colcon_core.package_identification:_identify(src/depthai-ros) by extensions ['ignore', 'ignore_ament_install']
[0.260s] Level 1:colcon.colcon_core.package_identification:_identify(src/depthai-ros) by extension 'ignore'
[0.260s] Level 1:colcon.colcon_core.package_identification:_identify(src/depthai-ros) by extension 'ignore_ament_install'
[0.260s] Level 1:colcon.colcon_core.package_identification:_identify(src/depthai-ros) by extensions ['colcon_pkg']
[0.260s] Level 1:colcon.colcon_core.package_identification:_identify(src/depthai-ros) by extension 'colcon_pkg'
[0.260s] Level 1:colcon.colcon_core.package_identification:_identify(src/depthai-ros) by extensions ['colcon_meta']
[0.260s] Level 1:colcon.colcon_core.package_identification:_identify(src/depthai-ros) by extension 'colcon_meta'
[0.260s] Level 1:colcon.colcon_core.package_identification:_identify(src/depthai-ros) by extensions ['ros']
[0.260s] Level 1:colcon.colcon_core.package_identification:_identify(src/depthai-ros) by extension 'ros'
[0.260s] Level 1:colcon.colcon_core.package_identification:_identify(src/depthai-ros) by extensions ['cmake', 'python']
[0.260s] Level 1:colcon.colcon_core.package_identification:_identify(src/depthai-ros) by extension 'cmake'
[0.260s] Level 1:colcon.colcon_core.package_identification:_identify(src/depthai-ros) by extension 'python'
[0.260s] Level 1:colcon.colcon_core.package_identification:_identify(src/depthai-ros) by extensions ['python_setup_py']
[0.260s] Level 1:colcon.colcon_core.package_identification:_identify(src/depthai-ros) by extension 'python_setup_py'
[0.261s] Level 1:colcon.colcon_core.package_identification:_identify(src/formas) by extensions ['ignore', 'ignore_ament_install']
[0.261s] Level 1:colcon.colcon_core.package_identification:_identify(src/formas) by extension 'ignore'
[0.261s] Level 1:colcon.colcon_core.package_identification:_identify(src/formas) by extension 'ignore_ament_install'
[0.261s] Level 1:colcon.colcon_core.package_identification:_identify(src/formas) by extensions ['colcon_pkg']
[0.261s] Level 1:colcon.colcon_core.package_identification:_identify(src/formas) by extension 'colcon_pkg'
[0.261s] Level 1:colcon.colcon_core.package_identification:_identify(src/formas) by extensions ['colcon_meta']
[0.261s] Level 1:colcon.colcon_core.package_identification:_identify(src/formas) by extension 'colcon_meta'
[0.261s] Level 1:colcon.colcon_core.package_identification:_identify(src/formas) by extensions ['ros']
[0.261s] Level 1:colcon.colcon_core.package_identification:_identify(src/formas) by extension 'ros'
[0.263s] DEBUG:colcon.colcon_core.package_identification:Package 'src/formas' with type 'ros.ament_python' and name 'formas'
[0.263s] Level 1:colcon.colcon_core.package_identification:_identify(src/tb4_sim) by extensions ['ignore', 'ignore_ament_install']
[0.263s] Level 1:colcon.colcon_core.package_identification:_identify(src/tb4_sim) by extension 'ignore'
[0.263s] Level 1:colcon.colcon_core.package_identification:_identify(src/tb4_sim) by extension 'ignore_ament_install'
[0.263s] Level 1:colcon.colcon_core.package_identification:_identify(src/tb4_sim) by extensions ['colcon_pkg']
[0.263s] Level 1:colcon.colcon_core.package_identification:_identify(src/tb4_sim) by extension 'colcon_pkg'
[0.263s] Level 1:colcon.colcon_core.package_identification:_identify(src/tb4_sim) by extensions ['colcon_meta']
[0.263s] Level 1:colcon.colcon_core.package_identification:_identify(src/tb4_sim) by extension 'colcon_meta'
[0.263s] Level 1:colcon.colcon_core.package_identification:_identify(src/tb4_sim) by extensions ['ros']
[0.263s] Level 1:colcon.colcon_core.package_identification:_identify(src/tb4_sim) by extension 'ros'
[0.264s] DEBUG:colcon.colcon_core.package_identification:Package 'src/tb4_sim' with type 'ros.ament_python' and name 'tb4_sim'
[0.264s] Level 1:colcon.colcon_core.package_discovery:discover_packages(recursive) using defaults
[0.264s] Level 1:colcon.colcon_core.package_discovery:discover_packages(ignore) discover
[0.264s] Level 1:colcon.colcon_core.package_discovery:discover_packages(ignore) using defaults
[0.264s] Level 1:colcon.colcon_core.package_discovery:discover_packages(path) discover
[0.264s] Level 1:colcon.colcon_core.package_discovery:discover_packages(path) using defaults
[0.293s] Level 1:colcon.colcon_core.package_discovery:discover_packages(prefix_path) check parameters
[0.293s] Level 1:colcon.colcon_core.package_discovery:discover_packages(prefix_path) discover
[0.294s] DEBUG:colcon.colcon_installed_package_information.package_discovery:Found 2 installed packages in /home/echedey/Desktop/TFG/TFGwebots_ws/install
[0.296s] DEBUG:colcon.colcon_installed_package_information.package_discovery:Found 488 installed packages in /opt/ros/humble
[0.298s] Level 1:colcon.colcon_core.package_discovery:discover_packages(prefix_path) using defaults
[0.343s] Level 5:colcon.colcon_core.verb:set package 'formas' build argument 'cmake_args' from command line to 'None'
[0.343s] Level 5:colcon.colcon_core.verb:set package 'formas' build argument 'cmake_target' from command line to 'None'
[0.343s] Level 5:colcon.colcon_core.verb:set package 'formas' build argument 'cmake_target_skip_unavailable' from command line to 'False'
[0.343s] Level 5:colcon.colcon_core.verb:set package 'formas' build argument 'cmake_clean_cache' from command line to 'False'
[0.343s] Level 5:colcon.colcon_core.verb:set package 'formas' build argument 'cmake_clean_first' from command line to 'False'
[0.343s] Level 5:colcon.colcon_core.verb:set package 'formas' build argument 'cmake_force_configure' from command line to 'False'
[0.343s] Level 5:colcon.colcon_core.verb:set package 'formas' build argument 'ament_cmake_args' from command line to 'None'
[0.343s] Level 5:colcon.colcon_core.verb:set package 'formas' build argument 'catkin_cmake_args' from command line to 'None'
[0.343s] Level 5:colcon.colcon_core.verb:set package 'formas' build argument 'catkin_skip_building_tests' from command line to 'False'
[0.343s] DEBUG:colcon.colcon_core.verb:Building package 'formas' with the following arguments: {'ament_cmake_args': None, 'build_base': '/home/echedey/Desktop/TFG/TFGwebots_ws/build/formas', 'catkin_cmake_args': None, 'catkin_skip_building_tests': False, 'cmake_args': None, 'cmake_clean_cache': False, 'cmake_clean_first': False, 'cmake_force_configure': False, 'cmake_target': None, 'cmake_target_skip_unavailable': False, 'install_base': '/home/echedey/Desktop/TFG/TFGwebots_ws/install/formas', 'merge_install': False, 'path': '/home/echedey/Desktop/TFG/TFGwebots_ws/src/formas', 'symlink_install': True, 'test_result_base': None}
[0.344s] Level 5:colcon.colcon_core.verb:set package 'tb4_sim' build argument 'cmake_args' from command line to 'None'
[0.344s] Level 5:colcon.colcon_core.verb:set package 'tb4_sim' build argument 'cmake_target' from command line to 'None'
[0.344s] Level 5:colcon.colcon_core.verb:set package 'tb4_sim' build argument 'cmake_target_skip_unavailable' from command line to 'False'
[0.344s] Level 5:colcon.colcon_core.verb:set package 'tb4_sim' build argument 'cmake_clean_cache' from command line to 'False'
[0.344s] Level 5:colcon.colcon_core.verb:set package 'tb4_sim' build argument 'cmake_clean_first' from command line to 'False'
[0.344s] Level 5:colcon.colcon_core.verb:set package 'tb4_sim' build argument 'cmake_force_configure' from command line to 'False'
[0.344s] Level 5:colcon.colcon_core.verb:set package 'tb4_sim' build argument 'ament_cmake_args' from command line to 'None'
[0.344s] Level 5:colcon.colcon_core.verb:set package 'tb4_sim' build argument 'catkin_cmake_args' from command line to 'None'
[0.344s] Level 5:colcon.colcon_core.verb:set package 'tb4_sim' build argument 'catkin_skip_building_tests' from command line to 'False'
[0.344s] DEBUG:colcon.colcon_core.verb:Building package 'tb4_sim' with the following arguments: {'ament_cmake_args': None, 'build_base': '/home/echedey/Desktop/TFG/TFGwebots_ws/build/tb4_sim', 'catkin_cmake_args': None, 'catkin_skip_building_tests': False, 'cmake_args': None, 'cmake_clean_cache': False, 'cmake_clean_first': False, 'cmake_force_configure': False, 'cmake_target': None, 'cmake_target_skip_unavailable': False, 'install_base': '/home/echedey/Desktop/TFG/TFGwebots_ws/install/tb4_sim', 'merge_install': False, 'path': '/home/echedey/Desktop/TFG/TFGwebots_ws/src/tb4_sim', 'symlink_install': True, 'test_result_base': None}
[0.344s] INFO:colcon.colcon_core.executor:Executing jobs using 'parallel' executor
[0.345s] DEBUG:colcon.colcon_parallel_executor.executor.parallel:run_until_complete
[0.345s] INFO:colcon.colcon_ros.task.ament_python.build:Building ROS package in '/home/echedey/Desktop/TFG/TFGwebots_ws/src/formas' with build type 'ament_python'
[0.345s] Level 1:colcon.colcon_core.shell:create_environment_hook('formas', 'ament_prefix_path')
[0.347s] INFO:colcon.colcon_core.plugin_system:Skipping extension 'colcon_core.shell.bat': Not used on non-Windows systems
[0.347s] INFO:colcon.colcon_core.shell:Creating environment hook '/home/echedey/Desktop/TFG/TFGwebots_ws/install/formas/share/formas/hook/ament_prefix_path.ps1'
[0.348s] INFO:colcon.colcon_core.shell:Creating environment descriptor '/home/echedey/Desktop/TFG/TFGwebots_ws/install/formas/share/formas/hook/ament_prefix_path.dsv'
[0.348s] INFO:colcon.colcon_core.shell:Creating environment hook '/home/echedey/Desktop/TFG/TFGwebots_ws/install/formas/share/formas/hook/ament_prefix_path.sh'
[0.349s] INFO:colcon.colcon_core.shell:Skip shell extension 'powershell' for command environment: Not usable outside of PowerShell
[0.349s] DEBUG:colcon.colcon_core.shell:Skip shell extension 'dsv' for command environment
[0.353s] INFO:colcon.colcon_ros.task.ament_python.build:Building ROS package in '/home/echedey/Desktop/TFG/TFGwebots_ws/src/tb4_sim' with build type 'ament_python'
[0.353s] Level 1:colcon.colcon_core.shell:create_environment_hook('tb4_sim', 'ament_prefix_path')
[0.353s] INFO:colcon.colcon_core.shell:Creating environment hook '/home/echedey/Desktop/TFG/TFGwebots_ws/install/tb4_sim/share/tb4_sim/hook/ament_prefix_path.ps1'
[0.354s] INFO:colcon.colcon_core.shell:Creating environment descriptor '/home/echedey/Desktop/TFG/TFGwebots_ws/install/tb4_sim/share/tb4_sim/hook/ament_prefix_path.dsv'
[0.354s] INFO:colcon.colcon_core.shell:Creating environment hook '/home/echedey/Desktop/TFG/TFGwebots_ws/install/tb4_sim/share/tb4_sim/hook/ament_prefix_path.sh'
[0.354s] INFO:colcon.colcon_core.shell:Skip shell extension 'powershell' for command environment: Not usable outside of PowerShell
[0.354s] DEBUG:colcon.colcon_core.shell:Skip shell extension 'dsv' for command environment
[0.614s] INFO:colcon.colcon_core.task.python.build:Building Python package in '/home/echedey/Desktop/TFG/TFGwebots_ws/src/formas'
[0.614s] INFO:colcon.colcon_core.shell:Skip shell extension 'powershell' for command environment: Not usable outside of PowerShell
[0.614s] DEBUG:colcon.colcon_core.shell:Skip shell extension 'dsv' for command environment
[0.844s] INFO:colcon.colcon_core.task.python.build:Building Python package in '/home/echedey/Desktop/TFG/TFGwebots_ws/src/tb4_sim'
[0.844s] INFO:colcon.colcon_core.shell:Skip shell extension 'powershell' for command environment: Not usable outside of PowerShell
[0.844s] DEBUG:colcon.colcon_core.shell:Skip shell extension 'dsv' for command environment
[1.165s] DEBUG:colcon.colcon_core.event_handler.log_command:Invoking command in '/home/echedey/Desktop/TFG/TFGwebots_ws/build/tb4_sim': PYTHONPATH=/home/echedey/Desktop/TFG/TFGwebots_ws/build/tb4_sim/prefix_override:/usr/lib/python3/dist-packages/colcon_core/task/python/colcon_distutils_commands:/home/echedey/Desktop/TFG/TFGwebots_ws/install/tb4_sim/lib/python3.10/site-packages:${PYTHONPATH} /usr/bin/python3 -W ignore:setup.py install is deprecated -W ignore:easy_install command is deprecated setup.py develop --editable --build-directory /home/echedey/Desktop/TFG/TFGwebots_ws/build/tb4_sim/build --no-deps symlink_data
[1.169s] DEBUG:colcon.colcon_core.event_handler.log_command:Invoking command in '/home/echedey/Desktop/TFG/TFGwebots_ws/build/formas': PYTHONPATH=/home/echedey/Desktop/TFG/TFGwebots_ws/build/formas/prefix_override:/usr/lib/python3/dist-packages/colcon_core/task/python/colcon_distutils_commands:/home/echedey/Desktop/TFG/TFGwebots_ws/install/formas/lib/python3.10/site-packages:${PYTHONPATH} /usr/bin/python3 -W ignore:setup.py install is deprecated -W ignore:easy_install command is deprecated setup.py develop --editable --build-directory /home/echedey/Desktop/TFG/TFGwebots_ws/build/formas/build --no-deps symlink_data
[1.589s] Level 1:colcon.colcon_core.shell:create_environment_hook('formas', 'pythonpath_develop')
[1.589s] DEBUG:colcon.colcon_core.event_handler.log_command:Invoked command in '/home/echedey/Desktop/TFG/TFGwebots_ws/build/formas' returned '0': PYTHONPATH=/home/echedey/Desktop/TFG/TFGwebots_ws/build/formas/prefix_override:/usr/lib/python3/dist-packages/colcon_core/task/python/colcon_distutils_commands:/home/echedey/Desktop/TFG/TFGwebots_ws/install/formas/lib/python3.10/site-packages:${PYTHONPATH} /usr/bin/python3 -W ignore:setup.py install is deprecated -W ignore:easy_install command is deprecated setup.py develop --editable --build-directory /home/echedey/Desktop/TFG/TFGwebots_ws/build/formas/build --no-deps symlink_data
[1.589s] INFO:colcon.colcon_core.shell:Creating environment hook '/home/echedey/Desktop/TFG/TFGwebots_ws/build/formas/share/formas/hook/pythonpath_develop.ps1'
[1.590s] INFO:colcon.colcon_core.shell:Creating environment descriptor '/home/echedey/Desktop/TFG/TFGwebots_ws/build/formas/share/formas/hook/pythonpath_develop.dsv'
[1.590s] INFO:colcon.colcon_core.shell:Creating environment hook '/home/echedey/Desktop/TFG/TFGwebots_ws/build/formas/share/formas/hook/pythonpath_develop.sh'
[1.592s] Level 1:colcon.colcon_core.environment:checking '/home/echedey/Desktop/TFG/TFGwebots_ws/install/formas' for CMake module files
[1.593s] Level 1:colcon.colcon_core.environment:checking '/home/echedey/Desktop/TFG/TFGwebots_ws/install/formas' for CMake config files
[1.593s] Level 1:colcon.colcon_core.environment:checking '/home/echedey/Desktop/TFG/TFGwebots_ws/install/formas/lib'
[1.593s] Level 1:colcon.colcon_core.environment:checking '/home/echedey/Desktop/TFG/TFGwebots_ws/install/formas/bin'
[1.594s] Level 1:colcon.colcon_core.environment:checking '/home/echedey/Desktop/TFG/TFGwebots_ws/install/formas/lib/pkgconfig/formas.pc'
[1.594s] Level 1:colcon.colcon_core.environment:checking '/home/echedey/Desktop/TFG/TFGwebots_ws/install/formas/lib/python3.10/site-packages'
[1.594s] Level 1:colcon.colcon_core.shell:create_environment_hook('formas', 'pythonpath')
[1.594s] INFO:colcon.colcon_core.shell:Creating environment hook '/home/echedey/Desktop/TFG/TFGwebots_ws/install/formas/share/formas/hook/pythonpath.ps1'
[1.594s] INFO:colcon.colcon_core.shell:Creating environment descriptor '/home/echedey/Desktop/TFG/TFGwebots_ws/install/formas/share/formas/hook/pythonpath.dsv'
[1.595s] INFO:colcon.colcon_core.shell:Creating environment hook '/home/echedey/Desktop/TFG/TFGwebots_ws/install/formas/share/formas/hook/pythonpath.sh'
[1.595s] Level 1:colcon.colcon_core.environment:checking '/home/echedey/Desktop/TFG/TFGwebots_ws/install/formas/bin'
[1.595s] Level 1:colcon.colcon_core.environment:create_environment_scripts_only(formas)
[1.595s] INFO:colcon.colcon_core.shell:Creating package script '/home/echedey/Desktop/TFG/TFGwebots_ws/install/formas/share/formas/package.ps1'
[1.596s] INFO:colcon.colcon_core.shell:Creating package descriptor '/home/echedey/Desktop/TFG/TFGwebots_ws/install/formas/share/formas/package.dsv'
[1.596s] INFO:colcon.colcon_core.shell:Creating package script '/home/echedey/Desktop/TFG/TFGwebots_ws/install/formas/share/formas/package.sh'
[1.597s] INFO:colcon.colcon_core.shell:Creating package script '/home/echedey/Desktop/TFG/TFGwebots_ws/install/formas/share/formas/package.bash'
[1.598s] INFO:colcon.colcon_core.shell:Creating package script '/home/echedey/Desktop/TFG/TFGwebots_ws/install/formas/share/formas/package.zsh'
[1.598s] Level 1:colcon.colcon_core.environment:create_file_with_runtime_dependencies(/home/echedey/Desktop/TFG/TFGwebots_ws/install/formas/share/colcon-core/packages/formas)
[1.600s] Level 1:colcon.colcon_core.shell:create_environment_hook('tb4_sim', 'pythonpath_develop')
[1.600s] DEBUG:colcon.colcon_core.event_handler.log_command:Invoked command in '/home/echedey/Desktop/TFG/TFGwebots_ws/build/tb4_sim' returned '0': PYTHONPATH=/home/echedey/Desktop/TFG/TFGwebots_ws/build/tb4_sim/prefix_override:/usr/lib/python3/dist-packages/colcon_core/task/python/colcon_distutils_commands:/home/echedey/Desktop/TFG/TFGwebots_ws/install/tb4_sim/lib/python3.10/site-packages:${PYTHONPATH} /usr/bin/python3 -W ignore:setup.py install is deprecated -W ignore:easy_install command is deprecated setup.py develop --editable --build-directory /home/echedey/Desktop/TFG/TFGwebots_ws/build/tb4_sim/build --no-deps symlink_data
[1.600s] INFO:colcon.colcon_core.shell:Creating environment hook '/home/echedey/Desktop/TFG/TFGwebots_ws/build/tb4_sim/share/tb4_sim/hook/pythonpath_develop.ps1'
[1.601s] INFO:colcon.colcon_core.shell:Creating environment descriptor '/home/echedey/Desktop/TFG/TFGwebots_ws/build/tb4_sim/share/tb4_sim/hook/pythonpath_develop.dsv'
[1.601s] INFO:colcon.colcon_core.shell:Creating environment hook '/home/echedey/Desktop/TFG/TFGwebots_ws/build/tb4_sim/share/tb4_sim/hook/pythonpath_develop.sh'
[1.602s] Level 1:colcon.colcon_core.environment:checking '/home/echedey/Desktop/TFG/TFGwebots_ws/install/tb4_sim' for CMake module files
[1.602s] Level 1:colcon.colcon_core.environment:checking '/home/echedey/Desktop/TFG/TFGwebots_ws/install/tb4_sim' for CMake config files
[1.602s] Level 1:colcon.colcon_core.environment:checking '/home/echedey/Desktop/TFG/TFGwebots_ws/install/tb4_sim/lib'
[1.602s] Level 1:colcon.colcon_core.environment:checking '/home/echedey/Desktop/TFG/TFGwebots_ws/install/tb4_sim/bin'
[1.602s] Level 1:colcon.colcon_core.environment:checking '/home/echedey/Desktop/TFG/TFGwebots_ws/install/tb4_sim/lib/pkgconfig/tb4_sim.pc'
[1.603s] Level 1:colcon.colcon_core.environment:checking '/home/echedey/Desktop/TFG/TFGwebots_ws/install/tb4_sim/lib/python3.10/site-packages'
[1.603s] Level 1:colcon.colcon_core.shell:create_environment_hook('tb4_sim', 'pythonpath')
[1.603s] INFO:colcon.colcon_core.shell:Creating environment hook '/home/echedey/Desktop/TFG/TFGwebots_ws/install/tb4_sim/share/tb4_sim/hook/pythonpath.ps1'
[1.603s] INFO:colcon.colcon_core.shell:Creating environment descriptor '/home/echedey/Desktop/TFG/TFGwebots_ws/install/tb4_sim/share/tb4_sim/hook/pythonpath.dsv'
[1.603s] INFO:colcon.colcon_core.shell:Creating environment hook '/home/echedey/Desktop/TFG/TFGwebots_ws/install/tb4_sim/share/tb4_sim/hook/pythonpath.sh'
[1.604s] Level 1:colcon.colcon_core.environment:checking '/home/echedey/Desktop/TFG/TFGwebots_ws/install/tb4_sim/bin'
[1.604s] Level 1:colcon.colcon_core.environment:create_environment_scripts_only(tb4_sim)
[1.604s] INFO:colcon.colcon_core.shell:Creating package script '/home/echedey/Desktop/TFG/TFGwebots_ws/install/tb4_sim/share/tb4_sim/package.ps1'
[1.605s] INFO:colcon.colcon_core.shell:Creating package descriptor '/home/echedey/Desktop/TFG/TFGwebots_ws/install/tb4_sim/share/tb4_sim/package.dsv'
[1.605s] INFO:colcon.colcon_core.shell:Creating package script '/home/echedey/Desktop/TFG/TFGwebots_ws/install/tb4_sim/share/tb4_sim/package.sh'
[1.605s] INFO:colcon.colcon_core.shell:Creating package script '/home/echedey/Desktop/TFG/TFGwebots_ws/install/tb4_sim/share/tb4_sim/package.bash'
[1.606s] INFO:colcon.colcon_core.shell:Creating package script '/home/echedey/Desktop/TFG/TFGwebots_ws/install/tb4_sim/share/tb4_sim/package.zsh'
[1.606s] Level 1:colcon.colcon_core.environment:create_file_with_runtime_dependencies(/home/echedey/Desktop/TFG/TFGwebots_ws/install/tb4_sim/share/colcon-core/packages/tb4_sim)
[1.606s] DEBUG:colcon.colcon_parallel_executor.executor.parallel:closing loop
[1.607s] DEBUG:colcon.colcon_parallel_executor.executor.parallel:loop closed
[1.607s] DEBUG:colcon.colcon_parallel_executor.executor.parallel:run_until_complete finished with '0'
[1.607s] DEBUG:colcon.colcon_core.event_reactor:joining thread
[1.612s] INFO:colcon.colcon_core.plugin_system:Skipping extension 'colcon_notification.desktop_notification.terminal_notifier': Not used on non-Darwin systems
[1.612s] INFO:colcon.colcon_core.plugin_system:Skipping extension 'colcon_notification.desktop_notification.win32': Not used on non-Windows systems
[1.612s] INFO:colcon.colcon_notification.desktop_notification:Sending desktop notification using 'notify2'
[1.622s] DEBUG:colcon.colcon_core.event_reactor:joined thread
[1.623s] INFO:colcon.colcon_core.shell:Creating prefix script '/home/echedey/Desktop/TFG/TFGwebots_ws/install/local_setup.ps1'
[1.625s] INFO:colcon.colcon_core.shell:Creating prefix util module '/home/echedey/Desktop/TFG/TFGwebots_ws/install/_local_setup_util_ps1.py'
[1.626s] INFO:colcon.colcon_core.shell:Creating prefix chain script '/home/echedey/Desktop/TFG/TFGwebots_ws/install/setup.ps1'
[1.626s] INFO:colcon.colcon_core.shell:Creating prefix script '/home/echedey/Desktop/TFG/TFGwebots_ws/install/local_setup.sh'
[1.627s] INFO:colcon.colcon_core.shell:Creating prefix util module '/home/echedey/Desktop/TFG/TFGwebots_ws/install/_local_setup_util_sh.py'
[1.627s] INFO:colcon.colcon_core.shell:Creating prefix chain script '/home/echedey/Desktop/TFG/TFGwebots_ws/install/setup.sh'
[1.628s] INFO:colcon.colcon_core.shell:Creating prefix script '/home/echedey/Desktop/TFG/TFGwebots_ws/install/local_setup.bash'
[1.629s] INFO:colcon.colcon_core.shell:Creating prefix chain script '/home/echedey/Desktop/TFG/TFGwebots_ws/install/setup.bash'
[1.629s] INFO:colcon.colcon_core.shell:Creating prefix script '/home/echedey/Desktop/TFG/TFGwebots_ws/install/local_setup.zsh'
[1.630s] INFO:colcon.colcon_core.shell:Creating prefix chain script '/home/echedey/Desktop/TFG/TFGwebots_ws/install/setup.zsh'
