[0.770s] Invoking command in '/home/echedey/Desktop/TFG/TFGwebots_ws/src/tb4_sim': PYTHONPATH=/home/echedey/Desktop/TFG/TFGwebots_ws/build/tb4_sim/prefix_override:/usr/lib/python3/dist-packages/colcon_core/task/python/colcon_distutils_commands:/home/echedey/Desktop/TFG/TFGwebots_ws/install/tb4_sim/lib/python3.10/site-packages:${PYTHONPATH} /usr/bin/python3 -W ignore:setup.py install is deprecated -W ignore:easy_install command is deprecated setup.py egg_info --egg-base ../../build/tb4_sim build --build-base /home/echedey/Desktop/TFG/TFGwebots_ws/build/tb4_sim/build install --record /home/echedey/Desktop/TFG/TFGwebots_ws/build/tb4_sim/install.log --single-version-externally-managed install_data
[0.974s] running egg_info
[0.975s] writing ../../build/tb4_sim/tb4_sim.egg-info/PKG-INFO
[0.975s] writing dependency_links to ../../build/tb4_sim/tb4_sim.egg-info/dependency_links.txt
[0.975s] writing entry points to ../../build/tb4_sim/tb4_sim.egg-info/entry_points.txt
[0.975s] writing requirements to ../../build/tb4_sim/tb4_sim.egg-info/requires.txt
[0.975s] writing top-level names to ../../build/tb4_sim/tb4_sim.egg-info/top_level.txt
[0.976s] reading manifest file '../../build/tb4_sim/tb4_sim.egg-info/SOURCES.txt'
[0.977s] writing manifest file '../../build/tb4_sim/tb4_sim.egg-info/SOURCES.txt'
[0.977s] running build
[0.977s] running build_py
[0.977s] running install
[0.978s] running install_lib
[0.979s] running install_data
[0.979s] running install_egg_info
[0.980s] removing '/home/echedey/Desktop/TFG/TFGwebots_ws/install/tb4_sim/lib/python3.10/site-packages/tb4_sim-0.1.0-py3.10.egg-info' (and everything under it)
[0.980s] Copying ../../build/tb4_sim/tb4_sim.egg-info to /home/echedey/Desktop/TFG/TFGwebots_ws/install/tb4_sim/lib/python3.10/site-packages/tb4_sim-0.1.0-py3.10.egg-info
[0.981s] running install_scripts
[0.998s] writing list of installed files to '/home/echedey/Desktop/TFG/TFGwebots_ws/build/tb4_sim/install.log'
[1.030s] Invoked command in '/home/echedey/Desktop/TFG/TFGwebots_ws/src/tb4_sim' returned '0': PYTHONPATH=/home/echedey/Desktop/TFG/TFGwebots_ws/build/tb4_sim/prefix_override:/usr/lib/python3/dist-packages/colcon_core/task/python/colcon_distutils_commands:/home/echedey/Desktop/TFG/TFGwebots_ws/install/tb4_sim/lib/python3.10/site-packages:${PYTHONPATH} /usr/bin/python3 -W ignore:setup.py install is deprecated -W ignore:easy_install command is deprecated setup.py egg_info --egg-base ../../build/tb4_sim build --build-base /home/echedey/Desktop/TFG/TFGwebots_ws/build/tb4_sim/build install --record /home/echedey/Desktop/TFG/TFGwebots_ws/build/tb4_sim/install.log --single-version-externally-managed install_data
