[0.869s] Invoking command in '/home/echedey/Desktop/TFG/TFGwebots_ws/build/tb4_sim': PYTHONPATH=/home/echedey/Desktop/TFG/TFGwebots_ws/build/tb4_sim/prefix_override:/usr/lib/python3/dist-packages/colcon_core/task/python/colcon_distutils_commands:/home/echedey/Desktop/TFG/TFGwebots_ws/install/tb4_sim/lib/python3.10/site-packages:${PYTHONPATH} /usr/bin/python3 -W ignore:setup.py install is deprecated -W ignore:easy_install command is deprecated setup.py develop --editable --build-directory /home/echedey/Desktop/TFG/TFGwebots_ws/build/tb4_sim/build --no-deps symlink_data --force
[1.116s] running develop
[1.286s] running egg_info
[1.286s] writing tb4_sim.egg-info/PKG-INFO
[1.286s] writing dependency_links to tb4_sim.egg-info/dependency_links.txt
[1.286s] writing entry points to tb4_sim.egg-info/entry_points.txt
[1.287s] writing requirements to tb4_sim.egg-info/requires.txt
[1.287s] writing top-level names to tb4_sim.egg-info/top_level.txt
[1.288s] reading manifest file 'tb4_sim.egg-info/SOURCES.txt'
[1.289s] writing manifest file 'tb4_sim.egg-info/SOURCES.txt'
[1.291s] running build_ext
[1.292s] Creating /home/echedey/Desktop/TFG/TFGwebots_ws/install/tb4_sim/lib/python3.10/site-packages/tb4-sim.egg-link (link to .)
[1.293s] 
[1.293s] Installed /home/echedey/Desktop/TFG/TFGwebots_ws/build/tb4_sim
[1.293s] running symlink_data
[1.293s] symbolically linking /home/echedey/Desktop/TFG/TFGwebots_ws/build/tb4_sim/resource/tb4_sim -> /home/echedey/Desktop/TFG/TFGwebots_ws/install/tb4_sim/share/ament_index/resource_index/packages
[1.293s] symbolically linking /home/echedey/Desktop/TFG/TFGwebots_ws/build/tb4_sim/launch/tb4_launcher.py -> /home/echedey/Desktop/TFG/TFGwebots_ws/install/tb4_sim/share/tb4_sim/launch
[1.293s] symbolically linking /home/echedey/Desktop/TFG/TFGwebots_ws/build/tb4_sim/resource/tb4_raw.urdf -> /home/echedey/Desktop/TFG/TFGwebots_ws/install/tb4_sim/share/tb4_sim/resource
[1.293s] symbolically linking /home/echedey/Desktop/TFG/TFGwebots_ws/build/tb4_sim/resource/tb4_webots.xacro -> /home/echedey/Desktop/TFG/TFGwebots_ws/install/tb4_sim/share/tb4_sim/resource
[1.294s] symbolically linking /home/echedey/Desktop/TFG/TFGwebots_ws/build/tb4_sim/resource/tb4_control.yaml -> /home/echedey/Desktop/TFG/TFGwebots_ws/install/tb4_sim/share/tb4_sim/resource
[1.294s] symbolically linking /home/echedey/Desktop/TFG/TFGwebots_ws/build/tb4_sim/resource/helper.xacro -> /home/echedey/Desktop/TFG/TFGwebots_ws/install/tb4_sim/share/tb4_sim/resource
[1.294s] symbolically linking /home/echedey/Desktop/TFG/TFGwebots_ws/build/tb4_sim/worlds/house.wbt -> /home/echedey/Desktop/TFG/TFGwebots_ws/install/tb4_sim/share/tb4_sim/worlds
[1.294s] symbolically linking /home/echedey/Desktop/TFG/TFGwebots_ws/build/tb4_sim/package.xml -> /home/echedey/Desktop/TFG/TFGwebots_ws/install/tb4_sim/share/tb4_sim
[1.339s] Invoked command in '/home/echedey/Desktop/TFG/TFGwebots_ws/build/tb4_sim' returned '0': PYTHONPATH=/home/echedey/Desktop/TFG/TFGwebots_ws/build/tb4_sim/prefix_override:/usr/lib/python3/dist-packages/colcon_core/task/python/colcon_distutils_commands:/home/echedey/Desktop/TFG/TFGwebots_ws/install/tb4_sim/lib/python3.10/site-packages:${PYTHONPATH} /usr/bin/python3 -W ignore:setup.py install is deprecated -W ignore:easy_install command is deprecated setup.py develop --editable --build-directory /home/echedey/Desktop/TFG/TFGwebots_ws/build/tb4_sim/build --no-deps symlink_data --force
