[1.600s] Invoking command in '/home/echedey/Desktop/TFG/TFGwebots_ws/src/formas': PYTHONPATH=/home/echedey/Desktop/TFG/TFGwebots_ws/build/formas/prefix_override:/usr/lib/python3/dist-packages/colcon_core/task/python/colcon_distutils_commands:/home/echedey/Desktop/TFG/TFGwebots_ws/install/formas/lib/python3.10/site-packages:${PYTHONPATH} /usr/bin/python3 -W ignore:setup.py install is deprecated -W ignore:easy_install command is deprecated setup.py egg_info --egg-base ../../build/formas build --build-base /home/echedey/Desktop/TFG/TFGwebots_ws/build/formas/build install --record /home/echedey/Desktop/TFG/TFGwebots_ws/build/formas/install.log --single-version-externally-managed install_data
[2.011s] running egg_info
[2.014s] writing ../../build/formas/formas.egg-info/PKG-INFO
[2.014s] writing dependency_links to ../../build/formas/formas.egg-info/dependency_links.txt
[2.014s] writing entry points to ../../build/formas/formas.egg-info/entry_points.txt
[2.014s] writing requirements to ../../build/formas/formas.egg-info/requires.txt
[2.014s] writing top-level names to ../../build/formas/formas.egg-info/top_level.txt
[2.018s] reading manifest file '../../build/formas/formas.egg-info/SOURCES.txt'
[2.020s] writing manifest file '../../build/formas/formas.egg-info/SOURCES.txt'
[2.020s] running build
[2.020s] running build_py
[2.020s] copying formas/linea_recta.py -> /home/echedey/Desktop/TFG/TFGwebots_ws/build/formas/build/lib/formas
[2.021s] running install
[2.022s] running install_lib
[2.023s] copying /home/echedey/Desktop/TFG/TFGwebots_ws/build/formas/build/lib/formas/linea_recta.py -> /home/echedey/Desktop/TFG/TFGwebots_ws/install/formas/lib/python3.10/site-packages/formas
[2.025s] byte-compiling /home/echedey/Desktop/TFG/TFGwebots_ws/install/formas/lib/python3.10/site-packages/formas/linea_recta.py to linea_recta.cpython-310.pyc
[2.027s] running install_data
[2.027s] running install_egg_info
[2.032s] removing '/home/echedey/Desktop/TFG/TFGwebots_ws/install/formas/lib/python3.10/site-packages/formas-0.0.0-py3.10.egg-info' (and everything under it)
[2.032s] Copying ../../build/formas/formas.egg-info to /home/echedey/Desktop/TFG/TFGwebots_ws/install/formas/lib/python3.10/site-packages/formas-0.0.0-py3.10.egg-info
[2.035s] running install_scripts
[2.080s] Installing cuadrado script to /home/echedey/Desktop/TFG/TFGwebots_ws/install/formas/lib/formas
[2.080s] Installing linea_recta script to /home/echedey/Desktop/TFG/TFGwebots_ws/install/formas/lib/formas
[2.080s] Installing sala script to /home/echedey/Desktop/TFG/TFGwebots_ws/install/formas/lib/formas
[2.081s] writing list of installed files to '/home/echedey/Desktop/TFG/TFGwebots_ws/build/formas/install.log'
[2.147s] Invoked command in '/home/echedey/Desktop/TFG/TFGwebots_ws/src/formas' returned '0': PYTHONPATH=/home/echedey/Desktop/TFG/TFGwebots_ws/build/formas/prefix_override:/usr/lib/python3/dist-packages/colcon_core/task/python/colcon_distutils_commands:/home/echedey/Desktop/TFG/TFGwebots_ws/install/formas/lib/python3.10/site-packages:${PYTHONPATH} /usr/bin/python3 -W ignore:setup.py install is deprecated -W ignore:easy_install command is deprecated setup.py egg_info --egg-base ../../build/formas build --build-base /home/echedey/Desktop/TFG/TFGwebots_ws/build/formas/build install --record /home/echedey/Desktop/TFG/TFGwebots_ws/build/formas/install.log --single-version-externally-managed install_data
